Running SLURM prolog script on pink51.cluster.local
===============================================================================
Job started on Sun Mar  2 17:47:58 GMT 2025
Job ID          : 7126556
Job name        : Re100wcp_col5000TL150
WorkDir         : /mainfs/lyceum/fe1g22
Command         : /mainfs/lyceum/fe1g22/TL-PINN-training.slurm
Partition       : lyceum
Num hosts       : 1
Num cores       : 8
Num of tasks    : 1
Hosts allocated : pink51
Job Output Follows ...
===============================================================================
Sun Mar  2 17:48:02 2025       
+---------------------------------------------------------------------------------------+
| NVIDIA-SMI 535.104.05             Driver Version: 535.104.05   CUDA Version: 12.2     |
|-----------------------------------------+----------------------+----------------------+
| GPU  Name                 Persistence-M | Bus-Id        Disp.A | Volatile Uncorr. ECC |
| Fan  Temp   Perf          Pwr:Usage/Cap |         Memory-Usage | GPU-Util  Compute M. |
|                                         |                      |               MIG M. |
|=========================================+======================+======================|
|   0  NVIDIA GeForce GTX 1080 Ti     Off | 00000000:02:00.0 Off |                  N/A |
| 24%   35C    P8               9W / 250W |      0MiB / 11264MiB |      0%      Default |
|                                         |                      |                  N/A |
+-----------------------------------------+----------------------+----------------------+
                                                                                         
+---------------------------------------------------------------------------------------+
| Processes:                                                                            |
|  GPU   GI   CI        PID   Type   Process name                            GPU Memory |
|        ID   ID                                                             Usage      |
|=======================================================================================|
|  No running processes found                                                           |
+---------------------------------------------------------------------------------------+
GPU detected and configured.
Configuration loaded.
Loading cached data from temp/data_re150_35x15x10.npz
Data loaded from temp/data_re150_35x15x10.npz
Found 10 models.
Processing model: models/Re100wcp/Re100wcp_10000.npz
Model loaded from models/Re100wcp/Re100wcp_10000.npz
Frozen Layers: [1, 2]
Training Model...
It: 0, Loss: 7.359e-03, l1: 1.067, l2: 0.00818, Time: 12.72
It: 1000, Loss: 3.096e-03, l1: 1.056, l2: 0.00959, Time: 30.75
It: 2000, Loss: 2.914e-03, l1: 1.059, l2: 0.00966, Time: 29.46
It: 3000, Loss: 2.824e-03, l1: 1.061, l2: 0.00968, Time: 31.76
It: 4000, Loss: 2.793e-03, l1: 1.062, l2: 0.00971, Time: 32.78
It: 5000, Loss: 2.730e-03, l1: 1.062, l2: 0.00970, Time: 32.93
It: 6000, Loss: 2.703e-03, l1: 1.063, l2: 0.00969, Time: 29.34
It: 7000, Loss: 2.667e-03, l1: 1.064, l2: 0.00970, Time: 29.26
It: 8000, Loss: 2.647e-03, l1: 1.064, l2: 0.00968, Time: 29.41
It: 9000, Loss: 2.638e-03, l1: 1.064, l2: 0.00970, Time: 29.45
It: 10000, Loss: 2.627e-03, l1: 1.065, l2: 0.00971, Time: 29.40
Model saved to models/Re100wcp/Re100wcp_10000.npz
It: 11000, Loss: 2.597e-03, l1: 1.064, l2: 0.00970, Time: 29.37
It: 12000, Loss: 2.594e-03, l1: 1.065, l2: 0.00971, Time: 29.32
It: 13000, Loss: 2.626e-03, l1: 1.065, l2: 0.00968, Time: 29.27
It: 14000, Loss: 2.568e-03, l1: 1.065, l2: 0.00970, Time: 33.06
It: 15000, Loss: 2.553e-03, l1: 1.065, l2: 0.00970, Time: 29.67
It: 16000, Loss: 2.650e-03, l1: 1.065, l2: 0.00971, Time: 29.61
It: 17000, Loss: 2.542e-03, l1: 1.065, l2: 0.00969, Time: 29.66
It: 18000, Loss: 2.545e-03, l1: 1.065, l2: 0.00972, Time: 29.66
It: 19000, Loss: 2.559e-03, l1: 1.065, l2: 0.00969, Time: 29.64
It: 20000, Loss: 2.545e-03, l1: 1.065, l2: 0.00966, Time: 29.52
Model saved to models/Re100wcp/Re100wcp_20000.npz
It: 21000, Loss: 2.510e-03, l1: 1.065, l2: 0.00971, Time: 29.52
It: 22000, Loss: 2.503e-03, l1: 1.066, l2: 0.00971, Time: 29.48
It: 23000, Loss: 2.499e-03, l1: 1.066, l2: 0.00971, Time: 29.30
It: 24000, Loss: 2.565e-03, l1: 1.066, l2: 0.00969, Time: 29.27
It: 25000, Loss: 2.781e-03, l1: 1.065, l2: 0.00979, Time: 29.43
It: 26000, Loss: 2.531e-03, l1: 1.066, l2: 0.00966, Time: 29.40
It: 27000, Loss: 2.688e-03, l1: 1.065, l2: 0.00977, Time: 29.31
It: 28000, Loss: 2.474e-03, l1: 1.066, l2: 0.00970, Time: 29.24
It: 29000, Loss: 2.472e-03, l1: 1.066, l2: 0.00971, Time: 29.29
It: 30000, Loss: 2.465e-03, l1: 1.066, l2: 0.00971, Time: 29.24
Model saved to models/Re100wcp/Re100wcp_30000.npz
It: 31000, Loss: 2.460e-03, l1: 1.066, l2: 0.00969, Time: 29.24
It: 32000, Loss: 2.455e-03, l1: 1.066, l2: 0.00970, Time: 29.29
It: 33000, Loss: 2.523e-03, l1: 1.065, l2: 0.00967, Time: 29.41
It: 34000, Loss: 2.454e-03, l1: 1.066, l2: 0.00968, Time: 29.42
It: 35000, Loss: 2.487e-03, l1: 1.065, l2: 0.00966, Time: 29.44
It: 36000, Loss: 2.602e-03, l1: 1.065, l2: 0.00960, Time: 29.43
It: 37000, Loss: 2.479e-03, l1: 1.065, l2: 0.00971, Time: 29.43
It: 38000, Loss: 2.433e-03, l1: 1.066, l2: 0.00971, Time: 29.47
It: 39000, Loss: 2.476e-03, l1: 1.065, l2: 0.00967, Time: 29.44
It: 40000, Loss: 2.428e-03, l1: 1.066, l2: 0.00971, Time: 29.29
Model saved to models/Re100wcp/Re100wcp_40000.npz
It: 41000, Loss: 2.443e-03, l1: 1.066, l2: 0.00973, Time: 29.35
It: 42000, Loss: 2.425e-03, l1: 1.066, l2: 0.00970, Time: 29.41
It: 43000, Loss: 2.420e-03, l1: 1.066, l2: 0.00969, Time: 29.49
It: 44000, Loss: 2.431e-03, l1: 1.065, l2: 0.00969, Time: 29.46
It: 45000, Loss: 2.420e-03, l1: 1.066, l2: 0.00972, Time: 29.41
It: 46000, Loss: 2.409e-03, l1: 1.066, l2: 0.00971, Time: 29.16
It: 47000, Loss: 2.596e-03, l1: 1.066, l2: 0.00979, Time: 29.14
It: 48000, Loss: 2.407e-03, l1: 1.066, l2: 0.00972, Time: 29.12
It: 49000, Loss: 2.410e-03, l1: 1.065, l2: 0.00971, Time: 29.11
It: 50000, Loss: 2.400e-03, l1: 1.066, l2: 0.00971, Time: 29.14
Model saved to models/Re100wcp/Re100wcp_50000.npz
It: 51000, Loss: 2.722e-03, l1: 1.066, l2: 0.00961, Time: 29.27
It: 52000, Loss: 2.395e-03, l1: 1.066, l2: 0.00973, Time: 29.25
It: 53000, Loss: 2.400e-03, l1: 1.066, l2: 0.00970, Time: 29.25
It: 54000, Loss: 2.390e-03, l1: 1.066, l2: 0.00973, Time: 29.28
It: 55000, Loss: 2.510e-03, l1: 1.066, l2: 0.00967, Time: 29.08
It: 56000, Loss: 2.610e-03, l1: 1.066, l2: 0.00983, Time: 29.25
It: 57000, Loss: 2.392e-03, l1: 1.065, l2: 0.00966, Time: 29.29
It: 58000, Loss: 2.381e-03, l1: 1.066, l2: 0.00972, Time: 29.29
It: 59000, Loss: 2.378e-03, l1: 1.066, l2: 0.00973, Time: 29.27
It: 60000, Loss: 2.379e-03, l1: 1.066, l2: 0.00974, Time: 29.24
Model saved to models/Re100wcp/Re100wcp_60000.npz
It: 61000, Loss: 2.375e-03, l1: 1.066, l2: 0.00973, Time: 29.19
It: 62000, Loss: 2.420e-03, l1: 1.066, l2: 0.00969, Time: 29.17
It: 63000, Loss: 2.386e-03, l1: 1.066, l2: 0.00970, Time: 29.15
It: 64000, Loss: 2.369e-03, l1: 1.066, l2: 0.00975, Time: 29.18
It: 65000, Loss: 2.367e-03, l1: 1.066, l2: 0.00974, Time: 29.06
It: 66000, Loss: 2.365e-03, l1: 1.066, l2: 0.00973, Time: 28.88
It: 67000, Loss: 2.363e-03, l1: 1.066, l2: 0.00974, Time: 29.08
It: 68000, Loss: 2.361e-03, l1: 1.066, l2: 0.00974, Time: 29.22
It: 69000, Loss: 2.359e-03, l1: 1.066, l2: 0.00974, Time: 29.13
It: 70000, Loss: 2.369e-03, l1: 1.066, l2: 0.00972, Time: 29.18
Model saved to models/Re100wcp/Re100wcp_70000.npz
It: 71000, Loss: 2.432e-03, l1: 1.066, l2: 0.00973, Time: 29.20
It: 72000, Loss: 2.354e-03, l1: 1.066, l2: 0.00974, Time: 29.21
It: 73000, Loss: 2.353e-03, l1: 1.066, l2: 0.00974, Time: 29.22
It: 74000, Loss: 2.351e-03, l1: 1.066, l2: 0.00974, Time: 29.35
It: 75000, Loss: 2.411e-03, l1: 1.066, l2: 0.00972, Time: 29.08
It: 76000, Loss: 2.361e-03, l1: 1.066, l2: 0.00969, Time: 29.21
It: 77000, Loss: 2.347e-03, l1: 1.066, l2: 0.00974, Time: 29.26
It: 78000, Loss: 2.354e-03, l1: 1.066, l2: 0.00972, Time: 29.21
It: 79000, Loss: 2.345e-03, l1: 1.066, l2: 0.00972, Time: 29.41
It: 80000, Loss: 2.344e-03, l1: 1.066, l2: 0.00972, Time: 29.96
Model saved to models/Re100wcp/Re100wcp_80000.npz
It: 81000, Loss: 2.542e-03, l1: 1.066, l2: 0.00983, Time: 30.40
It: 82000, Loss: 2.348e-03, l1: 1.066, l2: 0.00973, Time: 29.28
It: 83000, Loss: 2.393e-03, l1: 1.066, l2: 0.00975, Time: 29.19
It: 84000, Loss: 2.622e-03, l1: 1.066, l2: 0.00969, Time: 29.20
It: 85000, Loss: 2.335e-03, l1: 1.066, l2: 0.00974, Time: 29.30
It: 86000, Loss: 2.348e-03, l1: 1.066, l2: 0.00974, Time: 29.32
It: 87000, Loss: 2.392e-03, l1: 1.066, l2: 0.00974, Time: 29.33
It: 88000, Loss: 2.332e-03, l1: 1.066, l2: 0.00974, Time: 29.34
It: 89000, Loss: 2.334e-03, l1: 1.066, l2: 0.00973, Time: 29.31
It: 90000, Loss: 2.329e-03, l1: 1.066, l2: 0.00973, Time: 29.32
Model saved to models/Re100wcp/Re100wcp_90000.npz
It: 91000, Loss: 2.328e-03, l1: 1.066, l2: 0.00973, Time: 29.24
It: 92000, Loss: 2.328e-03, l1: 1.066, l2: 0.00973, Time: 29.30
It: 93000, Loss: 2.326e-03, l1: 1.066, l2: 0.00973, Time: 29.36
It: 94000, Loss: 2.331e-03, l1: 1.066, l2: 0.00973, Time: 29.42
It: 95000, Loss: 2.323e-03, l1: 1.066, l2: 0.00973, Time: 29.46
It: 96000, Loss: 2.322e-03, l1: 1.066, l2: 0.00972, Time: 29.35
It: 97000, Loss: 2.327e-03, l1: 1.066, l2: 0.00971, Time: 31.09
It: 98000, Loss: 2.320e-03, l1: 1.067, l2: 0.00972, Time: 30.58
It: 99000, Loss: 2.419e-03, l1: 1.066, l2: 0.00978, Time: 30.19
Loss history plot saved to plots/Re100wcp_col5000TL150_[1, 2]//Re100wcp_10000_TL150_loss_hist.png
Lambda history plot saved to plots/Re100wcp_col5000TL150_[1, 2]//Re100wcp_10000_TL150_lambda_hist.png
Model Training Complete for 100000 iterations
Model saved to models/Re100wcp_col5000TL150_[1, 2]//Re100wcp_10000_TL150_100000.npz
Model Re100wcp_10000.npz processed successfully.
Processing model: models/Re100wcp/Re100wcp_100000.npz
Model loaded from models/Re100wcp/Re100wcp_100000.npz
Frozen Layers: [1, 2]
Training Model...
It: 0, Loss: 8.423e-02, l1: 0.994, l2: 0.01052, Time: 11.08
It: 1000, Loss: 3.982e-03, l1: 1.050, l2: 0.01097, Time: 33.17
It: 2000, Loss: 3.534e-03, l1: 1.054, l2: 0.01091, Time: 29.17
It: 3000, Loss: 3.335e-03, l1: 1.056, l2: 0.01081, Time: 29.29
It: 4000, Loss: 3.230e-03, l1: 1.057, l2: 0.01076, Time: 29.27
It: 5000, Loss: 3.190e-03, l1: 1.058, l2: 0.01067, Time: 29.12
It: 6000, Loss: 3.108e-03, l1: 1.059, l2: 0.01072, Time: 29.08
It: 7000, Loss: 3.219e-03, l1: 1.060, l2: 0.01079, Time: 29.08
It: 8000, Loss: 3.058e-03, l1: 1.060, l2: 0.01067, Time: 29.10
It: 9000, Loss: 3.004e-03, l1: 1.061, l2: 0.01068, Time: 29.09
It: 10000, Loss: 3.014e-03, l1: 1.061, l2: 0.01058, Time: 29.13
Model saved to models/Re100wcp/Re100wcp_10000.npz
It: 11000, Loss: 2.871e-03, l1: 1.061, l2: 0.01065, Time: 29.10
It: 12000, Loss: 2.846e-03, l1: 1.062, l2: 0.01063, Time: 29.10
It: 13000, Loss: 2.826e-03, l1: 1.062, l2: 0.01061, Time: 29.09
It: 14000, Loss: 2.951e-03, l1: 1.062, l2: 0.01068, Time: 29.09
It: 15000, Loss: 2.792e-03, l1: 1.062, l2: 0.01057, Time: 29.92
It: 16000, Loss: 2.889e-03, l1: 1.062, l2: 0.01058, Time: 29.77
It: 17000, Loss: 2.857e-03, l1: 1.063, l2: 0.01051, Time: 29.72
It: 18000, Loss: 2.791e-03, l1: 1.063, l2: 0.01048, Time: 31.36
It: 19000, Loss: 2.728e-03, l1: 1.063, l2: 0.01050, Time: 34.44
It: 20000, Loss: 2.773e-03, l1: 1.063, l2: 0.01050, Time: 34.07
Model saved to models/Re100wcp/Re100wcp_20000.npz
It: 21000, Loss: 2.706e-03, l1: 1.063, l2: 0.01047, Time: 29.28
It: 22000, Loss: 2.747e-03, l1: 1.063, l2: 0.01050, Time: 29.27
It: 23000, Loss: 2.707e-03, l1: 1.063, l2: 0.01046, Time: 29.40
It: 24000, Loss: 2.673e-03, l1: 1.063, l2: 0.01044, Time: 30.51
It: 25000, Loss: 2.679e-03, l1: 1.063, l2: 0.01043, Time: 31.34
It: 26000, Loss: 2.657e-03, l1: 1.064, l2: 0.01038, Time: 30.45
It: 27000, Loss: 2.655e-03, l1: 1.064, l2: 0.01040, Time: 29.09
It: 28000, Loss: 2.635e-03, l1: 1.064, l2: 0.01038, Time: 29.06
It: 29000, Loss: 2.627e-03, l1: 1.064, l2: 0.01037, Time: 29.05
It: 30000, Loss: 2.640e-03, l1: 1.064, l2: 0.01036, Time: 29.27
Model saved to models/Re100wcp/Re100wcp_30000.npz
It: 31000, Loss: 2.625e-03, l1: 1.063, l2: 0.01029, Time: 31.38
It: 32000, Loss: 2.681e-03, l1: 1.064, l2: 0.01037, Time: 34.66
It: 33000, Loss: 2.657e-03, l1: 1.064, l2: 0.01039, Time: 31.87
It: 34000, Loss: 2.590e-03, l1: 1.064, l2: 0.01031, Time: 29.70
It: 35000, Loss: 2.652e-03, l1: 1.064, l2: 0.01031, Time: 30.33
It: 36000, Loss: 2.576e-03, l1: 1.064, l2: 0.01029, Time: 34.72
It: 37000, Loss: 2.600e-03, l1: 1.064, l2: 0.01027, Time: 35.01
It: 38000, Loss: 2.568e-03, l1: 1.064, l2: 0.01028, Time: 35.03
It: 39000, Loss: 2.598e-03, l1: 1.064, l2: 0.01031, Time: 34.32
It: 40000, Loss: 2.591e-03, l1: 1.064, l2: 0.01026, Time: 37.09
Model saved to models/Re100wcp/Re100wcp_40000.npz
It: 41000, Loss: 2.643e-03, l1: 1.064, l2: 0.01025, Time: 39.36
It: 42000, Loss: 2.541e-03, l1: 1.064, l2: 0.01024, Time: 36.36
It: 43000, Loss: 2.537e-03, l1: 1.064, l2: 0.01023, Time: 29.70
It: 44000, Loss: 2.530e-03, l1: 1.064, l2: 0.01022, Time: 29.83
It: 45000, Loss: 2.527e-03, l1: 1.064, l2: 0.01021, Time: 36.65
It: 46000, Loss: 2.526e-03, l1: 1.064, l2: 0.01019, Time: 37.89
It: 47000, Loss: 2.515e-03, l1: 1.064, l2: 0.01020, Time: 33.91
It: 48000, Loss: 2.513e-03, l1: 1.064, l2: 0.01021, Time: 29.78
It: 49000, Loss: 2.506e-03, l1: 1.064, l2: 0.01019, Time: 35.03
It: 50000, Loss: 2.678e-03, l1: 1.064, l2: 0.01020, Time: 37.84
Model saved to models/Re100wcp/Re100wcp_50000.npz
It: 51000, Loss: 2.498e-03, l1: 1.064, l2: 0.01017, Time: 37.66
It: 52000, Loss: 2.495e-03, l1: 1.064, l2: 0.01016, Time: 35.32
It: 53000, Loss: 2.490e-03, l1: 1.064, l2: 0.01015, Time: 35.09
It: 54000, Loss: 2.523e-03, l1: 1.064, l2: 0.01010, Time: 35.10
It: 55000, Loss: 2.482e-03, l1: 1.064, l2: 0.01014, Time: 37.88
It: 56000, Loss: 2.478e-03, l1: 1.064, l2: 0.01014, Time: 39.21
It: 57000, Loss: 2.479e-03, l1: 1.064, l2: 0.01014, Time: 39.24
It: 58000, Loss: 2.470e-03, l1: 1.064, l2: 0.01013, Time: 39.34
It: 59000, Loss: 2.468e-03, l1: 1.064, l2: 0.01012, Time: 39.01
It: 60000, Loss: 2.470e-03, l1: 1.064, l2: 0.01011, Time: 38.53
Model saved to models/Re100wcp/Re100wcp_60000.npz
It: 61000, Loss: 2.460e-03, l1: 1.064, l2: 0.01012, Time: 30.08
It: 62000, Loss: 2.457e-03, l1: 1.064, l2: 0.01011, Time: 29.72
It: 63000, Loss: 2.476e-03, l1: 1.064, l2: 0.01010, Time: 29.83
It: 64000, Loss: 2.450e-03, l1: 1.064, l2: 0.01010, Time: 29.87
It: 65000, Loss: 2.447e-03, l1: 1.064, l2: 0.01010, Time: 36.47
It: 66000, Loss: 2.444e-03, l1: 1.064, l2: 0.01010, Time: 36.23
It: 67000, Loss: 2.441e-03, l1: 1.064, l2: 0.01009, Time: 35.15
It: 68000, Loss: 2.440e-03, l1: 1.064, l2: 0.01008, Time: 31.80
It: 69000, Loss: 2.516e-03, l1: 1.064, l2: 0.01008, Time: 29.19
It: 70000, Loss: 2.488e-03, l1: 1.064, l2: 0.01003, Time: 29.16
Model saved to models/Re100wcp/Re100wcp_70000.npz
It: 71000, Loss: 2.430e-03, l1: 1.064, l2: 0.01007, Time: 34.91
It: 72000, Loss: 2.429e-03, l1: 1.064, l2: 0.01008, Time: 33.96
It: 73000, Loss: 2.675e-03, l1: 1.064, l2: 0.01015, Time: 37.98
It: 74000, Loss: 2.424e-03, l1: 1.064, l2: 0.01007, Time: 38.55
It: 75000, Loss: 2.465e-03, l1: 1.064, l2: 0.01004, Time: 31.14
It: 76000, Loss: 2.417e-03, l1: 1.064, l2: 0.01004, Time: 34.06
It: 77000, Loss: 2.550e-03, l1: 1.064, l2: 0.01001, Time: 33.93
It: 78000, Loss: 2.412e-03, l1: 1.064, l2: 0.01005, Time: 29.71
It: 79000, Loss: 2.550e-03, l1: 1.064, l2: 0.01001, Time: 31.80
It: 80000, Loss: 2.415e-03, l1: 1.064, l2: 0.01006, Time: 37.09
Model saved to models/Re100wcp/Re100wcp_80000.npz
It: 81000, Loss: 2.411e-03, l1: 1.064, l2: 0.01005, Time: 29.90
It: 82000, Loss: 2.402e-03, l1: 1.064, l2: 0.01005, Time: 31.29
It: 83000, Loss: 2.406e-03, l1: 1.064, l2: 0.01003, Time: 31.27
It: 84000, Loss: 2.398e-03, l1: 1.064, l2: 0.01004, Time: 30.78
It: 85000, Loss: 2.410e-03, l1: 1.064, l2: 0.01006, Time: 29.44
It: 86000, Loss: 2.393e-03, l1: 1.064, l2: 0.01004, Time: 28.81
It: 87000, Loss: 2.410e-03, l1: 1.064, l2: 0.01006, Time: 28.93
It: 88000, Loss: 2.389e-03, l1: 1.064, l2: 0.01004, Time: 29.04
It: 89000, Loss: 2.428e-03, l1: 1.064, l2: 0.01007, Time: 29.28
It: 90000, Loss: 2.425e-03, l1: 1.064, l2: 0.01008, Time: 31.21
Model saved to models/Re100wcp/Re100wcp_90000.npz
It: 91000, Loss: 2.653e-03, l1: 1.064, l2: 0.00993, Time: 29.01
It: 92000, Loss: 2.390e-03, l1: 1.064, l2: 0.01001, Time: 29.14
It: 93000, Loss: 2.378e-03, l1: 1.064, l2: 0.01003, Time: 28.85
It: 94000, Loss: 2.389e-03, l1: 1.064, l2: 0.01003, Time: 29.08
It: 95000, Loss: 2.383e-03, l1: 1.063, l2: 0.01009, Time: 29.36
It: 96000, Loss: 2.373e-03, l1: 1.064, l2: 0.01003, Time: 28.94
It: 97000, Loss: 2.372e-03, l1: 1.064, l2: 0.01000, Time: 28.91
It: 98000, Loss: 2.440e-03, l1: 1.064, l2: 0.01008, Time: 28.82
It: 99000, Loss: 2.367e-03, l1: 1.064, l2: 0.01002, Time: 28.97
Loss history plot saved to plots/Re100wcp_col5000TL150_[1, 2]//Re100wcp_100000_TL150_loss_hist.png
Lambda history plot saved to plots/Re100wcp_col5000TL150_[1, 2]//Re100wcp_100000_TL150_lambda_hist.png
Model Training Complete for 100000 iterations
Model saved to models/Re100wcp_col5000TL150_[1, 2]//Re100wcp_100000_TL150_100000.npz
Model Re100wcp_100000.npz processed successfully.
Processing model: models/Re100wcp/Re100wcp_20000.npz
Model loaded from models/Re100wcp/Re100wcp_20000.npz
Frozen Layers: [1, 2]
Training Model...
It: 0, Loss: 5.397e-03, l1: 1.053, l2: 0.01050, Time: 10.76
It: 1000, Loss: 3.055e-03, l1: 1.060, l2: 0.01026, Time: 29.12
It: 2000, Loss: 3.009e-03, l1: 1.062, l2: 0.01032, Time: 29.14
It: 3000, Loss: 2.855e-03, l1: 1.063, l2: 0.01025, Time: 29.10
It: 4000, Loss: 2.830e-03, l1: 1.063, l2: 0.01019, Time: 30.85
It: 5000, Loss: 2.764e-03, l1: 1.064, l2: 0.01017, Time: 31.23
It: 6000, Loss: 2.742e-03, l1: 1.064, l2: 0.01013, Time: 31.18
It: 7000, Loss: 2.755e-03, l1: 1.064, l2: 0.01012, Time: 31.47
It: 8000, Loss: 2.700e-03, l1: 1.065, l2: 0.01006, Time: 31.41
It: 9000, Loss: 2.691e-03, l1: 1.065, l2: 0.01003, Time: 31.49
It: 10000, Loss: 2.686e-03, l1: 1.065, l2: 0.01006, Time: 29.48
Model saved to models/Re100wcp/Re100wcp_10000.npz
It: 11000, Loss: 2.655e-03, l1: 1.065, l2: 0.01001, Time: 34.91
It: 12000, Loss: 2.646e-03, l1: 1.065, l2: 0.01000, Time: 37.78
It: 13000, Loss: 2.633e-03, l1: 1.066, l2: 0.00998, Time: 39.45
It: 14000, Loss: 2.622e-03, l1: 1.066, l2: 0.00997, Time: 39.59
It: 15000, Loss: 2.613e-03, l1: 1.066, l2: 0.00995, Time: 39.50
It: 16000, Loss: 2.606e-03, l1: 1.066, l2: 0.00994, Time: 39.39
It: 17000, Loss: 2.607e-03, l1: 1.066, l2: 0.00990, Time: 35.11
It: 18000, Loss: 2.588e-03, l1: 1.066, l2: 0.00992, Time: 32.83
It: 19000, Loss: 2.586e-03, l1: 1.066, l2: 0.00991, Time: 29.14
It: 20000, Loss: 2.769e-03, l1: 1.066, l2: 0.00992, Time: 29.12
Model saved to models/Re100wcp/Re100wcp_20000.npz
It: 21000, Loss: 2.575e-03, l1: 1.066, l2: 0.00986, Time: 32.23
It: 22000, Loss: 2.560e-03, l1: 1.066, l2: 0.00988, Time: 38.24
It: 23000, Loss: 2.561e-03, l1: 1.066, l2: 0.00985, Time: 31.91
It: 24000, Loss: 2.548e-03, l1: 1.067, l2: 0.00986, Time: 36.64
It: 25000, Loss: 2.543e-03, l1: 1.067, l2: 0.00984, Time: 38.42
It: 26000, Loss: 2.538e-03, l1: 1.066, l2: 0.00983, Time: 38.32
It: 27000, Loss: 2.614e-03, l1: 1.066, l2: 0.00980, Time: 38.12
It: 28000, Loss: 2.540e-03, l1: 1.067, l2: 0.00978, Time: 36.31
It: 29000, Loss: 2.525e-03, l1: 1.067, l2: 0.00979, Time: 32.16
It: 30000, Loss: 2.522e-03, l1: 1.067, l2: 0.00981, Time: 32.06
Model saved to models/Re100wcp/Re100wcp_30000.npz
It: 31000, Loss: 2.514e-03, l1: 1.067, l2: 0.00978, Time: 31.17
It: 32000, Loss: 2.523e-03, l1: 1.066, l2: 0.00972, Time: 36.34
It: 33000, Loss: 2.506e-03, l1: 1.067, l2: 0.00976, Time: 34.66
It: 34000, Loss: 2.502e-03, l1: 1.067, l2: 0.00977, Time: 37.44
It: 35000, Loss: 2.498e-03, l1: 1.067, l2: 0.00974, Time: 36.86
It: 36000, Loss: 2.495e-03, l1: 1.067, l2: 0.00973, Time: 30.82
It: 37000, Loss: 2.503e-03, l1: 1.067, l2: 0.00972, Time: 28.93
It: 38000, Loss: 2.488e-03, l1: 1.067, l2: 0.00972, Time: 28.99
It: 39000, Loss: 2.484e-03, l1: 1.067, l2: 0.00971, Time: 38.76
It: 40000, Loss: 2.492e-03, l1: 1.067, l2: 0.00969, Time: 39.73
Model saved to models/Re100wcp/Re100wcp_40000.npz
It: 41000, Loss: 2.492e-03, l1: 1.067, l2: 0.00969, Time: 39.74
It: 42000, Loss: 2.484e-03, l1: 1.067, l2: 0.00967, Time: 40.00
It: 43000, Loss: 2.475e-03, l1: 1.067, l2: 0.00969, Time: 40.24
It: 44000, Loss: 2.491e-03, l1: 1.067, l2: 0.00971, Time: 40.28
It: 45000, Loss: 2.466e-03, l1: 1.067, l2: 0.00967, Time: 40.08
It: 46000, Loss: 2.812e-03, l1: 1.067, l2: 0.00974, Time: 31.06
It: 47000, Loss: 2.499e-03, l1: 1.067, l2: 0.00961, Time: 30.54
It: 48000, Loss: 2.458e-03, l1: 1.067, l2: 0.00965, Time: 38.20
It: 49000, Loss: 3.024e-03, l1: 1.067, l2: 0.00950, Time: 37.88
It: 50000, Loss: 2.452e-03, l1: 1.067, l2: 0.00964, Time: 34.01
Model saved to models/Re100wcp/Re100wcp_50000.npz
It: 51000, Loss: 2.450e-03, l1: 1.067, l2: 0.00963, Time: 30.25
It: 52000, Loss: 2.447e-03, l1: 1.067, l2: 0.00963, Time: 29.08
It: 53000, Loss: 2.472e-03, l1: 1.067, l2: 0.00959, Time: 29.15
It: 54000, Loss: 2.448e-03, l1: 1.067, l2: 0.00961, Time: 29.21
It: 55000, Loss: 2.538e-03, l1: 1.067, l2: 0.00958, Time: 29.10
It: 56000, Loss: 2.438e-03, l1: 1.067, l2: 0.00960, Time: 29.35
It: 57000, Loss: 2.436e-03, l1: 1.067, l2: 0.00960, Time: 29.83
It: 58000, Loss: 2.471e-03, l1: 1.067, l2: 0.00957, Time: 37.02
It: 59000, Loss: 2.435e-03, l1: 1.068, l2: 0.00960, Time: 38.53
It: 60000, Loss: 2.508e-03, l1: 1.067, l2: 0.00961, Time: 35.49
Model saved to models/Re100wcp/Re100wcp_60000.npz
It: 61000, Loss: 2.429e-03, l1: 1.068, l2: 0.00958, Time: 37.71
It: 62000, Loss: 2.426e-03, l1: 1.068, l2: 0.00957, Time: 38.81
It: 63000, Loss: 2.422e-03, l1: 1.068, l2: 0.00957, Time: 36.68
It: 64000, Loss: 2.421e-03, l1: 1.068, l2: 0.00957, Time: 35.42
It: 65000, Loss: 2.420e-03, l1: 1.068, l2: 0.00956, Time: 35.16
It: 66000, Loss: 2.435e-03, l1: 1.067, l2: 0.00959, Time: 38.49
It: 67000, Loss: 2.414e-03, l1: 1.068, l2: 0.00956, Time: 36.58
It: 68000, Loss: 2.414e-03, l1: 1.068, l2: 0.00956, Time: 32.86
It: 69000, Loss: 2.511e-03, l1: 1.068, l2: 0.00957, Time: 31.42
It: 70000, Loss: 2.475e-03, l1: 1.067, l2: 0.00959, Time: 30.20
Model saved to models/Re100wcp/Re100wcp_70000.npz
It: 71000, Loss: 2.417e-03, l1: 1.068, l2: 0.00953, Time: 36.53
It: 72000, Loss: 2.405e-03, l1: 1.068, l2: 0.00954, Time: 29.13
It: 73000, Loss: 2.403e-03, l1: 1.068, l2: 0.00954, Time: 29.08
It: 74000, Loss: 2.401e-03, l1: 1.068, l2: 0.00953, Time: 29.42
It: 75000, Loss: 2.399e-03, l1: 1.068, l2: 0.00953, Time: 29.57
It: 76000, Loss: 2.432e-03, l1: 1.067, l2: 0.00954, Time: 29.96
It: 77000, Loss: 2.396e-03, l1: 1.068, l2: 0.00952, Time: 38.51
It: 78000, Loss: 2.412e-03, l1: 1.068, l2: 0.00951, Time: 39.29
It: 79000, Loss: 2.393e-03, l1: 1.068, l2: 0.00951, Time: 39.52
It: 80000, Loss: 2.391e-03, l1: 1.068, l2: 0.00951, Time: 39.61
Model saved to models/Re100wcp/Re100wcp_80000.npz
It: 81000, Loss: 2.389e-03, l1: 1.068, l2: 0.00951, Time: 39.49
It: 82000, Loss: 2.406e-03, l1: 1.068, l2: 0.00948, Time: 39.29
It: 83000, Loss: 2.393e-03, l1: 1.068, l2: 0.00950, Time: 37.16
It: 84000, Loss: 2.384e-03, l1: 1.068, l2: 0.00950, Time: 33.71
It: 85000, Loss: 2.382e-03, l1: 1.068, l2: 0.00950, Time: 36.93
It: 86000, Loss: 2.382e-03, l1: 1.068, l2: 0.00950, Time: 34.33
It: 87000, Loss: 2.379e-03, l1: 1.068, l2: 0.00949, Time: 34.22
It: 88000, Loss: 2.380e-03, l1: 1.068, l2: 0.00950, Time: 34.26
It: 89000, Loss: 2.376e-03, l1: 1.068, l2: 0.00951, Time: 37.25
It: 90000, Loss: 2.379e-03, l1: 1.068, l2: 0.00947, Time: 35.33
Model saved to models/Re100wcp/Re100wcp_90000.npz
It: 91000, Loss: 2.374e-03, l1: 1.068, l2: 0.00947, Time: 34.74
It: 92000, Loss: 2.413e-03, l1: 1.068, l2: 0.00946, Time: 30.68
It: 93000, Loss: 2.373e-03, l1: 1.068, l2: 0.00946, Time: 29.10
It: 94000, Loss: 2.378e-03, l1: 1.068, l2: 0.00946, Time: 32.88
It: 95000, Loss: 2.385e-03, l1: 1.068, l2: 0.00944, Time: 28.84
It: 96000, Loss: 2.367e-03, l1: 1.068, l2: 0.00944, Time: 28.87
It: 97000, Loss: 2.364e-03, l1: 1.068, l2: 0.00946, Time: 28.84
It: 98000, Loss: 2.367e-03, l1: 1.068, l2: 0.00945, Time: 28.86
It: 99000, Loss: 2.361e-03, l1: 1.068, l2: 0.00946, Time: 28.89
Loss history plot saved to plots/Re100wcp_col5000TL150_[1, 2]//Re100wcp_20000_TL150_loss_hist.png
Lambda history plot saved to plots/Re100wcp_col5000TL150_[1, 2]//Re100wcp_20000_TL150_lambda_hist.png
Model Training Complete for 100000 iterations
Model saved to models/Re100wcp_col5000TL150_[1, 2]//Re100wcp_20000_TL150_100000.npz
Model Re100wcp_20000.npz processed successfully.
Processing model: models/Re100wcp/Re100wcp_30000.npz
Model loaded from models/Re100wcp/Re100wcp_30000.npz
Frozen Layers: [1, 2]
Training Model...
It: 0, Loss: 8.057e-03, l1: 1.077, l2: 0.00838, Time: 10.29
It: 1000, Loss: 3.207e-03, l1: 1.057, l2: 0.00952, Time: 28.95
It: 2000, Loss: 2.992e-03, l1: 1.060, l2: 0.00961, Time: 28.86
It: 3000, Loss: 2.895e-03, l1: 1.061, l2: 0.00962, Time: 29.10
It: 4000, Loss: 2.920e-03, l1: 1.062, l2: 0.00956, Time: 29.72
It: 5000, Loss: 2.807e-03, l1: 1.063, l2: 0.00965, Time: 30.21
It: 6000, Loss: 2.755e-03, l1: 1.064, l2: 0.00965, Time: 30.05
It: 7000, Loss: 2.727e-03, l1: 1.064, l2: 0.00965, Time: 31.63
It: 8000, Loss: 2.711e-03, l1: 1.064, l2: 0.00966, Time: 37.92
It: 9000, Loss: 2.682e-03, l1: 1.065, l2: 0.00968, Time: 35.61
It: 10000, Loss: 2.664e-03, l1: 1.065, l2: 0.00969, Time: 36.33
Model saved to models/Re100wcp/Re100wcp_10000.npz
It: 11000, Loss: 2.663e-03, l1: 1.065, l2: 0.00963, Time: 37.35
It: 12000, Loss: 2.637e-03, l1: 1.066, l2: 0.00970, Time: 37.13
It: 13000, Loss: 2.626e-03, l1: 1.066, l2: 0.00969, Time: 35.56
It: 14000, Loss: 2.615e-03, l1: 1.066, l2: 0.00970, Time: 35.65
It: 15000, Loss: 2.604e-03, l1: 1.066, l2: 0.00971, Time: 36.00
It: 16000, Loss: 2.642e-03, l1: 1.066, l2: 0.00966, Time: 35.99
It: 17000, Loss: 2.586e-03, l1: 1.066, l2: 0.00971, Time: 36.35
It: 18000, Loss: 2.798e-03, l1: 1.066, l2: 0.00975, Time: 35.48
It: 19000, Loss: 2.570e-03, l1: 1.066, l2: 0.00970, Time: 36.11
It: 20000, Loss: 2.562e-03, l1: 1.067, l2: 0.00971, Time: 37.13
Model saved to models/Re100wcp/Re100wcp_20000.npz
It: 21000, Loss: 2.610e-03, l1: 1.066, l2: 0.00969, Time: 35.79
It: 22000, Loss: 2.552e-03, l1: 1.067, l2: 0.00970, Time: 35.50
It: 23000, Loss: 2.598e-03, l1: 1.066, l2: 0.00973, Time: 35.82
It: 24000, Loss: 2.540e-03, l1: 1.067, l2: 0.00970, Time: 35.39
It: 25000, Loss: 2.532e-03, l1: 1.067, l2: 0.00971, Time: 35.48
It: 26000, Loss: 2.526e-03, l1: 1.067, l2: 0.00970, Time: 35.43
It: 27000, Loss: 2.520e-03, l1: 1.067, l2: 0.00970, Time: 35.34
It: 28000, Loss: 2.516e-03, l1: 1.067, l2: 0.00970, Time: 35.02
It: 29000, Loss: 2.511e-03, l1: 1.067, l2: 0.00970, Time: 36.42
It: 30000, Loss: 2.518e-03, l1: 1.067, l2: 0.00970, Time: 35.75
Model saved to models/Re100wcp/Re100wcp_30000.npz
It: 31000, Loss: 2.536e-03, l1: 1.067, l2: 0.00967, Time: 36.13
It: 32000, Loss: 2.600e-03, l1: 1.067, l2: 0.00976, Time: 36.45
It: 33000, Loss: 2.493e-03, l1: 1.067, l2: 0.00969, Time: 35.76
It: 34000, Loss: 2.490e-03, l1: 1.067, l2: 0.00970, Time: 35.24
It: 35000, Loss: 2.509e-03, l1: 1.067, l2: 0.00968, Time: 35.57
It: 36000, Loss: 2.500e-03, l1: 1.067, l2: 0.00965, Time: 35.58
It: 37000, Loss: 2.508e-03, l1: 1.067, l2: 0.00967, Time: 35.68
It: 38000, Loss: 2.475e-03, l1: 1.067, l2: 0.00968, Time: 35.99
It: 39000, Loss: 2.493e-03, l1: 1.067, l2: 0.00966, Time: 39.07
It: 40000, Loss: 2.468e-03, l1: 1.067, l2: 0.00969, Time: 39.44
Model saved to models/Re100wcp/Re100wcp_40000.npz
It: 41000, Loss: 2.462e-03, l1: 1.067, l2: 0.00968, Time: 35.24
It: 42000, Loss: 2.458e-03, l1: 1.067, l2: 0.00968, Time: 33.67
It: 43000, Loss: 2.456e-03, l1: 1.067, l2: 0.00968, Time: 34.52
It: 44000, Loss: 2.476e-03, l1: 1.067, l2: 0.00966, Time: 35.52
It: 45000, Loss: 2.502e-03, l1: 1.067, l2: 0.00962, Time: 35.34
It: 46000, Loss: 2.517e-03, l1: 1.067, l2: 0.00968, Time: 35.28
It: 47000, Loss: 2.450e-03, l1: 1.067, l2: 0.00967, Time: 35.25
It: 48000, Loss: 2.443e-03, l1: 1.067, l2: 0.00967, Time: 35.34
It: 49000, Loss: 2.472e-03, l1: 1.067, l2: 0.00971, Time: 35.19
It: 50000, Loss: 2.435e-03, l1: 1.067, l2: 0.00967, Time: 35.17
Model saved to models/Re100wcp/Re100wcp_50000.npz
It: 51000, Loss: 2.434e-03, l1: 1.068, l2: 0.00969, Time: 35.17
It: 52000, Loss: 2.428e-03, l1: 1.068, l2: 0.00968, Time: 30.80
It: 53000, Loss: 2.426e-03, l1: 1.068, l2: 0.00966, Time: 37.59
It: 54000, Loss: 2.422e-03, l1: 1.068, l2: 0.00967, Time: 37.47
It: 55000, Loss: 2.431e-03, l1: 1.067, l2: 0.00968, Time: 38.74
It: 56000, Loss: 2.420e-03, l1: 1.068, l2: 0.00966, Time: 35.80
It: 57000, Loss: 2.417e-03, l1: 1.068, l2: 0.00967, Time: 36.65
It: 58000, Loss: 2.412e-03, l1: 1.068, l2: 0.00967, Time: 35.96
It: 59000, Loss: 2.410e-03, l1: 1.068, l2: 0.00966, Time: 33.78
It: 60000, Loss: 2.410e-03, l1: 1.068, l2: 0.00968, Time: 29.14
Model saved to models/Re100wcp/Re100wcp_60000.npz
It: 61000, Loss: 2.405e-03, l1: 1.068, l2: 0.00967, Time: 29.38
It: 62000, Loss: 2.423e-03, l1: 1.067, l2: 0.00970, Time: 31.85
It: 63000, Loss: 2.401e-03, l1: 1.068, l2: 0.00967, Time: 40.01
It: 64000, Loss: 2.402e-03, l1: 1.068, l2: 0.00966, Time: 39.71
It: 65000, Loss: 2.541e-03, l1: 1.067, l2: 0.00960, Time: 39.10
It: 66000, Loss: 2.410e-03, l1: 1.068, l2: 0.00965, Time: 33.27
It: 67000, Loss: 2.418e-03, l1: 1.067, l2: 0.00963, Time: 28.95
It: 68000, Loss: 2.391e-03, l1: 1.068, l2: 0.00967, Time: 31.08
It: 69000, Loss: 2.410e-03, l1: 1.067, l2: 0.00966, Time: 35.41
It: 70000, Loss: 2.391e-03, l1: 1.068, l2: 0.00967, Time: 32.36
Model saved to models/Re100wcp/Re100wcp_70000.npz
It: 71000, Loss: 2.385e-03, l1: 1.068, l2: 0.00969, Time: 28.87
It: 72000, Loss: 2.478e-03, l1: 1.067, l2: 0.00970, Time: 28.84
It: 73000, Loss: 2.394e-03, l1: 1.067, l2: 0.00967, Time: 28.96
It: 74000, Loss: 2.379e-03, l1: 1.068, l2: 0.00966, Time: 28.91
It: 75000, Loss: 2.377e-03, l1: 1.068, l2: 0.00968, Time: 36.37
It: 76000, Loss: 2.449e-03, l1: 1.067, l2: 0.00968, Time: 36.62
It: 77000, Loss: 2.373e-03, l1: 1.068, l2: 0.00967, Time: 29.01
It: 78000, Loss: 2.382e-03, l1: 1.068, l2: 0.00966, Time: 29.01
It: 79000, Loss: 2.372e-03, l1: 1.068, l2: 0.00967, Time: 29.08
It: 80000, Loss: 2.372e-03, l1: 1.068, l2: 0.00967, Time: 32.41
Model saved to models/Re100wcp/Re100wcp_80000.npz
It: 81000, Loss: 2.369e-03, l1: 1.068, l2: 0.00966, Time: 33.06
It: 82000, Loss: 2.365e-03, l1: 1.068, l2: 0.00967, Time: 29.27
It: 83000, Loss: 2.363e-03, l1: 1.068, l2: 0.00967, Time: 29.24
It: 84000, Loss: 2.374e-03, l1: 1.068, l2: 0.00966, Time: 29.26
It: 85000, Loss: 2.395e-03, l1: 1.068, l2: 0.00965, Time: 29.16
It: 86000, Loss: 2.359e-03, l1: 1.068, l2: 0.00967, Time: 30.54
It: 87000, Loss: 2.453e-03, l1: 1.067, l2: 0.00963, Time: 29.44
It: 88000, Loss: 2.370e-03, l1: 1.068, l2: 0.00965, Time: 29.55
It: 89000, Loss: 2.355e-03, l1: 1.068, l2: 0.00968, Time: 29.34
It: 90000, Loss: 2.354e-03, l1: 1.068, l2: 0.00968, Time: 33.55
Model saved to models/Re100wcp/Re100wcp_90000.npz
It: 91000, Loss: 2.352e-03, l1: 1.068, l2: 0.00968, Time: 33.00
It: 92000, Loss: 2.351e-03, l1: 1.068, l2: 0.00968, Time: 34.48
It: 93000, Loss: 2.351e-03, l1: 1.068, l2: 0.00968, Time: 34.42
It: 94000, Loss: 2.371e-03, l1: 1.067, l2: 0.00968, Time: 35.07
It: 95000, Loss: 2.383e-03, l1: 1.068, l2: 0.00969, Time: 32.15
It: 96000, Loss: 2.373e-03, l1: 1.068, l2: 0.00972, Time: 31.74
It: 97000, Loss: 2.345e-03, l1: 1.068, l2: 0.00968, Time: 37.83
It: 98000, Loss: 2.346e-03, l1: 1.068, l2: 0.00968, Time: 37.75
It: 99000, Loss: 2.345e-03, l1: 1.068, l2: 0.00968, Time: 38.02
Loss history plot saved to plots/Re100wcp_col5000TL150_[1, 2]//Re100wcp_30000_TL150_loss_hist.png
Lambda history plot saved to plots/Re100wcp_col5000TL150_[1, 2]//Re100wcp_30000_TL150_lambda_hist.png
Model Training Complete for 100000 iterations
Model saved to models/Re100wcp_col5000TL150_[1, 2]//Re100wcp_30000_TL150_100000.npz
Model Re100wcp_30000.npz processed successfully.
Processing model: models/Re100wcp/Re100wcp_40000.npz
Model loaded from models/Re100wcp/Re100wcp_40000.npz
Frozen Layers: [1, 2]
Training Model...
It: 0, Loss: 1.058e-02, l1: 1.080, l2: 0.00861, Time: 11.43
It: 1000, Loss: 3.328e-03, l1: 1.054, l2: 0.01007, Time: 29.16
It: 2000, Loss: 3.058e-03, l1: 1.059, l2: 0.01032, Time: 29.13
It: 3000, Loss: 2.942e-03, l1: 1.061, l2: 0.01040, Time: 29.15
It: 4000, Loss: 2.874e-03, l1: 1.063, l2: 0.01041, Time: 29.13
It: 5000, Loss: 2.948e-03, l1: 1.063, l2: 0.01039, Time: 29.12
It: 6000, Loss: 2.792e-03, l1: 1.064, l2: 0.01043, Time: 29.11
It: 7000, Loss: 2.749e-03, l1: 1.064, l2: 0.01041, Time: 29.13
It: 8000, Loss: 2.722e-03, l1: 1.065, l2: 0.01041, Time: 30.75
It: 9000, Loss: 2.701e-03, l1: 1.065, l2: 0.01040, Time: 31.85
It: 10000, Loss: 2.680e-03, l1: 1.065, l2: 0.01039, Time: 31.78
Model saved to models/Re100wcp/Re100wcp_10000.npz
It: 11000, Loss: 2.662e-03, l1: 1.065, l2: 0.01039, Time: 32.41
It: 12000, Loss: 2.695e-03, l1: 1.065, l2: 0.01039, Time: 33.23
It: 13000, Loss: 2.633e-03, l1: 1.066, l2: 0.01037, Time: 31.09
It: 14000, Loss: 2.624e-03, l1: 1.066, l2: 0.01036, Time: 28.72
It: 15000, Loss: 2.741e-03, l1: 1.066, l2: 0.01033, Time: 33.12
It: 16000, Loss: 2.603e-03, l1: 1.066, l2: 0.01033, Time: 35.69
It: 17000, Loss: 2.595e-03, l1: 1.066, l2: 0.01033, Time: 29.74
It: 18000, Loss: 2.586e-03, l1: 1.067, l2: 0.01030, Time: 29.74
It: 19000, Loss: 2.571e-03, l1: 1.067, l2: 0.01031, Time: 29.72
It: 20000, Loss: 2.564e-03, l1: 1.067, l2: 0.01030, Time: 29.70
Model saved to models/Re100wcp/Re100wcp_20000.npz
It: 21000, Loss: 2.558e-03, l1: 1.067, l2: 0.01028, Time: 29.80
It: 22000, Loss: 2.549e-03, l1: 1.067, l2: 0.01027, Time: 29.84
It: 23000, Loss: 2.542e-03, l1: 1.067, l2: 0.01027, Time: 29.81
It: 24000, Loss: 2.536e-03, l1: 1.067, l2: 0.01025, Time: 32.85
It: 25000, Loss: 2.529e-03, l1: 1.067, l2: 0.01024, Time: 37.39
It: 26000, Loss: 2.557e-03, l1: 1.067, l2: 0.01024, Time: 34.03
It: 27000, Loss: 2.527e-03, l1: 1.067, l2: 0.01023, Time: 29.12
It: 28000, Loss: 2.512e-03, l1: 1.068, l2: 0.01021, Time: 32.11
It: 29000, Loss: 2.617e-03, l1: 1.067, l2: 0.01012, Time: 32.16
It: 30000, Loss: 2.501e-03, l1: 1.068, l2: 0.01019, Time: 34.57
Model saved to models/Re100wcp/Re100wcp_30000.npz
It: 31000, Loss: 2.497e-03, l1: 1.068, l2: 0.01017, Time: 32.42
It: 32000, Loss: 2.492e-03, l1: 1.068, l2: 0.01018, Time: 30.04
It: 33000, Loss: 2.523e-03, l1: 1.068, l2: 0.01014, Time: 30.69
It: 34000, Loss: 2.670e-03, l1: 1.068, l2: 0.01008, Time: 29.13
It: 35000, Loss: 2.516e-03, l1: 1.068, l2: 0.01018, Time: 29.13
It: 36000, Loss: 2.478e-03, l1: 1.068, l2: 0.01015, Time: 29.15
It: 37000, Loss: 2.476e-03, l1: 1.068, l2: 0.01014, Time: 29.08
It: 38000, Loss: 2.468e-03, l1: 1.068, l2: 0.01012, Time: 33.36
It: 39000, Loss: 2.470e-03, l1: 1.068, l2: 0.01009, Time: 35.32
It: 40000, Loss: 2.465e-03, l1: 1.068, l2: 0.01011, Time: 36.41
Model saved to models/Re100wcp/Re100wcp_40000.npz
It: 41000, Loss: 2.490e-03, l1: 1.068, l2: 0.01014, Time: 36.11
It: 42000, Loss: 2.455e-03, l1: 1.068, l2: 0.01010, Time: 37.05
It: 43000, Loss: 2.449e-03, l1: 1.069, l2: 0.01009, Time: 37.85
It: 44000, Loss: 2.451e-03, l1: 1.069, l2: 0.01008, Time: 38.34
It: 45000, Loss: 2.444e-03, l1: 1.069, l2: 0.01007, Time: 33.82
It: 46000, Loss: 2.441e-03, l1: 1.069, l2: 0.01005, Time: 29.53
It: 47000, Loss: 2.452e-03, l1: 1.068, l2: 0.01006, Time: 36.25
It: 48000, Loss: 2.455e-03, l1: 1.069, l2: 0.01006, Time: 37.51
It: 49000, Loss: 2.430e-03, l1: 1.069, l2: 0.01005, Time: 36.56
It: 50000, Loss: 2.428e-03, l1: 1.069, l2: 0.01004, Time: 29.13
Model saved to models/Re100wcp/Re100wcp_50000.npz
It: 51000, Loss: 2.431e-03, l1: 1.069, l2: 0.01003, Time: 29.06
It: 52000, Loss: 2.432e-03, l1: 1.069, l2: 0.01002, Time: 29.06
It: 53000, Loss: 2.425e-03, l1: 1.069, l2: 0.01004, Time: 29.10
It: 54000, Loss: 2.434e-03, l1: 1.069, l2: 0.01001, Time: 34.56
It: 55000, Loss: 2.416e-03, l1: 1.069, l2: 0.01000, Time: 37.64
It: 56000, Loss: 2.416e-03, l1: 1.069, l2: 0.01000, Time: 37.84
It: 57000, Loss: 2.607e-03, l1: 1.069, l2: 0.00993, Time: 38.35
It: 58000, Loss: 2.407e-03, l1: 1.069, l2: 0.01000, Time: 39.10
It: 59000, Loss: 2.404e-03, l1: 1.069, l2: 0.01001, Time: 35.83
It: 60000, Loss: 2.401e-03, l1: 1.069, l2: 0.01000, Time: 35.23
Model saved to models/Re100wcp/Re100wcp_60000.npz
It: 61000, Loss: 2.417e-03, l1: 1.069, l2: 0.00998, Time: 35.23
It: 62000, Loss: 2.398e-03, l1: 1.069, l2: 0.00999, Time: 31.60
It: 63000, Loss: 2.396e-03, l1: 1.069, l2: 0.00998, Time: 29.13
It: 64000, Loss: 2.394e-03, l1: 1.069, l2: 0.00998, Time: 29.08
It: 65000, Loss: 2.568e-03, l1: 1.069, l2: 0.00998, Time: 29.08
It: 66000, Loss: 2.391e-03, l1: 1.069, l2: 0.00999, Time: 29.14
It: 67000, Loss: 2.421e-03, l1: 1.069, l2: 0.00992, Time: 29.00
It: 68000, Loss: 2.382e-03, l1: 1.069, l2: 0.00998, Time: 28.96
It: 69000, Loss: 2.381e-03, l1: 1.069, l2: 0.00997, Time: 28.88
It: 70000, Loss: 2.393e-03, l1: 1.069, l2: 0.00997, Time: 28.88
Model saved to models/Re100wcp/Re100wcp_70000.npz
It: 71000, Loss: 2.410e-03, l1: 1.069, l2: 0.00998, Time: 29.47
It: 72000, Loss: 2.378e-03, l1: 1.069, l2: 0.00995, Time: 33.41
It: 73000, Loss: 2.387e-03, l1: 1.069, l2: 0.00994, Time: 36.73
It: 74000, Loss: 2.370e-03, l1: 1.069, l2: 0.00996, Time: 31.44
It: 75000, Loss: 2.439e-03, l1: 1.069, l2: 0.00991, Time: 31.64
It: 76000, Loss: 2.392e-03, l1: 1.069, l2: 0.00992, Time: 29.08
It: 77000, Loss: 2.383e-03, l1: 1.069, l2: 0.00996, Time: 28.92
It: 78000, Loss: 2.413e-03, l1: 1.069, l2: 0.00999, Time: 29.31
It: 79000, Loss: 2.375e-03, l1: 1.069, l2: 0.00992, Time: 30.27
It: 80000, Loss: 2.358e-03, l1: 1.070, l2: 0.00995, Time: 33.82
Model saved to models/Re100wcp/Re100wcp_80000.npz
It: 81000, Loss: 2.361e-03, l1: 1.070, l2: 0.00996, Time: 36.60
It: 82000, Loss: 2.355e-03, l1: 1.069, l2: 0.00996, Time: 32.48
It: 83000, Loss: 2.362e-03, l1: 1.070, l2: 0.00993, Time: 33.34
It: 84000, Loss: 2.593e-03, l1: 1.069, l2: 0.01002, Time: 29.89
It: 85000, Loss: 2.422e-03, l1: 1.069, l2: 0.01000, Time: 29.91
It: 86000, Loss: 2.346e-03, l1: 1.070, l2: 0.00994, Time: 30.65
It: 87000, Loss: 2.348e-03, l1: 1.070, l2: 0.00995, Time: 37.56
It: 88000, Loss: 2.352e-03, l1: 1.070, l2: 0.00996, Time: 37.70
It: 89000, Loss: 2.342e-03, l1: 1.070, l2: 0.00994, Time: 37.55
It: 90000, Loss: 2.340e-03, l1: 1.070, l2: 0.00994, Time: 31.77
Model saved to models/Re100wcp/Re100wcp_90000.npz
It: 91000, Loss: 2.382e-03, l1: 1.069, l2: 0.00991, Time: 30.92
It: 92000, Loss: 2.337e-03, l1: 1.070, l2: 0.00994, Time: 34.50
It: 93000, Loss: 2.355e-03, l1: 1.069, l2: 0.00995, Time: 29.23
It: 94000, Loss: 2.397e-03, l1: 1.070, l2: 0.00995, Time: 29.03
It: 95000, Loss: 2.332e-03, l1: 1.070, l2: 0.00994, Time: 29.16
It: 96000, Loss: 2.347e-03, l1: 1.069, l2: 0.00992, Time: 29.18
It: 97000, Loss: 2.350e-03, l1: 1.069, l2: 0.00994, Time: 29.20
It: 98000, Loss: 2.329e-03, l1: 1.070, l2: 0.00993, Time: 29.15
It: 99000, Loss: 2.346e-03, l1: 1.070, l2: 0.00994, Time: 29.29
Loss history plot saved to plots/Re100wcp_col5000TL150_[1, 2]//Re100wcp_40000_TL150_loss_hist.png
Lambda history plot saved to plots/Re100wcp_col5000TL150_[1, 2]//Re100wcp_40000_TL150_lambda_hist.png
Model Training Complete for 100000 iterations
Model saved to models/Re100wcp_col5000TL150_[1, 2]//Re100wcp_40000_TL150_100000.npz
Model Re100wcp_40000.npz processed successfully.
Processing model: models/Re100wcp/Re100wcp_50000.npz
Model loaded from models/Re100wcp/Re100wcp_50000.npz
Frozen Layers: [1, 2]
Training Model...
It: 0, Loss: 1.189e-02, l1: 1.082, l2: 0.00653, Time: 10.41
It: 1000, Loss: 3.773e-03, l1: 1.054, l2: 0.00954, Time: 29.08
It: 2000, Loss: 3.389e-03, l1: 1.057, l2: 0.00983, Time: 28.96
It: 3000, Loss: 3.105e-03, l1: 1.059, l2: 0.00996, Time: 29.09
It: 4000, Loss: 3.292e-03, l1: 1.059, l2: 0.01004, Time: 29.17
It: 5000, Loss: 2.953e-03, l1: 1.060, l2: 0.01001, Time: 29.06
It: 6000, Loss: 2.927e-03, l1: 1.060, l2: 0.01003, Time: 28.87
It: 7000, Loss: 2.870e-03, l1: 1.061, l2: 0.01008, Time: 28.96
It: 8000, Loss: 2.960e-03, l1: 1.061, l2: 0.01002, Time: 29.13
It: 9000, Loss: 2.811e-03, l1: 1.062, l2: 0.01011, Time: 29.13
It: 10000, Loss: 2.827e-03, l1: 1.062, l2: 0.01012, Time: 29.13
Model saved to models/Re100wcp/Re100wcp_10000.npz
It: 11000, Loss: 2.880e-03, l1: 1.062, l2: 0.01006, Time: 29.13
It: 12000, Loss: 2.742e-03, l1: 1.063, l2: 0.01013, Time: 29.13
It: 13000, Loss: 2.736e-03, l1: 1.063, l2: 0.01013, Time: 29.13
It: 14000, Loss: 2.716e-03, l1: 1.063, l2: 0.01015, Time: 29.14
It: 15000, Loss: 2.696e-03, l1: 1.063, l2: 0.01018, Time: 29.13
It: 16000, Loss: 3.018e-03, l1: 1.063, l2: 0.01016, Time: 29.10
It: 17000, Loss: 2.672e-03, l1: 1.064, l2: 0.01019, Time: 29.11
It: 18000, Loss: 2.667e-03, l1: 1.064, l2: 0.01021, Time: 29.12
It: 19000, Loss: 2.653e-03, l1: 1.064, l2: 0.01021, Time: 29.13
It: 20000, Loss: 2.741e-03, l1: 1.063, l2: 0.01022, Time: 29.14
Model saved to models/Re100wcp/Re100wcp_20000.npz
It: 21000, Loss: 2.633e-03, l1: 1.064, l2: 0.01022, Time: 29.15
It: 22000, Loss: 2.624e-03, l1: 1.064, l2: 0.01022, Time: 34.96
It: 23000, Loss: 2.617e-03, l1: 1.064, l2: 0.01022, Time: 33.32
It: 24000, Loss: 2.628e-03, l1: 1.064, l2: 0.01024, Time: 37.25
It: 25000, Loss: 2.601e-03, l1: 1.065, l2: 0.01024, Time: 37.39
It: 26000, Loss: 2.595e-03, l1: 1.065, l2: 0.01025, Time: 34.94
It: 27000, Loss: 2.691e-03, l1: 1.064, l2: 0.01029, Time: 32.72
It: 28000, Loss: 2.580e-03, l1: 1.065, l2: 0.01025, Time: 33.55
It: 29000, Loss: 2.600e-03, l1: 1.064, l2: 0.01030, Time: 35.52
It: 30000, Loss: 2.597e-03, l1: 1.065, l2: 0.01026, Time: 33.66
Model saved to models/Re100wcp/Re100wcp_30000.npz
It: 31000, Loss: 2.565e-03, l1: 1.065, l2: 0.01026, Time: 32.87
It: 32000, Loss: 2.704e-03, l1: 1.064, l2: 0.01022, Time: 38.23
It: 33000, Loss: 2.553e-03, l1: 1.065, l2: 0.01026, Time: 37.99
It: 34000, Loss: 2.555e-03, l1: 1.065, l2: 0.01025, Time: 32.72
It: 35000, Loss: 2.542e-03, l1: 1.065, l2: 0.01026, Time: 30.68
It: 36000, Loss: 2.537e-03, l1: 1.065, l2: 0.01027, Time: 29.43
It: 37000, Loss: 2.611e-03, l1: 1.064, l2: 0.01024, Time: 29.02
It: 38000, Loss: 2.691e-03, l1: 1.065, l2: 0.01021, Time: 29.02
It: 39000, Loss: 2.522e-03, l1: 1.066, l2: 0.01026, Time: 28.96
It: 40000, Loss: 2.522e-03, l1: 1.066, l2: 0.01025, Time: 28.98
Model saved to models/Re100wcp/Re100wcp_40000.npz
It: 41000, Loss: 2.516e-03, l1: 1.066, l2: 0.01025, Time: 29.10
It: 42000, Loss: 2.782e-03, l1: 1.065, l2: 0.01018, Time: 28.91
It: 43000, Loss: 2.506e-03, l1: 1.066, l2: 0.01026, Time: 30.06
It: 44000, Loss: 2.505e-03, l1: 1.066, l2: 0.01025, Time: 29.12
It: 45000, Loss: 2.561e-03, l1: 1.065, l2: 0.01026, Time: 29.07
It: 46000, Loss: 2.531e-03, l1: 1.065, l2: 0.01024, Time: 28.99
It: 47000, Loss: 2.492e-03, l1: 1.066, l2: 0.01026, Time: 29.01
It: 48000, Loss: 2.497e-03, l1: 1.066, l2: 0.01024, Time: 28.99
It: 49000, Loss: 2.484e-03, l1: 1.066, l2: 0.01026, Time: 28.95
It: 50000, Loss: 2.480e-03, l1: 1.066, l2: 0.01025, Time: 28.99
Model saved to models/Re100wcp/Re100wcp_50000.npz
It: 51000, Loss: 2.475e-03, l1: 1.066, l2: 0.01025, Time: 28.99
It: 52000, Loss: 2.473e-03, l1: 1.066, l2: 0.01024, Time: 29.04
It: 53000, Loss: 2.497e-03, l1: 1.066, l2: 0.01023, Time: 29.69
It: 54000, Loss: 2.477e-03, l1: 1.066, l2: 0.01026, Time: 29.08
It: 55000, Loss: 2.472e-03, l1: 1.066, l2: 0.01021, Time: 29.03
It: 56000, Loss: 2.459e-03, l1: 1.066, l2: 0.01024, Time: 29.06
It: 57000, Loss: 2.610e-03, l1: 1.066, l2: 0.01022, Time: 30.06
It: 58000, Loss: 2.453e-03, l1: 1.066, l2: 0.01024, Time: 32.39
It: 59000, Loss: 2.491e-03, l1: 1.066, l2: 0.01028, Time: 28.96
It: 60000, Loss: 2.463e-03, l1: 1.066, l2: 0.01023, Time: 29.28
Model saved to models/Re100wcp/Re100wcp_60000.npz
It: 61000, Loss: 2.601e-03, l1: 1.066, l2: 0.01017, Time: 31.39
It: 62000, Loss: 2.446e-03, l1: 1.067, l2: 0.01024, Time: 39.24
It: 63000, Loss: 2.441e-03, l1: 1.066, l2: 0.01023, Time: 34.62
It: 64000, Loss: 2.586e-03, l1: 1.066, l2: 0.01018, Time: 32.91
It: 65000, Loss: 2.435e-03, l1: 1.067, l2: 0.01022, Time: 29.87
It: 66000, Loss: 2.432e-03, l1: 1.067, l2: 0.01023, Time: 34.97
It: 67000, Loss: 2.430e-03, l1: 1.066, l2: 0.01023, Time: 38.10
It: 68000, Loss: 2.426e-03, l1: 1.067, l2: 0.01025, Time: 39.25
It: 69000, Loss: 2.433e-03, l1: 1.066, l2: 0.01025, Time: 39.05
It: 70000, Loss: 2.436e-03, l1: 1.066, l2: 0.01023, Time: 31.38
Model saved to models/Re100wcp/Re100wcp_70000.npz
It: 71000, Loss: 2.428e-03, l1: 1.066, l2: 0.01026, Time: 34.47
It: 72000, Loss: 2.448e-03, l1: 1.066, l2: 0.01026, Time: 39.06
It: 73000, Loss: 2.412e-03, l1: 1.067, l2: 0.01025, Time: 39.06
It: 74000, Loss: 2.409e-03, l1: 1.067, l2: 0.01025, Time: 39.06
It: 75000, Loss: 2.407e-03, l1: 1.067, l2: 0.01025, Time: 39.06
It: 76000, Loss: 2.418e-03, l1: 1.067, l2: 0.01025, Time: 38.78
It: 77000, Loss: 2.424e-03, l1: 1.067, l2: 0.01023, Time: 39.06
It: 78000, Loss: 2.413e-03, l1: 1.067, l2: 0.01022, Time: 38.44
It: 79000, Loss: 2.431e-03, l1: 1.067, l2: 0.01021, Time: 34.03
It: 80000, Loss: 2.410e-03, l1: 1.067, l2: 0.01025, Time: 37.27
Model saved to models/Re100wcp/Re100wcp_80000.npz
It: 81000, Loss: 2.396e-03, l1: 1.067, l2: 0.01023, Time: 37.86
It: 82000, Loss: 2.437e-03, l1: 1.067, l2: 0.01021, Time: 37.81
It: 83000, Loss: 2.391e-03, l1: 1.067, l2: 0.01024, Time: 30.29
It: 84000, Loss: 2.386e-03, l1: 1.067, l2: 0.01022, Time: 30.21
It: 85000, Loss: 2.621e-03, l1: 1.067, l2: 0.01020, Time: 37.80
It: 86000, Loss: 2.408e-03, l1: 1.066, l2: 0.01023, Time: 37.71
It: 87000, Loss: 2.382e-03, l1: 1.067, l2: 0.01021, Time: 35.94
It: 88000, Loss: 2.572e-03, l1: 1.067, l2: 0.01019, Time: 31.69
It: 89000, Loss: 2.382e-03, l1: 1.066, l2: 0.01019, Time: 31.32
It: 90000, Loss: 2.378e-03, l1: 1.067, l2: 0.01019, Time: 34.72
Model saved to models/Re100wcp/Re100wcp_90000.npz
It: 91000, Loss: 2.423e-03, l1: 1.066, l2: 0.01022, Time: 34.82
It: 92000, Loss: 2.371e-03, l1: 1.067, l2: 0.01019, Time: 34.83
It: 93000, Loss: 2.398e-03, l1: 1.067, l2: 0.01020, Time: 34.76
It: 94000, Loss: 2.367e-03, l1: 1.067, l2: 0.01017, Time: 34.56
It: 95000, Loss: 2.433e-03, l1: 1.066, l2: 0.01019, Time: 34.74
It: 96000, Loss: 2.372e-03, l1: 1.067, l2: 0.01017, Time: 34.99
It: 97000, Loss: 2.359e-03, l1: 1.067, l2: 0.01017, Time: 34.95
It: 98000, Loss: 2.376e-03, l1: 1.067, l2: 0.01014, Time: 35.30
It: 99000, Loss: 2.356e-03, l1: 1.067, l2: 0.01015, Time: 35.08
Loss history plot saved to plots/Re100wcp_col5000TL150_[1, 2]//Re100wcp_50000_TL150_loss_hist.png
Lambda history plot saved to plots/Re100wcp_col5000TL150_[1, 2]//Re100wcp_50000_TL150_lambda_hist.png
Model Training Complete for 100000 iterations
Model saved to models/Re100wcp_col5000TL150_[1, 2]//Re100wcp_50000_TL150_100000.npz
Model Re100wcp_50000.npz processed successfully.
Processing model: models/Re100wcp/Re100wcp_60000.npz
Model loaded from models/Re100wcp/Re100wcp_60000.npz
Frozen Layers: [1, 2]
Training Model...
It: 0, Loss: 9.718e-03, l1: 1.080, l2: 0.00971, Time: 11.22
It: 1000, Loss: 3.253e-03, l1: 1.057, l2: 0.01021, Time: 34.59
It: 2000, Loss: 3.350e-03, l1: 1.059, l2: 0.01027, Time: 34.42
It: 3000, Loss: 2.895e-03, l1: 1.060, l2: 0.01020, Time: 34.54
It: 4000, Loss: 2.839e-03, l1: 1.061, l2: 0.01018, Time: 34.83
It: 5000, Loss: 2.773e-03, l1: 1.062, l2: 0.01012, Time: 34.67
It: 6000, Loss: 2.847e-03, l1: 1.062, l2: 0.01007, Time: 34.64
It: 7000, Loss: 2.708e-03, l1: 1.062, l2: 0.01006, Time: 34.60
It: 8000, Loss: 2.701e-03, l1: 1.063, l2: 0.01001, Time: 30.53
It: 9000, Loss: 2.664e-03, l1: 1.063, l2: 0.01001, Time: 29.69
It: 10000, Loss: 2.653e-03, l1: 1.063, l2: 0.01001, Time: 28.94
Model saved to models/Re100wcp/Re100wcp_10000.npz
It: 11000, Loss: 2.636e-03, l1: 1.064, l2: 0.00998, Time: 29.06
It: 12000, Loss: 2.672e-03, l1: 1.064, l2: 0.00991, Time: 28.80
It: 13000, Loss: 2.626e-03, l1: 1.064, l2: 0.01000, Time: 36.28
It: 14000, Loss: 2.593e-03, l1: 1.064, l2: 0.00996, Time: 34.37
It: 15000, Loss: 2.625e-03, l1: 1.064, l2: 0.00999, Time: 34.14
It: 16000, Loss: 2.572e-03, l1: 1.064, l2: 0.00994, Time: 36.41
It: 17000, Loss: 2.580e-03, l1: 1.064, l2: 0.00988, Time: 38.99
It: 18000, Loss: 2.665e-03, l1: 1.064, l2: 0.00992, Time: 38.86
It: 19000, Loss: 2.554e-03, l1: 1.065, l2: 0.00991, Time: 34.23
It: 20000, Loss: 2.539e-03, l1: 1.065, l2: 0.00992, Time: 29.84
Model saved to models/Re100wcp/Re100wcp_20000.npz
It: 21000, Loss: 2.536e-03, l1: 1.065, l2: 0.00993, Time: 29.94
It: 22000, Loss: 2.526e-03, l1: 1.065, l2: 0.00991, Time: 29.93
It: 23000, Loss: 2.531e-03, l1: 1.065, l2: 0.00993, Time: 31.73
It: 24000, Loss: 2.559e-03, l1: 1.065, l2: 0.00989, Time: 30.83
It: 25000, Loss: 2.535e-03, l1: 1.065, l2: 0.00990, Time: 29.49
It: 26000, Loss: 2.509e-03, l1: 1.065, l2: 0.00989, Time: 30.56
It: 27000, Loss: 2.512e-03, l1: 1.065, l2: 0.00990, Time: 29.28
It: 28000, Loss: 2.490e-03, l1: 1.066, l2: 0.00989, Time: 29.06
It: 29000, Loss: 2.509e-03, l1: 1.065, l2: 0.00986, Time: 29.12
It: 30000, Loss: 2.524e-03, l1: 1.065, l2: 0.00989, Time: 29.17
Model saved to models/Re100wcp/Re100wcp_30000.npz
It: 31000, Loss: 2.488e-03, l1: 1.065, l2: 0.00991, Time: 29.10
It: 32000, Loss: 2.540e-03, l1: 1.066, l2: 0.00981, Time: 29.10
It: 33000, Loss: 2.518e-03, l1: 1.065, l2: 0.00983, Time: 29.15
It: 34000, Loss: 2.463e-03, l1: 1.066, l2: 0.00987, Time: 28.98
It: 35000, Loss: 2.469e-03, l1: 1.066, l2: 0.00987, Time: 29.14
It: 36000, Loss: 2.456e-03, l1: 1.066, l2: 0.00987, Time: 29.10
It: 37000, Loss: 2.457e-03, l1: 1.066, l2: 0.00985, Time: 29.02
It: 38000, Loss: 2.450e-03, l1: 1.066, l2: 0.00984, Time: 35.78
It: 39000, Loss: 2.450e-03, l1: 1.066, l2: 0.00986, Time: 36.77
It: 40000, Loss: 2.453e-03, l1: 1.066, l2: 0.00984, Time: 36.51
Model saved to models/Re100wcp/Re100wcp_40000.npz
It: 41000, Loss: 2.438e-03, l1: 1.066, l2: 0.00984, Time: 37.37
It: 42000, Loss: 2.437e-03, l1: 1.066, l2: 0.00984, Time: 37.25
It: 43000, Loss: 2.434e-03, l1: 1.066, l2: 0.00982, Time: 36.75
It: 44000, Loss: 2.435e-03, l1: 1.066, l2: 0.00984, Time: 31.95
It: 45000, Loss: 2.453e-03, l1: 1.066, l2: 0.00981, Time: 29.08
It: 46000, Loss: 2.450e-03, l1: 1.066, l2: 0.00978, Time: 33.76
It: 47000, Loss: 2.419e-03, l1: 1.067, l2: 0.00981, Time: 37.33
It: 48000, Loss: 2.576e-03, l1: 1.067, l2: 0.00972, Time: 34.08
It: 49000, Loss: 2.518e-03, l1: 1.067, l2: 0.00973, Time: 29.13
It: 50000, Loss: 2.412e-03, l1: 1.067, l2: 0.00980, Time: 29.18
Model saved to models/Re100wcp/Re100wcp_50000.npz
It: 51000, Loss: 2.408e-03, l1: 1.067, l2: 0.00980, Time: 29.13
It: 52000, Loss: 2.407e-03, l1: 1.067, l2: 0.00980, Time: 29.06
It: 53000, Loss: 2.406e-03, l1: 1.067, l2: 0.00979, Time: 29.11
It: 54000, Loss: 2.401e-03, l1: 1.067, l2: 0.00979, Time: 36.42
It: 55000, Loss: 2.416e-03, l1: 1.067, l2: 0.00975, Time: 37.55
It: 56000, Loss: 2.435e-03, l1: 1.067, l2: 0.00977, Time: 36.69
It: 57000, Loss: 2.395e-03, l1: 1.067, l2: 0.00978, Time: 36.30
It: 58000, Loss: 2.393e-03, l1: 1.067, l2: 0.00976, Time: 36.80
It: 59000, Loss: 2.391e-03, l1: 1.067, l2: 0.00975, Time: 37.00
It: 60000, Loss: 2.458e-03, l1: 1.067, l2: 0.00973, Time: 36.97
Model saved to models/Re100wcp/Re100wcp_60000.npz
It: 61000, Loss: 2.387e-03, l1: 1.067, l2: 0.00976, Time: 37.02
It: 62000, Loss: 2.382e-03, l1: 1.068, l2: 0.00975, Time: 36.95
It: 63000, Loss: 2.383e-03, l1: 1.068, l2: 0.00975, Time: 36.98
It: 64000, Loss: 2.408e-03, l1: 1.067, l2: 0.00975, Time: 36.97
It: 65000, Loss: 2.376e-03, l1: 1.068, l2: 0.00974, Time: 36.98
It: 66000, Loss: 2.375e-03, l1: 1.068, l2: 0.00973, Time: 37.02
It: 67000, Loss: 2.443e-03, l1: 1.068, l2: 0.00976, Time: 36.95
It: 68000, Loss: 2.387e-03, l1: 1.067, l2: 0.00970, Time: 36.86
It: 69000, Loss: 2.369e-03, l1: 1.068, l2: 0.00973, Time: 36.73
It: 70000, Loss: 2.415e-03, l1: 1.067, l2: 0.00978, Time: 29.36
Model saved to models/Re100wcp/Re100wcp_70000.npz
It: 71000, Loss: 2.365e-03, l1: 1.068, l2: 0.00972, Time: 29.54
It: 72000, Loss: 2.367e-03, l1: 1.068, l2: 0.00972, Time: 33.89
It: 73000, Loss: 2.395e-03, l1: 1.068, l2: 0.00969, Time: 36.87
It: 74000, Loss: 2.368e-03, l1: 1.068, l2: 0.00971, Time: 36.90
It: 75000, Loss: 2.366e-03, l1: 1.068, l2: 0.00971, Time: 36.86
It: 76000, Loss: 2.359e-03, l1: 1.068, l2: 0.00971, Time: 36.86
It: 77000, Loss: 2.355e-03, l1: 1.068, l2: 0.00970, Time: 36.87
It: 78000, Loss: 2.403e-03, l1: 1.068, l2: 0.00967, Time: 36.72
It: 79000, Loss: 2.355e-03, l1: 1.068, l2: 0.00969, Time: 36.67
It: 80000, Loss: 2.443e-03, l1: 1.068, l2: 0.00975, Time: 36.76
Model saved to models/Re100wcp/Re100wcp_80000.npz
It: 81000, Loss: 2.356e-03, l1: 1.068, l2: 0.00967, Time: 36.76
It: 82000, Loss: 2.927e-03, l1: 1.068, l2: 0.00978, Time: 36.80
It: 83000, Loss: 2.355e-03, l1: 1.068, l2: 0.00967, Time: 33.92
It: 84000, Loss: 2.344e-03, l1: 1.068, l2: 0.00968, Time: 29.28
It: 85000, Loss: 2.343e-03, l1: 1.068, l2: 0.00968, Time: 29.30
It: 86000, Loss: 2.355e-03, l1: 1.068, l2: 0.00966, Time: 28.81
It: 87000, Loss: 2.355e-03, l1: 1.068, l2: 0.00968, Time: 28.91
It: 88000, Loss: 2.342e-03, l1: 1.068, l2: 0.00966, Time: 28.87
It: 89000, Loss: 2.341e-03, l1: 1.069, l2: 0.00966, Time: 28.80
It: 90000, Loss: 2.361e-03, l1: 1.068, l2: 0.00969, Time: 28.70
Model saved to models/Re100wcp/Re100wcp_90000.npz
It: 91000, Loss: 2.350e-03, l1: 1.069, l2: 0.00966, Time: 35.83
It: 92000, Loss: 2.445e-03, l1: 1.068, l2: 0.00967, Time: 28.78
It: 93000, Loss: 2.480e-03, l1: 1.069, l2: 0.00960, Time: 28.64
It: 94000, Loss: 2.403e-03, l1: 1.069, l2: 0.00971, Time: 28.69
It: 95000, Loss: 2.330e-03, l1: 1.069, l2: 0.00964, Time: 28.71
It: 96000, Loss: 2.335e-03, l1: 1.068, l2: 0.00966, Time: 28.80
It: 97000, Loss: 2.326e-03, l1: 1.069, l2: 0.00964, Time: 28.67
It: 98000, Loss: 2.330e-03, l1: 1.069, l2: 0.00965, Time: 28.70
It: 99000, Loss: 2.325e-03, l1: 1.069, l2: 0.00963, Time: 28.72
Loss history plot saved to plots/Re100wcp_col5000TL150_[1, 2]//Re100wcp_60000_TL150_loss_hist.png
Lambda history plot saved to plots/Re100wcp_col5000TL150_[1, 2]//Re100wcp_60000_TL150_lambda_hist.png
Model Training Complete for 100000 iterations
Model saved to models/Re100wcp_col5000TL150_[1, 2]//Re100wcp_60000_TL150_100000.npz
Model Re100wcp_60000.npz processed successfully.
Processing model: models/Re100wcp/Re100wcp_70000.npz
Model loaded from models/Re100wcp/Re100wcp_70000.npz
Frozen Layers: [1, 2]
Training Model...
It: 0, Loss: 3.101e-03, l1: 1.068, l2: 0.00878, Time: 10.42
It: 1000, Loss: 2.631e-03, l1: 1.061, l2: 0.00969, Time: 36.95
It: 2000, Loss: 2.575e-03, l1: 1.062, l2: 0.00970, Time: 36.83
It: 3000, Loss: 2.550e-03, l1: 1.062, l2: 0.00969, Time: 36.75
It: 4000, Loss: 2.528e-03, l1: 1.062, l2: 0.00968, Time: 36.88
It: 5000, Loss: 2.514e-03, l1: 1.063, l2: 0.00966, Time: 36.96
It: 6000, Loss: 2.504e-03, l1: 1.063, l2: 0.00966, Time: 36.84
It: 7000, Loss: 2.494e-03, l1: 1.063, l2: 0.00965, Time: 36.87
It: 8000, Loss: 2.486e-03, l1: 1.063, l2: 0.00964, Time: 36.75
It: 9000, Loss: 2.478e-03, l1: 1.063, l2: 0.00963, Time: 36.95
It: 10000, Loss: 2.543e-03, l1: 1.063, l2: 0.00961, Time: 34.84
Model saved to models/Re100wcp/Re100wcp_10000.npz
It: 11000, Loss: 2.473e-03, l1: 1.063, l2: 0.00961, Time: 28.63
It: 12000, Loss: 2.458e-03, l1: 1.063, l2: 0.00962, Time: 28.67
It: 13000, Loss: 2.465e-03, l1: 1.063, l2: 0.00962, Time: 28.70
It: 14000, Loss: 2.462e-03, l1: 1.063, l2: 0.00963, Time: 28.74
It: 15000, Loss: 2.436e-03, l1: 1.064, l2: 0.00963, Time: 28.67
It: 16000, Loss: 2.446e-03, l1: 1.064, l2: 0.00961, Time: 28.69
It: 17000, Loss: 2.425e-03, l1: 1.064, l2: 0.00965, Time: 28.58
It: 18000, Loss: 2.417e-03, l1: 1.064, l2: 0.00965, Time: 28.64
It: 19000, Loss: 2.412e-03, l1: 1.064, l2: 0.00965, Time: 28.65
It: 20000, Loss: 2.411e-03, l1: 1.064, l2: 0.00963, Time: 28.62
Model saved to models/Re100wcp/Re100wcp_20000.npz
It: 21000, Loss: 2.418e-03, l1: 1.064, l2: 0.00966, Time: 28.63
It: 22000, Loss: 2.479e-03, l1: 1.064, l2: 0.00969, Time: 28.64
It: 23000, Loss: 2.394e-03, l1: 1.064, l2: 0.00964, Time: 28.60
It: 24000, Loss: 2.394e-03, l1: 1.064, l2: 0.00965, Time: 28.63
It: 25000, Loss: 2.386e-03, l1: 1.064, l2: 0.00964, Time: 28.68
It: 26000, Loss: 2.439e-03, l1: 1.064, l2: 0.00965, Time: 28.91
It: 27000, Loss: 2.388e-03, l1: 1.064, l2: 0.00961, Time: 28.66
It: 28000, Loss: 2.393e-03, l1: 1.064, l2: 0.00961, Time: 28.66
It: 29000, Loss: 2.375e-03, l1: 1.064, l2: 0.00961, Time: 28.73
It: 30000, Loss: 2.371e-03, l1: 1.065, l2: 0.00961, Time: 28.74
Model saved to models/Re100wcp/Re100wcp_30000.npz
It: 31000, Loss: 2.481e-03, l1: 1.064, l2: 0.00958, Time: 28.62
It: 32000, Loss: 2.370e-03, l1: 1.064, l2: 0.00960, Time: 28.72
It: 33000, Loss: 2.371e-03, l1: 1.064, l2: 0.00958, Time: 31.29
It: 34000, Loss: 2.402e-03, l1: 1.065, l2: 0.00960, Time: 36.80
It: 35000, Loss: 2.360e-03, l1: 1.065, l2: 0.00961, Time: 36.85
It: 36000, Loss: 2.365e-03, l1: 1.065, l2: 0.00962, Time: 36.92
It: 37000, Loss: 2.359e-03, l1: 1.065, l2: 0.00958, Time: 36.65
It: 38000, Loss: 2.391e-03, l1: 1.065, l2: 0.00954, Time: 36.80
It: 39000, Loss: 2.348e-03, l1: 1.065, l2: 0.00958, Time: 36.88
It: 40000, Loss: 2.349e-03, l1: 1.065, l2: 0.00960, Time: 36.91
Model saved to models/Re100wcp/Re100wcp_40000.npz
It: 41000, Loss: 2.348e-03, l1: 1.065, l2: 0.00959, Time: 36.91
It: 42000, Loss: 2.357e-03, l1: 1.065, l2: 0.00955, Time: 36.91
It: 43000, Loss: 2.422e-03, l1: 1.065, l2: 0.00954, Time: 36.91
It: 44000, Loss: 2.339e-03, l1: 1.065, l2: 0.00958, Time: 36.96
It: 45000, Loss: 2.586e-03, l1: 1.064, l2: 0.00951, Time: 36.97
It: 46000, Loss: 2.343e-03, l1: 1.065, l2: 0.00955, Time: 36.95
It: 47000, Loss: 2.336e-03, l1: 1.065, l2: 0.00956, Time: 36.97
It: 48000, Loss: 2.331e-03, l1: 1.065, l2: 0.00956, Time: 37.15
It: 49000, Loss: 2.332e-03, l1: 1.065, l2: 0.00957, Time: 37.12
It: 50000, Loss: 2.350e-03, l1: 1.065, l2: 0.00959, Time: 37.10
Model saved to models/Re100wcp/Re100wcp_50000.npz
It: 51000, Loss: 2.327e-03, l1: 1.065, l2: 0.00956, Time: 37.14
It: 52000, Loss: 2.533e-03, l1: 1.065, l2: 0.00947, Time: 37.09
It: 53000, Loss: 2.325e-03, l1: 1.065, l2: 0.00957, Time: 37.14
It: 54000, Loss: 2.324e-03, l1: 1.065, l2: 0.00953, Time: 37.15
It: 55000, Loss: 2.331e-03, l1: 1.065, l2: 0.00956, Time: 37.15
It: 56000, Loss: 2.327e-03, l1: 1.065, l2: 0.00957, Time: 37.12
It: 57000, Loss: 2.318e-03, l1: 1.065, l2: 0.00956, Time: 30.52
It: 58000, Loss: 2.316e-03, l1: 1.065, l2: 0.00956, Time: 29.25
It: 59000, Loss: 2.351e-03, l1: 1.065, l2: 0.00954, Time: 28.66
It: 60000, Loss: 2.352e-03, l1: 1.065, l2: 0.00958, Time: 32.65
Model saved to models/Re100wcp/Re100wcp_60000.npz
It: 61000, Loss: 2.317e-03, l1: 1.065, l2: 0.00955, Time: 32.44
It: 62000, Loss: 2.320e-03, l1: 1.065, l2: 0.00955, Time: 28.68
It: 63000, Loss: 2.399e-03, l1: 1.065, l2: 0.00950, Time: 28.72
It: 64000, Loss: 2.319e-03, l1: 1.065, l2: 0.00953, Time: 28.73
It: 65000, Loss: 2.312e-03, l1: 1.065, l2: 0.00951, Time: 32.82
It: 66000, Loss: 2.338e-03, l1: 1.065, l2: 0.00955, Time: 37.04
It: 67000, Loss: 2.320e-03, l1: 1.065, l2: 0.00958, Time: 37.12
It: 68000, Loss: 2.426e-03, l1: 1.065, l2: 0.00960, Time: 37.13
It: 69000, Loss: 2.377e-03, l1: 1.065, l2: 0.00948, Time: 37.12
It: 70000, Loss: 2.333e-03, l1: 1.065, l2: 0.00949, Time: 36.74
Model saved to models/Re100wcp/Re100wcp_70000.npz
It: 71000, Loss: 2.326e-03, l1: 1.065, l2: 0.00955, Time: 36.85
It: 72000, Loss: 2.310e-03, l1: 1.065, l2: 0.00954, Time: 36.93
It: 73000, Loss: 2.360e-03, l1: 1.065, l2: 0.00948, Time: 37.07
It: 74000, Loss: 2.300e-03, l1: 1.066, l2: 0.00955, Time: 37.13
It: 75000, Loss: 2.298e-03, l1: 1.066, l2: 0.00953, Time: 37.09
It: 76000, Loss: 2.295e-03, l1: 1.066, l2: 0.00954, Time: 36.99
It: 77000, Loss: 2.305e-03, l1: 1.065, l2: 0.00952, Time: 36.92
It: 78000, Loss: 2.294e-03, l1: 1.066, l2: 0.00954, Time: 36.82
It: 79000, Loss: 2.322e-03, l1: 1.066, l2: 0.00948, Time: 36.91
It: 80000, Loss: 2.292e-03, l1: 1.066, l2: 0.00954, Time: 36.89
Model saved to models/Re100wcp/Re100wcp_80000.npz
It: 81000, Loss: 2.290e-03, l1: 1.066, l2: 0.00953, Time: 37.03
It: 82000, Loss: 2.396e-03, l1: 1.066, l2: 0.00953, Time: 37.15
It: 83000, Loss: 2.288e-03, l1: 1.066, l2: 0.00953, Time: 37.05
It: 84000, Loss: 2.290e-03, l1: 1.066, l2: 0.00951, Time: 37.06
It: 85000, Loss: 2.309e-03, l1: 1.065, l2: 0.00956, Time: 36.96
It: 86000, Loss: 2.306e-03, l1: 1.066, l2: 0.00952, Time: 36.98
It: 87000, Loss: 2.286e-03, l1: 1.066, l2: 0.00955, Time: 37.07
It: 88000, Loss: 2.309e-03, l1: 1.065, l2: 0.00957, Time: 37.09
It: 89000, Loss: 2.283e-03, l1: 1.066, l2: 0.00954, Time: 37.09
It: 90000, Loss: 2.292e-03, l1: 1.066, l2: 0.00951, Time: 33.80
Model saved to models/Re100wcp/Re100wcp_90000.npz
It: 91000, Loss: 2.281e-03, l1: 1.066, l2: 0.00953, Time: 28.77
It: 92000, Loss: 2.313e-03, l1: 1.065, l2: 0.00954, Time: 28.62
It: 93000, Loss: 2.279e-03, l1: 1.066, l2: 0.00953, Time: 28.60
It: 94000, Loss: 2.281e-03, l1: 1.066, l2: 0.00952, Time: 28.56
It: 95000, Loss: 2.277e-03, l1: 1.066, l2: 0.00953, Time: 28.65
It: 96000, Loss: 2.279e-03, l1: 1.066, l2: 0.00953, Time: 28.84
It: 97000, Loss: 2.277e-03, l1: 1.066, l2: 0.00954, Time: 35.32
It: 98000, Loss: 2.288e-03, l1: 1.065, l2: 0.00951, Time: 32.45
It: 99000, Loss: 2.273e-03, l1: 1.066, l2: 0.00952, Time: 28.56
Loss history plot saved to plots/Re100wcp_col5000TL150_[1, 2]//Re100wcp_70000_TL150_loss_hist.png
Lambda history plot saved to plots/Re100wcp_col5000TL150_[1, 2]//Re100wcp_70000_TL150_lambda_hist.png
Model Training Complete for 100000 iterations
Model saved to models/Re100wcp_col5000TL150_[1, 2]//Re100wcp_70000_TL150_100000.npz
Model Re100wcp_70000.npz processed successfully.
Processing model: models/Re100wcp/Re100wcp_80000.npz
Model loaded from models/Re100wcp/Re100wcp_80000.npz
Frozen Layers: [1, 2]
Training Model...
It: 0, Loss: 3.221e-03, l1: 1.065, l2: 0.00854, Time: 10.74
It: 1000, Loss: 2.734e-03, l1: 1.069, l2: 0.00968, Time: 37.04
It: 2000, Loss: 2.535e-03, l1: 1.070, l2: 0.00970, Time: 36.93
It: 3000, Loss: 2.448e-03, l1: 1.070, l2: 0.00969, Time: 36.87
It: 4000, Loss: 2.535e-03, l1: 1.070, l2: 0.00961, Time: 36.89
It: 5000, Loss: 2.423e-03, l1: 1.070, l2: 0.00971, Time: 36.87
It: 6000, Loss: 2.415e-03, l1: 1.070, l2: 0.00966, Time: 36.91
It: 7000, Loss: 2.430e-03, l1: 1.071, l2: 0.00963, Time: 36.88
It: 8000, Loss: 2.384e-03, l1: 1.071, l2: 0.00967, Time: 36.93
It: 9000, Loss: 2.377e-03, l1: 1.071, l2: 0.00966, Time: 36.93
It: 10000, Loss: 2.382e-03, l1: 1.071, l2: 0.00963, Time: 36.92
Model saved to models/Re100wcp/Re100wcp_10000.npz
It: 11000, Loss: 2.366e-03, l1: 1.071, l2: 0.00964, Time: 36.93
It: 12000, Loss: 2.405e-03, l1: 1.071, l2: 0.00961, Time: 36.84
It: 13000, Loss: 2.365e-03, l1: 1.071, l2: 0.00964, Time: 36.91
It: 14000, Loss: 2.364e-03, l1: 1.071, l2: 0.00965, Time: 36.91
It: 15000, Loss: 2.345e-03, l1: 1.071, l2: 0.00963, Time: 31.24
It: 16000, Loss: 2.342e-03, l1: 1.071, l2: 0.00962, Time: 28.74
It: 17000, Loss: 2.346e-03, l1: 1.071, l2: 0.00961, Time: 28.74
It: 18000, Loss: 2.333e-03, l1: 1.071, l2: 0.00961, Time: 28.73
It: 19000, Loss: 2.329e-03, l1: 1.071, l2: 0.00961, Time: 28.69
It: 20000, Loss: 2.326e-03, l1: 1.071, l2: 0.00960, Time: 28.72
Model saved to models/Re100wcp/Re100wcp_20000.npz
It: 21000, Loss: 2.323e-03, l1: 1.071, l2: 0.00959, Time: 28.71
It: 22000, Loss: 2.386e-03, l1: 1.072, l2: 0.00958, Time: 28.73
It: 23000, Loss: 2.353e-03, l1: 1.071, l2: 0.00959, Time: 28.74
It: 24000, Loss: 2.328e-03, l1: 1.072, l2: 0.00961, Time: 28.72
It: 25000, Loss: 2.315e-03, l1: 1.072, l2: 0.00959, Time: 28.70
It: 26000, Loss: 2.315e-03, l1: 1.072, l2: 0.00961, Time: 28.68
It: 27000, Loss: 2.304e-03, l1: 1.072, l2: 0.00959, Time: 28.69
It: 28000, Loss: 2.305e-03, l1: 1.072, l2: 0.00959, Time: 28.74
It: 29000, Loss: 2.316e-03, l1: 1.072, l2: 0.00956, Time: 28.88
It: 30000, Loss: 2.322e-03, l1: 1.072, l2: 0.00956, Time: 28.83
Model saved to models/Re100wcp/Re100wcp_30000.npz
It: 31000, Loss: 2.345e-03, l1: 1.072, l2: 0.00955, Time: 35.87
It: 32000, Loss: 2.305e-03, l1: 1.072, l2: 0.00955, Time: 33.83
It: 33000, Loss: 2.338e-03, l1: 1.072, l2: 0.00961, Time: 36.85
It: 34000, Loss: 2.291e-03, l1: 1.072, l2: 0.00959, Time: 36.65
It: 35000, Loss: 2.320e-03, l1: 1.072, l2: 0.00962, Time: 37.08
It: 36000, Loss: 2.485e-03, l1: 1.072, l2: 0.00950, Time: 36.95
It: 37000, Loss: 2.288e-03, l1: 1.072, l2: 0.00954, Time: 36.85
It: 38000, Loss: 2.275e-03, l1: 1.072, l2: 0.00957, Time: 36.91
It: 39000, Loss: 2.273e-03, l1: 1.073, l2: 0.00957, Time: 37.05
It: 40000, Loss: 2.271e-03, l1: 1.073, l2: 0.00956, Time: 37.04
Model saved to models/Re100wcp/Re100wcp_40000.npz
It: 41000, Loss: 2.277e-03, l1: 1.073, l2: 0.00955, Time: 37.01
It: 42000, Loss: 2.266e-03, l1: 1.073, l2: 0.00956, Time: 36.71
It: 43000, Loss: 2.303e-03, l1: 1.073, l2: 0.00957, Time: 37.02
It: 44000, Loss: 2.264e-03, l1: 1.073, l2: 0.00956, Time: 37.03
It: 45000, Loss: 2.317e-03, l1: 1.072, l2: 0.00958, Time: 37.02
It: 46000, Loss: 2.313e-03, l1: 1.072, l2: 0.00951, Time: 37.02
It: 47000, Loss: 2.266e-03, l1: 1.073, l2: 0.00955, Time: 36.83
It: 48000, Loss: 2.262e-03, l1: 1.073, l2: 0.00956, Time: 36.94
It: 49000, Loss: 2.256e-03, l1: 1.073, l2: 0.00955, Time: 36.98
It: 50000, Loss: 2.294e-03, l1: 1.073, l2: 0.00952, Time: 36.95
Model saved to models/Re100wcp/Re100wcp_50000.npz
It: 51000, Loss: 2.272e-03, l1: 1.073, l2: 0.00953, Time: 36.98
It: 52000, Loss: 2.250e-03, l1: 1.073, l2: 0.00956, Time: 36.94
It: 53000, Loss: 2.267e-03, l1: 1.073, l2: 0.00959, Time: 36.96
It: 54000, Loss: 2.246e-03, l1: 1.073, l2: 0.00955, Time: 36.95
It: 55000, Loss: 2.252e-03, l1: 1.073, l2: 0.00955, Time: 36.98
It: 56000, Loss: 2.264e-03, l1: 1.073, l2: 0.00955, Time: 36.98
It: 57000, Loss: 2.241e-03, l1: 1.073, l2: 0.00955, Time: 36.93
It: 58000, Loss: 2.257e-03, l1: 1.073, l2: 0.00953, Time: 36.92
It: 59000, Loss: 2.268e-03, l1: 1.073, l2: 0.00952, Time: 36.89
It: 60000, Loss: 2.237e-03, l1: 1.073, l2: 0.00955, Time: 36.20
Model saved to models/Re100wcp/Re100wcp_60000.npz
It: 61000, Loss: 2.238e-03, l1: 1.073, l2: 0.00955, Time: 29.18
It: 62000, Loss: 2.234e-03, l1: 1.073, l2: 0.00955, Time: 28.78
It: 63000, Loss: 2.232e-03, l1: 1.074, l2: 0.00955, Time: 28.81
It: 64000, Loss: 2.330e-03, l1: 1.074, l2: 0.00951, Time: 28.75
It: 65000, Loss: 2.244e-03, l1: 1.073, l2: 0.00954, Time: 28.82
It: 66000, Loss: 2.229e-03, l1: 1.074, l2: 0.00955, Time: 28.69
It: 67000, Loss: 2.386e-03, l1: 1.074, l2: 0.00947, Time: 29.84
It: 68000, Loss: 2.225e-03, l1: 1.074, l2: 0.00954, Time: 33.60
It: 69000, Loss: 2.224e-03, l1: 1.074, l2: 0.00954, Time: 28.68
It: 70000, Loss: 2.246e-03, l1: 1.074, l2: 0.00952, Time: 28.68
Model saved to models/Re100wcp/Re100wcp_70000.npz
It: 71000, Loss: 2.222e-03, l1: 1.074, l2: 0.00954, Time: 28.63
It: 72000, Loss: 2.221e-03, l1: 1.074, l2: 0.00953, Time: 28.57
It: 73000, Loss: 2.219e-03, l1: 1.074, l2: 0.00954, Time: 28.75
It: 74000, Loss: 2.232e-03, l1: 1.074, l2: 0.00955, Time: 28.62
It: 75000, Loss: 2.243e-03, l1: 1.074, l2: 0.00952, Time: 28.78
It: 76000, Loss: 2.217e-03, l1: 1.074, l2: 0.00954, Time: 29.22
It: 77000, Loss: 2.215e-03, l1: 1.074, l2: 0.00954, Time: 28.91
It: 78000, Loss: 2.446e-03, l1: 1.074, l2: 0.00956, Time: 28.87
It: 79000, Loss: 2.212e-03, l1: 1.074, l2: 0.00953, Time: 28.82
It: 80000, Loss: 2.213e-03, l1: 1.074, l2: 0.00951, Time: 33.64
Model saved to models/Re100wcp/Re100wcp_80000.npz
It: 81000, Loss: 2.209e-03, l1: 1.074, l2: 0.00953, Time: 31.39
It: 82000, Loss: 2.211e-03, l1: 1.074, l2: 0.00952, Time: 28.74
It: 83000, Loss: 2.206e-03, l1: 1.074, l2: 0.00953, Time: 28.78
It: 84000, Loss: 2.395e-03, l1: 1.074, l2: 0.00946, Time: 28.76
It: 85000, Loss: 2.257e-03, l1: 1.074, l2: 0.00944, Time: 28.73
It: 86000, Loss: 2.214e-03, l1: 1.075, l2: 0.00953, Time: 31.52
It: 87000, Loss: 2.206e-03, l1: 1.074, l2: 0.00954, Time: 36.89
It: 88000, Loss: 2.209e-03, l1: 1.074, l2: 0.00950, Time: 36.91
It: 89000, Loss: 2.201e-03, l1: 1.075, l2: 0.00950, Time: 36.89
It: 90000, Loss: 2.205e-03, l1: 1.075, l2: 0.00951, Time: 36.87
Model saved to models/Re100wcp/Re100wcp_90000.npz
It: 91000, Loss: 2.228e-03, l1: 1.074, l2: 0.00951, Time: 36.90
It: 92000, Loss: 2.216e-03, l1: 1.074, l2: 0.00951, Time: 35.75
It: 93000, Loss: 2.287e-03, l1: 1.075, l2: 0.00944, Time: 34.73
It: 94000, Loss: 2.197e-03, l1: 1.075, l2: 0.00950, Time: 32.52
It: 95000, Loss: 2.333e-03, l1: 1.075, l2: 0.00955, Time: 28.68
It: 96000, Loss: 2.204e-03, l1: 1.075, l2: 0.00953, Time: 28.67
It: 97000, Loss: 2.191e-03, l1: 1.075, l2: 0.00950, Time: 30.37
It: 98000, Loss: 2.217e-03, l1: 1.075, l2: 0.00944, Time: 37.01
It: 99000, Loss: 2.188e-03, l1: 1.075, l2: 0.00950, Time: 37.06
Loss history plot saved to plots/Re100wcp_col5000TL150_[1, 2]//Re100wcp_80000_TL150_loss_hist.png
Lambda history plot saved to plots/Re100wcp_col5000TL150_[1, 2]//Re100wcp_80000_TL150_lambda_hist.png
Model Training Complete for 100000 iterations
Model saved to models/Re100wcp_col5000TL150_[1, 2]//Re100wcp_80000_TL150_100000.npz
Model Re100wcp_80000.npz processed successfully.
Processing model: models/Re100wcp/Re100wcp_90000.npz
Model loaded from models/Re100wcp/Re100wcp_90000.npz
Frozen Layers: [1, 2]
Training Model...
It: 0, Loss: 3.207e-03, l1: 1.074, l2: 0.00851, Time: 11.07
It: 1000, Loss: 2.610e-03, l1: 1.068, l2: 0.00966, Time: 37.19
It: 2000, Loss: 2.482e-03, l1: 1.069, l2: 0.00972, Time: 37.15
It: 3000, Loss: 2.453e-03, l1: 1.069, l2: 0.00977, Time: 37.02
It: 4000, Loss: 2.432e-03, l1: 1.070, l2: 0.00977, Time: 37.15
It: 5000, Loss: 2.419e-03, l1: 1.070, l2: 0.00983, Time: 37.17
It: 6000, Loss: 2.404e-03, l1: 1.070, l2: 0.00983, Time: 37.19
It: 7000, Loss: 2.473e-03, l1: 1.070, l2: 0.00981, Time: 37.22
It: 8000, Loss: 2.448e-03, l1: 1.070, l2: 0.00982, Time: 37.13
It: 9000, Loss: 2.380e-03, l1: 1.070, l2: 0.00986, Time: 37.18
It: 10000, Loss: 2.393e-03, l1: 1.070, l2: 0.00991, Time: 35.14
Model saved to models/Re100wcp/Re100wcp_10000.npz
It: 11000, Loss: 2.373e-03, l1: 1.070, l2: 0.00989, Time: 29.06
It: 12000, Loss: 2.362e-03, l1: 1.071, l2: 0.00988, Time: 28.62
It: 13000, Loss: 2.362e-03, l1: 1.070, l2: 0.00989, Time: 28.63
It: 14000, Loss: 2.353e-03, l1: 1.071, l2: 0.00988, Time: 28.88
It: 15000, Loss: 2.369e-03, l1: 1.070, l2: 0.00987, Time: 28.76
It: 16000, Loss: 2.508e-03, l1: 1.071, l2: 0.00993, Time: 30.60
It: 17000, Loss: 2.385e-03, l1: 1.071, l2: 0.00984, Time: 37.20
It: 18000, Loss: 2.342e-03, l1: 1.071, l2: 0.00988, Time: 36.01
It: 19000, Loss: 2.435e-03, l1: 1.071, l2: 0.00992, Time: 36.93
It: 20000, Loss: 2.331e-03, l1: 1.071, l2: 0.00989, Time: 36.45
Model saved to models/Re100wcp/Re100wcp_20000.npz
It: 21000, Loss: 2.374e-03, l1: 1.071, l2: 0.00993, Time: 36.93
It: 22000, Loss: 2.326e-03, l1: 1.071, l2: 0.00989, Time: 36.97
It: 23000, Loss: 2.352e-03, l1: 1.071, l2: 0.00987, Time: 36.98
It: 24000, Loss: 2.321e-03, l1: 1.071, l2: 0.00989, Time: 36.97
It: 25000, Loss: 2.320e-03, l1: 1.071, l2: 0.00989, Time: 37.00
It: 26000, Loss: 2.325e-03, l1: 1.071, l2: 0.00987, Time: 36.99
It: 27000, Loss: 2.319e-03, l1: 1.071, l2: 0.00991, Time: 36.95
It: 28000, Loss: 2.331e-03, l1: 1.071, l2: 0.00994, Time: 36.99
It: 29000, Loss: 2.320e-03, l1: 1.071, l2: 0.00988, Time: 36.97
It: 30000, Loss: 2.308e-03, l1: 1.071, l2: 0.00988, Time: 37.01
Model saved to models/Re100wcp/Re100wcp_30000.npz
It: 31000, Loss: 2.308e-03, l1: 1.071, l2: 0.00988, Time: 36.94
It: 32000, Loss: 2.302e-03, l1: 1.071, l2: 0.00990, Time: 36.90
It: 33000, Loss: 2.300e-03, l1: 1.071, l2: 0.00989, Time: 36.91
It: 34000, Loss: 2.331e-03, l1: 1.071, l2: 0.00984, Time: 29.10
It: 35000, Loss: 2.408e-03, l1: 1.071, l2: 0.00987, Time: 28.73
It: 36000, Loss: 2.296e-03, l1: 1.071, l2: 0.00989, Time: 28.75
It: 37000, Loss: 2.295e-03, l1: 1.071, l2: 0.00990, Time: 28.69
It: 38000, Loss: 2.541e-03, l1: 1.071, l2: 0.00997, Time: 29.90
It: 39000, Loss: 2.294e-03, l1: 1.071, l2: 0.00990, Time: 30.28
It: 40000, Loss: 2.287e-03, l1: 1.071, l2: 0.00989, Time: 28.75
Model saved to models/Re100wcp/Re100wcp_40000.npz
It: 41000, Loss: 2.288e-03, l1: 1.071, l2: 0.00988, Time: 28.68
It: 42000, Loss: 2.290e-03, l1: 1.071, l2: 0.00989, Time: 28.70
It: 43000, Loss: 2.300e-03, l1: 1.071, l2: 0.00987, Time: 28.65
It: 44000, Loss: 2.297e-03, l1: 1.071, l2: 0.00988, Time: 28.67
It: 45000, Loss: 2.281e-03, l1: 1.071, l2: 0.00988, Time: 28.66
It: 46000, Loss: 2.276e-03, l1: 1.071, l2: 0.00988, Time: 28.66
It: 47000, Loss: 2.274e-03, l1: 1.071, l2: 0.00988, Time: 28.64
It: 48000, Loss: 2.275e-03, l1: 1.071, l2: 0.00987, Time: 28.68
It: 49000, Loss: 2.284e-03, l1: 1.071, l2: 0.00990, Time: 28.66
It: 50000, Loss: 2.391e-03, l1: 1.071, l2: 0.00982, Time: 28.66
Model saved to models/Re100wcp/Re100wcp_50000.npz
It: 51000, Loss: 2.296e-03, l1: 1.071, l2: 0.00991, Time: 28.69
It: 52000, Loss: 2.278e-03, l1: 1.071, l2: 0.00989, Time: 28.63
It: 53000, Loss: 2.286e-03, l1: 1.071, l2: 0.00984, Time: 28.65
It: 54000, Loss: 2.266e-03, l1: 1.071, l2: 0.00988, Time: 28.64
It: 55000, Loss: 2.265e-03, l1: 1.071, l2: 0.00990, Time: 28.61
It: 56000, Loss: 2.295e-03, l1: 1.071, l2: 0.00991, Time: 28.64
It: 57000, Loss: 2.447e-03, l1: 1.071, l2: 0.00993, Time: 28.64
It: 58000, Loss: 2.259e-03, l1: 1.071, l2: 0.00987, Time: 28.67
It: 59000, Loss: 2.275e-03, l1: 1.072, l2: 0.00985, Time: 33.50
It: 60000, Loss: 2.331e-03, l1: 1.072, l2: 0.00996, Time: 28.77
Model saved to models/Re100wcp/Re100wcp_60000.npz
It: 61000, Loss: 2.323e-03, l1: 1.071, l2: 0.00981, Time: 28.72
It: 62000, Loss: 2.289e-03, l1: 1.071, l2: 0.00994, Time: 28.74
It: 63000, Loss: 2.253e-03, l1: 1.072, l2: 0.00988, Time: 28.63
It: 64000, Loss: 2.439e-03, l1: 1.071, l2: 0.00990, Time: 28.83
It: 65000, Loss: 2.247e-03, l1: 1.072, l2: 0.00987, Time: 28.89
It: 66000, Loss: 2.326e-03, l1: 1.072, l2: 0.00992, Time: 28.86
It: 67000, Loss: 2.251e-03, l1: 1.071, l2: 0.00987, Time: 28.81
It: 68000, Loss: 2.243e-03, l1: 1.072, l2: 0.00987, Time: 28.92
It: 69000, Loss: 2.244e-03, l1: 1.072, l2: 0.00987, Time: 28.84
It: 70000, Loss: 2.245e-03, l1: 1.072, l2: 0.00987, Time: 28.81
Model saved to models/Re100wcp/Re100wcp_70000.npz
It: 71000, Loss: 2.415e-03, l1: 1.072, l2: 0.00988, Time: 28.89
It: 72000, Loss: 2.249e-03, l1: 1.072, l2: 0.00987, Time: 28.72
It: 73000, Loss: 2.245e-03, l1: 1.072, l2: 0.00989, Time: 28.68
It: 74000, Loss: 2.236e-03, l1: 1.072, l2: 0.00984, Time: 28.75
It: 75000, Loss: 2.243e-03, l1: 1.072, l2: 0.00988, Time: 28.73
It: 76000, Loss: 2.457e-03, l1: 1.071, l2: 0.00989, Time: 28.71
It: 77000, Loss: 2.235e-03, l1: 1.072, l2: 0.00985, Time: 28.71
It: 78000, Loss: 2.464e-03, l1: 1.072, l2: 0.00995, Time: 28.69
It: 79000, Loss: 2.228e-03, l1: 1.072, l2: 0.00986, Time: 28.69
It: 80000, Loss: 2.264e-03, l1: 1.072, l2: 0.00984, Time: 28.74
Model saved to models/Re100wcp/Re100wcp_80000.npz
It: 81000, Loss: 2.259e-03, l1: 1.072, l2: 0.00980, Time: 28.74
It: 82000, Loss: 2.226e-03, l1: 1.072, l2: 0.00984, Time: 28.65
It: 83000, Loss: 2.226e-03, l1: 1.072, l2: 0.00984, Time: 28.66
It: 84000, Loss: 2.223e-03, l1: 1.072, l2: 0.00986, Time: 28.64
It: 85000, Loss: 2.224e-03, l1: 1.072, l2: 0.00984, Time: 28.65
It: 86000, Loss: 2.261e-03, l1: 1.072, l2: 0.00987, Time: 28.67
It: 87000, Loss: 2.223e-03, l1: 1.072, l2: 0.00985, Time: 28.63
It: 88000, Loss: 2.281e-03, l1: 1.072, l2: 0.00989, Time: 36.18
It: 89000, Loss: 2.239e-03, l1: 1.072, l2: 0.00981, Time: 37.17
It: 90000, Loss: 2.241e-03, l1: 1.072, l2: 0.00983, Time: 36.96
Model saved to models/Re100wcp/Re100wcp_90000.npz
It: 91000, Loss: 2.219e-03, l1: 1.072, l2: 0.00983, Time: 35.71
It: 92000, Loss: 2.218e-03, l1: 1.072, l2: 0.00984, Time: 28.82
It: 93000, Loss: 2.212e-03, l1: 1.072, l2: 0.00984, Time: 28.77
It: 94000, Loss: 2.249e-03, l1: 1.072, l2: 0.00984, Time: 28.76
It: 95000, Loss: 2.211e-03, l1: 1.072, l2: 0.00983, Time: 28.78
It: 96000, Loss: 2.357e-03, l1: 1.072, l2: 0.00973, Time: 28.65
It: 97000, Loss: 2.227e-03, l1: 1.072, l2: 0.00985, Time: 31.90
It: 98000, Loss: 2.249e-03, l1: 1.072, l2: 0.00983, Time: 37.00
It: 99000, Loss: 2.230e-03, l1: 1.072, l2: 0.00982, Time: 37.12
Loss history plot saved to plots/Re100wcp_col5000TL150_[1, 2]//Re100wcp_90000_TL150_loss_hist.png
Lambda history plot saved to plots/Re100wcp_col5000TL150_[1, 2]//Re100wcp_90000_TL150_lambda_hist.png
Model Training Complete for 100000 iterations
Model saved to models/Re100wcp_col5000TL150_[1, 2]//Re100wcp_90000_TL150_100000.npz
Model Re100wcp_90000.npz processed successfully.
==============================================================================
Running epilogue script on pink51.

Submit time  : 2025-03-02T17:47:57
Start time   : 2025-03-02T17:47:57
End time     : 2025-03-03T02:53:23
Elapsed time : 09:05:26 (Timelimit=1-12:00:00)

Job ID: 7126556
Cluster: i5
User/Group: fe1g22/pe
State: COMPLETED (exit code 0)
Nodes: 1
Cores per node: 8
CPU Utilized: 09:08:40
CPU Efficiency: 12.57% of 3-00:43:28 core-walltime
Job Wall-clock time: 09:05:26
Memory Utilized: 2.49 GB
Memory Efficiency: 0.00% of 16.00 B

