Running SLURM prolog script on pink57.cluster.local
===============================================================================
Job started on Tue Feb 11 15:29:00 GMT 2025
Job ID          : 7046079
Job name        : Re100wcp_TL150
WorkDir         : /mainfs/lyceum/fe1g22
Command         : /mainfs/lyceum/fe1g22/TL-PINN-training.slurm
Partition       : lyceum
Num hosts       : 1
Num cores       : 8
Num of tasks    : 1
Hosts allocated : pink57
Job Output Follows ...
===============================================================================
Tue Feb 11 15:29:08 2025       
+---------------------------------------------------------------------------------------+
| NVIDIA-SMI 535.104.05             Driver Version: 535.104.05   CUDA Version: 12.2     |
|-----------------------------------------+----------------------+----------------------+
| GPU  Name                 Persistence-M | Bus-Id        Disp.A | Volatile Uncorr. ECC |
| Fan  Temp   Perf          Pwr:Usage/Cap |         Memory-Usage | GPU-Util  Compute M. |
|                                         |                      |               MIG M. |
|=========================================+======================+======================|
|   0  NVIDIA GeForce GTX 1080 Ti     Off | 00000000:82:00.0 Off |                  N/A |
| 23%   31C    P8               8W / 250W |      0MiB / 11264MiB |      0%      Default |
|                                         |                      |                  N/A |
+-----------------------------------------+----------------------+----------------------+
                                                                                         
+---------------------------------------------------------------------------------------+
| Processes:                                                                            |
|  GPU   GI   CI        PID   Type   Process name                            GPU Memory |
|        ID   ID                                                             Usage      |
|=======================================================================================|
|  No running processes found                                                           |
+---------------------------------------------------------------------------------------+
slurmstepd-pink57: error: *** JOB 7046062 ON pink57 CANCELLED AT 2025-02-11T15:29:27 ***
==============================================================================
Running epilogue script on pink57.

Submit time  : 2025-02-11T15:20:17
Start time   : 2025-02-11T15:20:17
End time     : 2025-02-11T15:29:27
Elapsed time : 00:09:10 (Timelimit=1-12:00:00)

Job ID: 7046062
Cluster: i5
User/Group: fe1g22/pe
State: CANCELLED (exit code 0)
Nodes: 1
Cores per node: 8
CPU Utilized: 00:00:02
CPU Efficiency: 0.05% of 01:13:20 core-walltime
Job Wall-clock time: 00:09:10
Memory Utilized: 2.06 GB
Memory Efficiency: 0.00% of 16.00 B

GPU detected and configured.
Configuration loaded.
Loading cached data from temp/data_re150_35x15x10.npz
Data loaded from temp/data_re150_35x15x10.npz
Found 9 models.
Processing model: models/Re100/Re100_10000.npz
Model loaded from models/Re100/Re100_10000.npz
Frozen Layers: [1, 2]
Training Model...
It: 0, Loss: 7.142e-04, l1: 1.098, l2: 0.01382, Time: 13.73
It: 1000, Loss: 7.467e-04, l1: 1.096, l2: 0.01293, Time: 23.27
It: 2000, Loss: 9.002e-04, l1: 1.095, l2: 0.01281, Time: 23.29
It: 3000, Loss: 7.109e-04, l1: 1.092, l2: 0.01286, Time: 23.12
It: 4000, Loss: 6.312e-04, l1: 1.091, l2: 0.01287, Time: 23.34
It: 5000, Loss: 6.189e-04, l1: 1.088, l2: 0.01293, Time: 21.94
It: 6000, Loss: 6.673e-04, l1: 1.086, l2: 0.01300, Time: 21.34
It: 7000, Loss: 5.687e-04, l1: 1.084, l2: 0.01311, Time: 21.33
It: 8000, Loss: 5.653e-04, l1: 1.083, l2: 0.01324, Time: 21.14
It: 9000, Loss: 5.457e-04, l1: 1.081, l2: 0.01340, Time: 20.83
It: 10000, Loss: 5.213e-04, l1: 1.080, l2: 0.01348, Time: 20.94
Model saved to models/Re100/Re100_10000.npz
It: 11000, Loss: 5.380e-04, l1: 1.078, l2: 0.01359, Time: 21.19
It: 12000, Loss: 5.214e-04, l1: 1.077, l2: 0.01371, Time: 21.07
It: 13000, Loss: 5.110e-04, l1: 1.075, l2: 0.01382, Time: 20.95
It: 14000, Loss: 6.353e-04, l1: 1.073, l2: 0.01390, Time: 21.31
It: 15000, Loss: 4.626e-04, l1: 1.072, l2: 0.01404, Time: 21.58
It: 16000, Loss: 5.501e-04, l1: 1.070, l2: 0.01409, Time: 21.22
It: 17000, Loss: 4.519e-04, l1: 1.068, l2: 0.01425, Time: 21.11
It: 18000, Loss: 4.221e-04, l1: 1.067, l2: 0.01432, Time: 20.96
It: 19000, Loss: 6.006e-04, l1: 1.065, l2: 0.01435, Time: 20.76
It: 20000, Loss: 4.102e-04, l1: 1.064, l2: 0.01447, Time: 21.48
Model saved to models/Re100/Re100_20000.npz
It: 21000, Loss: 4.192e-04, l1: 1.063, l2: 0.01456, Time: 21.28
It: 22000, Loss: 4.184e-04, l1: 1.061, l2: 0.01463, Time: 21.32
It: 23000, Loss: 4.855e-04, l1: 1.059, l2: 0.01468, Time: 21.43
It: 24000, Loss: 4.022e-04, l1: 1.058, l2: 0.01475, Time: 21.16
It: 25000, Loss: 3.675e-04, l1: 1.056, l2: 0.01479, Time: 21.47
It: 26000, Loss: 3.744e-04, l1: 1.055, l2: 0.01484, Time: 21.42
It: 27000, Loss: 3.551e-04, l1: 1.053, l2: 0.01492, Time: 21.34
It: 28000, Loss: 3.732e-04, l1: 1.052, l2: 0.01495, Time: 21.23
It: 29000, Loss: 4.253e-04, l1: 1.050, l2: 0.01497, Time: 21.41
It: 30000, Loss: 3.599e-04, l1: 1.049, l2: 0.01503, Time: 21.58
Model saved to models/Re100/Re100_30000.npz
It: 31000, Loss: 3.434e-04, l1: 1.047, l2: 0.01503, Time: 21.28
It: 32000, Loss: 4.872e-04, l1: 1.046, l2: 0.01507, Time: 20.99
It: 33000, Loss: 4.409e-04, l1: 1.044, l2: 0.01502, Time: 21.05
It: 34000, Loss: 3.420e-04, l1: 1.042, l2: 0.01511, Time: 21.21
It: 35000, Loss: 3.215e-04, l1: 1.041, l2: 0.01510, Time: 21.05
It: 36000, Loss: 3.121e-04, l1: 1.039, l2: 0.01514, Time: 21.36
It: 37000, Loss: 3.236e-04, l1: 1.037, l2: 0.01513, Time: 21.50
It: 38000, Loss: 2.938e-04, l1: 1.036, l2: 0.01515, Time: 21.21
It: 39000, Loss: 2.968e-04, l1: 1.034, l2: 0.01515, Time: 21.04
It: 40000, Loss: 3.242e-04, l1: 1.032, l2: 0.01510, Time: 21.10
Model saved to models/Re100/Re100_40000.npz
It: 41000, Loss: 2.897e-04, l1: 1.031, l2: 0.01512, Time: 20.92
It: 42000, Loss: 2.903e-04, l1: 1.029, l2: 0.01511, Time: 21.16
It: 43000, Loss: 3.506e-04, l1: 1.028, l2: 0.01505, Time: 21.33
It: 44000, Loss: 2.727e-04, l1: 1.026, l2: 0.01506, Time: 20.93
It: 45000, Loss: 3.777e-04, l1: 1.025, l2: 0.01500, Time: 20.94
It: 46000, Loss: 3.555e-04, l1: 1.023, l2: 0.01504, Time: 21.13
It: 47000, Loss: 3.363e-04, l1: 1.021, l2: 0.01498, Time: 21.57
It: 48000, Loss: 3.023e-04, l1: 1.020, l2: 0.01488, Time: 21.52
It: 49000, Loss: 2.690e-04, l1: 1.018, l2: 0.01484, Time: 21.27
It: 50000, Loss: 3.224e-04, l1: 1.017, l2: 0.01487, Time: 21.50
Model saved to models/Re100/Re100_50000.npz
It: 51000, Loss: 3.964e-04, l1: 1.015, l2: 0.01478, Time: 21.20
It: 52000, Loss: 3.681e-04, l1: 1.013, l2: 0.01465, Time: 21.21
It: 53000, Loss: 2.617e-04, l1: 1.012, l2: 0.01465, Time: 20.91
It: 54000, Loss: 3.177e-04, l1: 1.010, l2: 0.01462, Time: 20.91
It: 55000, Loss: 2.576e-04, l1: 1.008, l2: 0.01461, Time: 20.79
It: 56000, Loss: 2.289e-04, l1: 1.007, l2: 0.01453, Time: 21.01
It: 57000, Loss: 2.682e-04, l1: 1.005, l2: 0.01452, Time: 20.89
It: 58000, Loss: 3.130e-04, l1: 1.004, l2: 0.01448, Time: 20.92
It: 59000, Loss: 2.177e-04, l1: 1.002, l2: 0.01441, Time: 20.98
It: 60000, Loss: 2.766e-04, l1: 1.000, l2: 0.01437, Time: 20.73
Model saved to models/Re100/Re100_60000.npz
It: 61000, Loss: 2.216e-04, l1: 0.998, l2: 0.01432, Time: 20.91
It: 62000, Loss: 2.209e-04, l1: 0.997, l2: 0.01428, Time: 20.88
It: 63000, Loss: 2.077e-04, l1: 0.995, l2: 0.01423, Time: 20.73
It: 64000, Loss: 2.077e-04, l1: 0.993, l2: 0.01422, Time: 21.18
It: 65000, Loss: 2.387e-04, l1: 0.991, l2: 0.01416, Time: 21.30
It: 66000, Loss: 3.069e-04, l1: 0.989, l2: 0.01415, Time: 21.11
It: 67000, Loss: 2.864e-04, l1: 0.988, l2: 0.01410, Time: 21.16
It: 68000, Loss: 3.266e-04, l1: 0.986, l2: 0.01400, Time: 20.88
It: 69000, Loss: 2.026e-04, l1: 0.984, l2: 0.01404, Time: 21.00
It: 70000, Loss: 2.288e-04, l1: 0.983, l2: 0.01400, Time: 21.02
Model saved to models/Re100/Re100_70000.npz
It: 71000, Loss: 1.929e-04, l1: 0.981, l2: 0.01399, Time: 21.07
It: 72000, Loss: 2.183e-04, l1: 0.980, l2: 0.01397, Time: 21.54
It: 73000, Loss: 2.109e-04, l1: 0.978, l2: 0.01397, Time: 21.03
It: 74000, Loss: 2.069e-04, l1: 0.977, l2: 0.01390, Time: 21.15
It: 75000, Loss: 1.742e-04, l1: 0.975, l2: 0.01392, Time: 20.92
It: 76000, Loss: 1.720e-04, l1: 0.974, l2: 0.01385, Time: 20.90
It: 77000, Loss: 2.435e-04, l1: 0.972, l2: 0.01395, Time: 21.25
It: 78000, Loss: 1.729e-04, l1: 0.971, l2: 0.01384, Time: 21.11
It: 79000, Loss: 3.739e-04, l1: 0.969, l2: 0.01391, Time: 21.27
It: 80000, Loss: 2.216e-04, l1: 0.968, l2: 0.01383, Time: 20.94
Model saved to models/Re100/Re100_80000.npz
It: 81000, Loss: 1.979e-04, l1: 0.966, l2: 0.01380, Time: 21.16
It: 82000, Loss: 2.101e-04, l1: 0.965, l2: 0.01379, Time: 20.99
It: 83000, Loss: 2.026e-04, l1: 0.964, l2: 0.01379, Time: 21.04
It: 84000, Loss: 2.669e-04, l1: 0.962, l2: 0.01367, Time: 21.49
It: 85000, Loss: 1.679e-04, l1: 0.962, l2: 0.01368, Time: 20.99
It: 86000, Loss: 1.730e-04, l1: 0.960, l2: 0.01366, Time: 21.32
It: 87000, Loss: 2.139e-04, l1: 0.959, l2: 0.01362, Time: 21.37
It: 88000, Loss: 2.638e-04, l1: 0.958, l2: 0.01359, Time: 21.08
It: 89000, Loss: 1.688e-04, l1: 0.957, l2: 0.01362, Time: 21.15
It: 90000, Loss: 1.577e-04, l1: 0.956, l2: 0.01357, Time: 21.04
Model saved to models/Re100/Re100_90000.npz
It: 91000, Loss: 1.551e-04, l1: 0.955, l2: 0.01355, Time: 21.49
It: 92000, Loss: 1.624e-04, l1: 0.954, l2: 0.01351, Time: 21.35
It: 93000, Loss: 1.665e-04, l1: 0.953, l2: 0.01345, Time: 21.49
It: 94000, Loss: 1.821e-04, l1: 0.952, l2: 0.01347, Time: 20.95
It: 95000, Loss: 2.149e-04, l1: 0.951, l2: 0.01344, Time: 21.03
It: 96000, Loss: 1.414e-04, l1: 0.950, l2: 0.01339, Time: 21.06
It: 97000, Loss: 1.540e-04, l1: 0.949, l2: 0.01338, Time: 20.81
It: 98000, Loss: 1.388e-04, l1: 0.948, l2: 0.01332, Time: 21.32
It: 99000, Loss: 2.043e-04, l1: 0.947, l2: 0.01325, Time: 21.03
Loss history plot saved to plots/Re100_10000_TL150_100000//Re100_10000_TL150_loss_hist.png
Lambda history plot saved to plots/Re100_10000_TL150_100000//Re100_TLwcp150_lambda_hist.png
Model Training Complete for 100000 iterations
Model saved to models/Re100_TLwcp150_[1, 2]//Re100_10000_TL150_100000.npz
Model Re100_10000.npz processed successfully.
Processing model: models/Re100/Re100_20000.npz
Model loaded from models/Re100/Re100_20000.npz
Frozen Layers: [1, 2]
Training Model...
It: 0, Loss: 8.403e-02, l1: 1.063, l2: 0.01347, Time: 11.84
It: 1000, Loss: 1.781e-03, l1: 0.953, l2: -0.00363, Time: 21.01
It: 2000, Loss: 7.430e-04, l1: 0.940, l2: -0.00360, Time: 20.95
It: 3000, Loss: 6.117e-04, l1: 0.932, l2: -0.00351, Time: 21.09
It: 4000, Loss: 5.730e-04, l1: 0.926, l2: -0.00342, Time: 20.99
It: 5000, Loss: 5.107e-04, l1: 0.921, l2: -0.00338, Time: 21.37
It: 6000, Loss: 1.155e-03, l1: 0.917, l2: -0.00316, Time: 21.43
It: 7000, Loss: 4.325e-04, l1: 0.914, l2: -0.00308, Time: 21.45
It: 8000, Loss: 5.423e-04, l1: 0.912, l2: -0.00288, Time: 21.39
It: 9000, Loss: 3.874e-04, l1: 0.909, l2: -0.00274, Time: 20.83
It: 10000, Loss: 4.483e-04, l1: 0.907, l2: -0.00257, Time: 20.92
Model saved to models/Re100/Re100_10000.npz
It: 11000, Loss: 3.710e-04, l1: 0.906, l2: -0.00241, Time: 22.00
It: 12000, Loss: 3.631e-04, l1: 0.905, l2: -0.00225, Time: 21.08
It: 13000, Loss: 3.387e-04, l1: 0.903, l2: -0.00213, Time: 21.57
It: 14000, Loss: 3.584e-04, l1: 0.902, l2: -0.00199, Time: 21.03
It: 15000, Loss: 4.088e-04, l1: 0.901, l2: -0.00190, Time: 21.21
It: 16000, Loss: 3.361e-04, l1: 0.901, l2: -0.00182, Time: 21.22
It: 17000, Loss: 3.245e-04, l1: 0.900, l2: -0.00181, Time: 21.11
It: 18000, Loss: 3.439e-04, l1: 0.899, l2: -0.00179, Time: 21.09
It: 19000, Loss: 3.215e-04, l1: 0.900, l2: -0.00170, Time: 21.39
It: 20000, Loss: 3.118e-04, l1: 0.899, l2: -0.00169, Time: 21.24
Model saved to models/Re100/Re100_20000.npz
It: 21000, Loss: 2.768e-04, l1: 0.899, l2: -0.00170, Time: 21.63
It: 22000, Loss: 7.462e-04, l1: 0.898, l2: -0.00161, Time: 23.64
It: 23000, Loss: 4.836e-04, l1: 0.899, l2: -0.00180, Time: 21.28
It: 24000, Loss: 3.897e-04, l1: 0.899, l2: -0.00175, Time: 21.56
It: 25000, Loss: 3.265e-04, l1: 0.898, l2: -0.00178, Time: 21.11
It: 26000, Loss: 3.487e-04, l1: 0.898, l2: -0.00182, Time: 20.99
It: 27000, Loss: 4.847e-04, l1: 0.898, l2: -0.00197, Time: 20.97
It: 28000, Loss: 2.476e-04, l1: 0.898, l2: -0.00197, Time: 21.18
It: 29000, Loss: 2.757e-04, l1: 0.898, l2: -0.00204, Time: 21.66
It: 30000, Loss: 2.376e-04, l1: 0.898, l2: -0.00211, Time: 21.86
Model saved to models/Re100/Re100_30000.npz
It: 31000, Loss: 2.518e-04, l1: 0.897, l2: -0.00220, Time: 25.91
It: 32000, Loss: 3.073e-04, l1: 0.896, l2: -0.00220, Time: 22.43
It: 33000, Loss: 2.310e-04, l1: 0.896, l2: -0.00235, Time: 21.60
It: 34000, Loss: 2.414e-04, l1: 0.896, l2: -0.00245, Time: 21.24
It: 35000, Loss: 2.347e-04, l1: 0.895, l2: -0.00254, Time: 21.50
It: 36000, Loss: 3.199e-04, l1: 0.895, l2: -0.00264, Time: 24.93
It: 37000, Loss: 2.189e-04, l1: 0.894, l2: -0.00268, Time: 23.38
It: 38000, Loss: 2.095e-04, l1: 0.894, l2: -0.00277, Time: 23.25
It: 39000, Loss: 2.468e-04, l1: 0.893, l2: -0.00279, Time: 23.85
It: 40000, Loss: 2.448e-04, l1: 0.892, l2: -0.00289, Time: 23.73
Model saved to models/Re100/Re100_40000.npz
It: 41000, Loss: 2.254e-04, l1: 0.892, l2: -0.00297, Time: 24.38
It: 42000, Loss: 2.982e-04, l1: 0.891, l2: -0.00310, Time: 23.29
It: 43000, Loss: 2.285e-04, l1: 0.890, l2: -0.00313, Time: 23.19
It: 44000, Loss: 2.395e-04, l1: 0.890, l2: -0.00317, Time: 23.14
It: 45000, Loss: 2.427e-04, l1: 0.889, l2: -0.00321, Time: 23.13
It: 46000, Loss: 1.963e-04, l1: 0.889, l2: -0.00334, Time: 23.17
It: 47000, Loss: 1.838e-04, l1: 0.888, l2: -0.00337, Time: 23.26
It: 48000, Loss: 2.075e-04, l1: 0.887, l2: -0.00344, Time: 23.28
It: 49000, Loss: 2.158e-04, l1: 0.886, l2: -0.00343, Time: 23.12
It: 50000, Loss: 4.213e-04, l1: 0.886, l2: -0.00346, Time: 23.29
Model saved to models/Re100/Re100_50000.npz
It: 51000, Loss: 2.069e-04, l1: 0.885, l2: -0.00361, Time: 23.60
It: 52000, Loss: 1.845e-04, l1: 0.884, l2: -0.00367, Time: 23.27
It: 53000, Loss: 1.931e-04, l1: 0.884, l2: -0.00369, Time: 23.14
It: 54000, Loss: 3.093e-04, l1: 0.883, l2: -0.00379, Time: 23.21
It: 55000, Loss: 2.495e-04, l1: 0.882, l2: -0.00376, Time: 23.16
It: 56000, Loss: 2.004e-04, l1: 0.882, l2: -0.00386, Time: 23.19
It: 57000, Loss: 1.750e-04, l1: 0.881, l2: -0.00387, Time: 23.22
It: 58000, Loss: 1.773e-04, l1: 0.881, l2: -0.00390, Time: 23.30
It: 59000, Loss: 1.744e-04, l1: 0.880, l2: -0.00393, Time: 23.38
It: 60000, Loss: 1.621e-04, l1: 0.879, l2: -0.00397, Time: 23.51
Model saved to models/Re100/Re100_60000.npz
It: 61000, Loss: 3.141e-04, l1: 0.878, l2: -0.00407, Time: 23.19
It: 62000, Loss: 1.667e-04, l1: 0.877, l2: -0.00406, Time: 23.10
It: 63000, Loss: 2.707e-04, l1: 0.877, l2: -0.00410, Time: 23.20
It: 64000, Loss: 1.951e-04, l1: 0.877, l2: -0.00408, Time: 23.45
It: 65000, Loss: 1.592e-04, l1: 0.876, l2: -0.00415, Time: 23.33
It: 66000, Loss: 2.140e-04, l1: 0.875, l2: -0.00412, Time: 23.19
It: 67000, Loss: 3.893e-04, l1: 0.874, l2: -0.00422, Time: 23.40
It: 68000, Loss: 2.245e-04, l1: 0.874, l2: -0.00413, Time: 23.23
It: 69000, Loss: 1.644e-04, l1: 0.873, l2: -0.00419, Time: 23.29
It: 70000, Loss: 1.522e-04, l1: 0.872, l2: -0.00421, Time: 23.37
Model saved to models/Re100/Re100_70000.npz
It: 71000, Loss: 1.642e-04, l1: 0.871, l2: -0.00413, Time: 23.27
It: 72000, Loss: 1.489e-04, l1: 0.871, l2: -0.00423, Time: 23.38
It: 73000, Loss: 1.668e-04, l1: 0.870, l2: -0.00422, Time: 23.47
It: 74000, Loss: 2.399e-04, l1: 0.870, l2: -0.00420, Time: 23.29
It: 75000, Loss: 1.506e-04, l1: 0.869, l2: -0.00427, Time: 23.29
It: 76000, Loss: 1.586e-04, l1: 0.868, l2: -0.00426, Time: 23.18
It: 77000, Loss: 1.415e-04, l1: 0.867, l2: -0.00428, Time: 23.28
It: 78000, Loss: 1.635e-04, l1: 0.867, l2: -0.00426, Time: 23.38
It: 79000, Loss: 1.401e-04, l1: 0.866, l2: -0.00430, Time: 23.58
It: 80000, Loss: 1.557e-04, l1: 0.865, l2: -0.00426, Time: 23.50
Model saved to models/Re100/Re100_80000.npz
It: 81000, Loss: 1.760e-04, l1: 0.865, l2: -0.00425, Time: 23.48
It: 82000, Loss: 2.323e-04, l1: 0.864, l2: -0.00433, Time: 23.23
It: 83000, Loss: 1.721e-04, l1: 0.863, l2: -0.00432, Time: 23.23
It: 84000, Loss: 1.581e-04, l1: 0.863, l2: -0.00426, Time: 23.16
It: 85000, Loss: 2.077e-04, l1: 0.862, l2: -0.00424, Time: 23.36
It: 86000, Loss: 1.720e-04, l1: 0.861, l2: -0.00425, Time: 23.17
It: 87000, Loss: 1.342e-04, l1: 0.860, l2: -0.00428, Time: 23.04
It: 88000, Loss: 1.681e-04, l1: 0.860, l2: -0.00428, Time: 23.16
It: 89000, Loss: 1.898e-04, l1: 0.859, l2: -0.00427, Time: 22.99
It: 90000, Loss: 1.357e-04, l1: 0.858, l2: -0.00425, Time: 22.95
Model saved to models/Re100/Re100_90000.npz
It: 91000, Loss: 1.297e-04, l1: 0.857, l2: -0.00426, Time: 23.19
It: 92000, Loss: 2.458e-04, l1: 0.857, l2: -0.00418, Time: 23.28
It: 93000, Loss: 1.301e-04, l1: 0.856, l2: -0.00426, Time: 23.23
It: 94000, Loss: 1.359e-04, l1: 0.855, l2: -0.00425, Time: 23.27
It: 95000, Loss: 1.992e-04, l1: 0.855, l2: -0.00425, Time: 23.39
It: 96000, Loss: 1.720e-04, l1: 0.854, l2: -0.00423, Time: 23.09
It: 97000, Loss: 1.251e-04, l1: 0.853, l2: -0.00424, Time: 23.36
It: 98000, Loss: 1.854e-04, l1: 0.852, l2: -0.00419, Time: 23.37
It: 99000, Loss: 1.249e-04, l1: 0.852, l2: -0.00419, Time: 23.33
Loss history plot saved to plots/Re100_20000_TL150_100000//Re100_20000_TL150_loss_hist.png
Lambda history plot saved to plots/Re100_20000_TL150_100000//Re100_TLwcp150_lambda_hist.png
Model Training Complete for 100000 iterations
Model saved to models/Re100_TLwcp150_[1, 2]//Re100_20000_TL150_100000.npz
Model Re100_20000.npz processed successfully.
Processing model: models/Re100/Re100_30000.npz
Model loaded from models/Re100/Re100_30000.npz
Frozen Layers: [1, 2]
Training Model...
It: 0, Loss: 5.604e-02, l1: 0.899, l2: -0.00111, Time: 196.66
It: 1000, Loss: 1.048e-03, l1: 1.022, l2: 0.01366, Time: 23.58
It: 2000, Loss: 5.685e-04, l1: 1.025, l2: 0.01404, Time: 24.61
It: 3000, Loss: 5.238e-04, l1: 1.022, l2: 0.01439, Time: 23.29
It: 4000, Loss: 4.683e-04, l1: 1.019, l2: 0.01467, Time: 27.52
It: 5000, Loss: 4.065e-04, l1: 1.017, l2: 0.01482, Time: 25.10
It: 6000, Loss: 4.774e-04, l1: 1.014, l2: 0.01498, Time: 23.25
It: 7000, Loss: 3.238e-04, l1: 1.012, l2: 0.01505, Time: 23.42
It: 8000, Loss: 3.458e-04, l1: 1.010, l2: 0.01520, Time: 23.53
It: 9000, Loss: 2.918e-04, l1: 1.008, l2: 0.01522, Time: 23.62
It: 10000, Loss: 2.877e-04, l1: 1.006, l2: 0.01523, Time: 23.41
Model saved to models/Re100/Re100_10000.npz
It: 11000, Loss: 3.427e-04, l1: 1.004, l2: 0.01521, Time: 23.53
It: 12000, Loss: 2.772e-04, l1: 1.001, l2: 0.01527, Time: 23.42
It: 13000, Loss: 2.659e-04, l1: 1.000, l2: 0.01525, Time: 23.52
It: 14000, Loss: 2.746e-04, l1: 0.998, l2: 0.01527, Time: 23.51
It: 15000, Loss: 3.926e-04, l1: 0.996, l2: 0.01525, Time: 23.43
It: 16000, Loss: 2.627e-04, l1: 0.994, l2: 0.01524, Time: 23.44
It: 17000, Loss: 2.752e-04, l1: 0.992, l2: 0.01520, Time: 23.44
It: 18000, Loss: 2.681e-04, l1: 0.990, l2: 0.01512, Time: 23.57
It: 19000, Loss: 2.663e-04, l1: 0.989, l2: 0.01513, Time: 23.46
It: 20000, Loss: 2.424e-04, l1: 0.987, l2: 0.01502, Time: 23.40
Model saved to models/Re100/Re100_20000.npz
It: 21000, Loss: 3.325e-04, l1: 0.986, l2: 0.01504, Time: 23.47
It: 22000, Loss: 2.188e-04, l1: 0.984, l2: 0.01494, Time: 23.53
It: 23000, Loss: 2.316e-04, l1: 0.983, l2: 0.01489, Time: 23.23
It: 24000, Loss: 2.164e-04, l1: 0.981, l2: 0.01487, Time: 23.40
It: 25000, Loss: 2.223e-04, l1: 0.980, l2: 0.01484, Time: 23.40
It: 26000, Loss: 2.021e-04, l1: 0.979, l2: 0.01481, Time: 23.45
It: 27000, Loss: 1.860e-04, l1: 0.977, l2: 0.01478, Time: 23.41
It: 28000, Loss: 2.077e-04, l1: 0.976, l2: 0.01475, Time: 23.58
It: 29000, Loss: 2.556e-04, l1: 0.974, l2: 0.01475, Time: 23.31
It: 30000, Loss: 1.865e-04, l1: 0.973, l2: 0.01463, Time: 22.44
Model saved to models/Re100/Re100_30000.npz
It: 31000, Loss: 2.006e-04, l1: 0.972, l2: 0.01471, Time: 23.64
It: 32000, Loss: 1.848e-04, l1: 0.971, l2: 0.01466, Time: 23.35
It: 33000, Loss: 1.796e-04, l1: 0.970, l2: 0.01464, Time: 23.53
It: 34000, Loss: 2.330e-04, l1: 0.968, l2: 0.01462, Time: 23.46
It: 35000, Loss: 1.877e-04, l1: 0.967, l2: 0.01459, Time: 23.39
It: 36000, Loss: 1.634e-04, l1: 0.966, l2: 0.01462, Time: 23.37
It: 37000, Loss: 1.886e-04, l1: 0.965, l2: 0.01463, Time: 23.58
It: 38000, Loss: 2.251e-04, l1: 0.964, l2: 0.01457, Time: 23.29
It: 39000, Loss: 1.660e-04, l1: 0.962, l2: 0.01457, Time: 23.21
It: 40000, Loss: 1.572e-04, l1: 0.961, l2: 0.01458, Time: 23.38
Model saved to models/Re100/Re100_40000.npz
It: 41000, Loss: 1.630e-04, l1: 0.961, l2: 0.01458, Time: 23.26
It: 42000, Loss: 1.890e-04, l1: 0.959, l2: 0.01460, Time: 23.20
It: 43000, Loss: 1.986e-04, l1: 0.959, l2: 0.01460, Time: 23.42
It: 44000, Loss: 1.726e-04, l1: 0.958, l2: 0.01457, Time: 23.18
It: 45000, Loss: 1.946e-04, l1: 0.957, l2: 0.01462, Time: 23.30
It: 46000, Loss: 3.019e-04, l1: 0.956, l2: 0.01454, Time: 23.15
It: 47000, Loss: 1.838e-04, l1: 0.955, l2: 0.01469, Time: 23.09
It: 48000, Loss: 1.527e-04, l1: 0.954, l2: 0.01463, Time: 23.17
It: 49000, Loss: 1.540e-04, l1: 0.953, l2: 0.01471, Time: 23.30
It: 50000, Loss: 2.756e-04, l1: 0.953, l2: 0.01462, Time: 23.07
Model saved to models/Re100/Re100_50000.npz
It: 51000, Loss: 2.178e-04, l1: 0.952, l2: 0.01466, Time: 23.38
It: 52000, Loss: 1.894e-04, l1: 0.951, l2: 0.01476, Time: 23.41
It: 53000, Loss: 2.042e-04, l1: 0.950, l2: 0.01471, Time: 23.32
It: 54000, Loss: 1.453e-04, l1: 0.949, l2: 0.01471, Time: 23.13
It: 55000, Loss: 1.612e-04, l1: 0.949, l2: 0.01482, Time: 23.20
It: 56000, Loss: 1.928e-04, l1: 0.948, l2: 0.01484, Time: 23.06
It: 57000, Loss: 1.450e-04, l1: 0.948, l2: 0.01487, Time: 23.31
It: 58000, Loss: 1.424e-04, l1: 0.947, l2: 0.01485, Time: 23.24
It: 59000, Loss: 1.896e-04, l1: 0.946, l2: 0.01488, Time: 23.08
It: 60000, Loss: 1.289e-04, l1: 0.945, l2: 0.01490, Time: 22.94
Model saved to models/Re100/Re100_60000.npz
It: 61000, Loss: 1.349e-04, l1: 0.945, l2: 0.01490, Time: 23.32
It: 62000, Loss: 1.440e-04, l1: 0.945, l2: 0.01496, Time: 22.88
It: 63000, Loss: 1.392e-04, l1: 0.944, l2: 0.01498, Time: 25.09
It: 64000, Loss: 1.571e-04, l1: 0.943, l2: 0.01501, Time: 24.06
It: 65000, Loss: 1.998e-04, l1: 0.943, l2: 0.01500, Time: 23.17
It: 66000, Loss: 2.891e-04, l1: 0.942, l2: 0.01506, Time: 23.32
It: 67000, Loss: 1.203e-04, l1: 0.942, l2: 0.01507, Time: 23.25
It: 68000, Loss: 1.303e-04, l1: 0.941, l2: 0.01512, Time: 23.19
It: 69000, Loss: 1.274e-04, l1: 0.941, l2: 0.01516, Time: 23.21
It: 70000, Loss: 1.786e-04, l1: 0.941, l2: 0.01526, Time: 23.49
Model saved to models/Re100/Re100_70000.npz
It: 71000, Loss: 1.514e-04, l1: 0.940, l2: 0.01521, Time: 23.37
It: 72000, Loss: 1.663e-04, l1: 0.939, l2: 0.01521, Time: 23.23
It: 73000, Loss: 2.085e-04, l1: 0.939, l2: 0.01528, Time: 23.23
It: 74000, Loss: 1.462e-04, l1: 0.939, l2: 0.01526, Time: 23.22
It: 75000, Loss: 1.493e-04, l1: 0.938, l2: 0.01532, Time: 23.29
It: 76000, Loss: 1.668e-04, l1: 0.938, l2: 0.01538, Time: 23.20
It: 77000, Loss: 1.347e-04, l1: 0.938, l2: 0.01538, Time: 23.25
It: 78000, Loss: 1.130e-04, l1: 0.938, l2: 0.01544, Time: 23.44
It: 79000, Loss: 2.382e-04, l1: 0.937, l2: 0.01542, Time: 23.00
It: 80000, Loss: 1.216e-04, l1: 0.937, l2: 0.01553, Time: 23.23
Model saved to models/Re100/Re100_80000.npz
It: 81000, Loss: 1.259e-04, l1: 0.937, l2: 0.01556, Time: 23.47
It: 82000, Loss: 1.573e-04, l1: 0.936, l2: 0.01559, Time: 23.23
It: 83000, Loss: 1.092e-04, l1: 0.936, l2: 0.01558, Time: 23.04
It: 84000, Loss: 1.181e-04, l1: 0.936, l2: 0.01565, Time: 23.43
It: 85000, Loss: 1.193e-04, l1: 0.935, l2: 0.01565, Time: 23.53
It: 86000, Loss: 1.618e-04, l1: 0.935, l2: 0.01568, Time: 23.28
It: 87000, Loss: 2.231e-04, l1: 0.935, l2: 0.01577, Time: 23.43
It: 88000, Loss: 1.687e-04, l1: 0.935, l2: 0.01577, Time: 23.61
It: 89000, Loss: 1.256e-04, l1: 0.934, l2: 0.01582, Time: 23.56
It: 90000, Loss: 1.168e-04, l1: 0.934, l2: 0.01582, Time: 23.47
Model saved to models/Re100/Re100_90000.npz
It: 91000, Loss: 9.895e-05, l1: 0.933, l2: 0.01585, Time: 23.65
It: 92000, Loss: 1.243e-04, l1: 0.933, l2: 0.01589, Time: 23.53
It: 93000, Loss: 2.249e-04, l1: 0.933, l2: 0.01588, Time: 23.37
It: 94000, Loss: 1.065e-04, l1: 0.932, l2: 0.01594, Time: 23.31
It: 95000, Loss: 9.873e-05, l1: 0.933, l2: 0.01596, Time: 23.36
It: 96000, Loss: 1.072e-04, l1: 0.932, l2: 0.01602, Time: 23.44
It: 97000, Loss: 1.782e-04, l1: 0.932, l2: 0.01599, Time: 23.53
It: 98000, Loss: 9.205e-05, l1: 0.932, l2: 0.01605, Time: 23.32
It: 99000, Loss: 1.022e-04, l1: 0.931, l2: 0.01610, Time: 23.55
Loss history plot saved to plots/Re100_30000_TL150_100000//Re100_30000_TL150_loss_hist.png
Lambda history plot saved to plots/Re100_30000_TL150_100000//Re100_TLwcp150_lambda_hist.png
Model Training Complete for 100000 iterations
Model saved to models/Re100_TLwcp150_[1, 2]//Re100_30000_TL150_100000.npz
Model Re100_30000.npz processed successfully.
Processing model: models/Re100/Re100_40000.npz
Model loaded from models/Re100/Re100_40000.npz
Frozen Layers: [1, 2]
Training Model...
It: 0, Loss: 6.041e-02, l1: 0.960, l2: 0.01358, Time: 14.41
It: 1000, Loss: 6.750e-04, l1: 0.970, l2: 0.01031, Time: 23.51
It: 2000, Loss: 4.187e-04, l1: 0.984, l2: 0.01033, Time: 23.55
It: 3000, Loss: 3.651e-04, l1: 0.997, l2: 0.00957, Time: 23.24
It: 4000, Loss: 5.210e-04, l1: 1.006, l2: 0.00887, Time: 23.58
It: 5000, Loss: 2.954e-04, l1: 1.013, l2: 0.00821, Time: 23.25
It: 6000, Loss: 2.345e-04, l1: 1.018, l2: 0.00763, Time: 23.31
It: 7000, Loss: 3.237e-04, l1: 1.021, l2: 0.00724, Time: 23.37
It: 8000, Loss: 2.190e-04, l1: 1.022, l2: 0.00693, Time: 23.44
It: 9000, Loss: 2.561e-04, l1: 1.023, l2: 0.00673, Time: 23.37
It: 10000, Loss: 2.151e-04, l1: 1.023, l2: 0.00656, Time: 23.71
Model saved to models/Re100/Re100_10000.npz
It: 11000, Loss: 2.168e-04, l1: 1.022, l2: 0.00632, Time: 23.52
It: 12000, Loss: 1.976e-04, l1: 1.022, l2: 0.00622, Time: 23.30
It: 13000, Loss: 1.921e-04, l1: 1.021, l2: 0.00613, Time: 23.40
It: 14000, Loss: 1.889e-04, l1: 1.021, l2: 0.00603, Time: 23.33
It: 15000, Loss: 1.706e-04, l1: 1.021, l2: 0.00597, Time: 23.25
It: 16000, Loss: 1.892e-04, l1: 1.020, l2: 0.00585, Time: 23.38
It: 17000, Loss: 1.653e-04, l1: 1.019, l2: 0.00584, Time: 23.04
It: 18000, Loss: 2.948e-04, l1: 1.019, l2: 0.00576, Time: 23.32
It: 19000, Loss: 2.041e-04, l1: 1.018, l2: 0.00577, Time: 23.38
It: 20000, Loss: 1.481e-04, l1: 1.018, l2: 0.00565, Time: 23.25
Model saved to models/Re100/Re100_20000.npz
It: 21000, Loss: 1.514e-04, l1: 1.018, l2: 0.00562, Time: 23.43
It: 22000, Loss: 1.619e-04, l1: 1.017, l2: 0.00556, Time: 23.20
It: 23000, Loss: 1.735e-04, l1: 1.016, l2: 0.00556, Time: 23.33
It: 24000, Loss: 1.683e-04, l1: 1.016, l2: 0.00555, Time: 23.39
It: 25000, Loss: 1.999e-04, l1: 1.016, l2: 0.00550, Time: 23.31
It: 26000, Loss: 1.566e-04, l1: 1.015, l2: 0.00546, Time: 23.61
It: 27000, Loss: 1.666e-04, l1: 1.014, l2: 0.00541, Time: 23.27
It: 28000, Loss: 2.607e-04, l1: 1.014, l2: 0.00542, Time: 23.37
It: 29000, Loss: 2.206e-04, l1: 1.013, l2: 0.00542, Time: 23.26
It: 30000, Loss: 1.749e-04, l1: 1.013, l2: 0.00541, Time: 23.35
Model saved to models/Re100/Re100_30000.npz
It: 31000, Loss: 1.368e-04, l1: 1.012, l2: 0.00540, Time: 23.24
It: 32000, Loss: 2.336e-04, l1: 1.012, l2: 0.00538, Time: 23.34
It: 33000, Loss: 3.919e-04, l1: 1.011, l2: 0.00537, Time: 23.38
It: 34000, Loss: 1.387e-04, l1: 1.011, l2: 0.00536, Time: 23.37
It: 35000, Loss: 1.309e-04, l1: 1.010, l2: 0.00538, Time: 23.40
It: 36000, Loss: 1.839e-04, l1: 1.009, l2: 0.00535, Time: 23.37
It: 37000, Loss: 1.365e-04, l1: 1.009, l2: 0.00536, Time: 23.36
It: 38000, Loss: 2.013e-04, l1: 1.008, l2: 0.00540, Time: 23.39
It: 39000, Loss: 1.310e-04, l1: 1.007, l2: 0.00544, Time: 23.70
It: 40000, Loss: 1.356e-04, l1: 1.007, l2: 0.00538, Time: 23.61
Model saved to models/Re100/Re100_40000.npz
It: 41000, Loss: 1.386e-04, l1: 1.007, l2: 0.00535, Time: 23.54
It: 42000, Loss: 1.293e-04, l1: 1.006, l2: 0.00539, Time: 23.69
It: 43000, Loss: 1.615e-04, l1: 1.005, l2: 0.00540, Time: 23.60
It: 44000, Loss: 1.261e-04, l1: 1.005, l2: 0.00539, Time: 23.57
It: 45000, Loss: 2.193e-04, l1: 1.004, l2: 0.00539, Time: 23.34
It: 46000, Loss: 1.191e-04, l1: 1.004, l2: 0.00536, Time: 23.53
It: 47000, Loss: 1.273e-04, l1: 1.003, l2: 0.00539, Time: 23.43
It: 48000, Loss: 1.205e-04, l1: 1.003, l2: 0.00542, Time: 23.67
It: 49000, Loss: 1.345e-04, l1: 1.002, l2: 0.00538, Time: 23.53
It: 50000, Loss: 1.339e-04, l1: 1.001, l2: 0.00536, Time: 23.53
Model saved to models/Re100/Re100_50000.npz
It: 51000, Loss: 1.258e-04, l1: 1.001, l2: 0.00543, Time: 23.50
It: 52000, Loss: 2.348e-04, l1: 1.000, l2: 0.00547, Time: 23.32
It: 53000, Loss: 1.090e-04, l1: 0.999, l2: 0.00545, Time: 23.52
It: 54000, Loss: 1.189e-04, l1: 0.998, l2: 0.00544, Time: 23.35
It: 55000, Loss: 1.195e-04, l1: 0.998, l2: 0.00544, Time: 23.33
It: 56000, Loss: 1.172e-04, l1: 0.997, l2: 0.00549, Time: 23.44
It: 57000, Loss: 1.615e-04, l1: 0.997, l2: 0.00550, Time: 23.52
It: 58000, Loss: 1.158e-04, l1: 0.996, l2: 0.00547, Time: 23.27
It: 59000, Loss: 1.821e-04, l1: 0.996, l2: 0.00555, Time: 23.65
It: 60000, Loss: 1.827e-04, l1: 0.995, l2: 0.00550, Time: 23.32
Model saved to models/Re100/Re100_60000.npz
It: 61000, Loss: 1.203e-04, l1: 0.994, l2: 0.00551, Time: 23.52
It: 62000, Loss: 1.213e-04, l1: 0.994, l2: 0.00555, Time: 23.31
It: 63000, Loss: 1.018e-04, l1: 0.993, l2: 0.00553, Time: 23.58
It: 64000, Loss: 1.360e-04, l1: 0.992, l2: 0.00558, Time: 23.28
It: 65000, Loss: 1.130e-04, l1: 0.992, l2: 0.00556, Time: 23.38
It: 66000, Loss: 1.123e-04, l1: 0.991, l2: 0.00554, Time: 23.48
It: 67000, Loss: 1.020e-04, l1: 0.991, l2: 0.00557, Time: 23.36
It: 68000, Loss: 1.045e-04, l1: 0.990, l2: 0.00557, Time: 23.39
It: 69000, Loss: 1.043e-04, l1: 0.989, l2: 0.00559, Time: 23.41
It: 70000, Loss: 9.815e-05, l1: 0.988, l2: 0.00566, Time: 23.20
Model saved to models/Re100/Re100_70000.npz
It: 71000, Loss: 2.274e-04, l1: 0.988, l2: 0.00556, Time: 23.37
It: 72000, Loss: 1.204e-04, l1: 0.988, l2: 0.00559, Time: 23.33
It: 73000, Loss: 1.738e-04, l1: 0.987, l2: 0.00563, Time: 23.35
It: 74000, Loss: 1.126e-04, l1: 0.987, l2: 0.00568, Time: 23.34
It: 75000, Loss: 1.022e-04, l1: 0.986, l2: 0.00566, Time: 23.43
It: 76000, Loss: 1.693e-04, l1: 0.985, l2: 0.00572, Time: 23.29
It: 77000, Loss: 1.303e-04, l1: 0.985, l2: 0.00571, Time: 23.35
It: 78000, Loss: 9.685e-05, l1: 0.984, l2: 0.00572, Time: 23.14
It: 79000, Loss: 1.008e-04, l1: 0.984, l2: 0.00574, Time: 23.39
It: 80000, Loss: 1.195e-04, l1: 0.983, l2: 0.00569, Time: 23.23
Model saved to models/Re100/Re100_80000.npz
It: 81000, Loss: 1.730e-04, l1: 0.983, l2: 0.00573, Time: 23.44
It: 82000, Loss: 2.501e-04, l1: 0.982, l2: 0.00575, Time: 23.48
It: 83000, Loss: 8.695e-05, l1: 0.981, l2: 0.00578, Time: 23.54
It: 84000, Loss: 9.673e-05, l1: 0.981, l2: 0.00581, Time: 23.51
It: 85000, Loss: 1.114e-04, l1: 0.981, l2: 0.00578, Time: 23.40
It: 86000, Loss: 1.294e-04, l1: 0.980, l2: 0.00584, Time: 23.35
It: 87000, Loss: 1.153e-04, l1: 0.979, l2: 0.00585, Time: 23.23
It: 88000, Loss: 1.246e-04, l1: 0.979, l2: 0.00583, Time: 23.22
It: 89000, Loss: 8.732e-05, l1: 0.978, l2: 0.00582, Time: 23.29
It: 90000, Loss: 1.183e-04, l1: 0.978, l2: 0.00589, Time: 23.36
Model saved to models/Re100/Re100_90000.npz
It: 91000, Loss: 9.130e-05, l1: 0.977, l2: 0.00589, Time: 23.37
It: 92000, Loss: 8.791e-05, l1: 0.977, l2: 0.00589, Time: 23.61
It: 93000, Loss: 1.051e-04, l1: 0.976, l2: 0.00590, Time: 23.28
It: 94000, Loss: 1.114e-04, l1: 0.976, l2: 0.00592, Time: 23.48
It: 95000, Loss: 1.677e-04, l1: 0.975, l2: 0.00596, Time: 23.60
It: 96000, Loss: 1.110e-04, l1: 0.974, l2: 0.00595, Time: 23.37
It: 97000, Loss: 1.296e-04, l1: 0.974, l2: 0.00591, Time: 23.51
It: 98000, Loss: 8.135e-05, l1: 0.973, l2: 0.00595, Time: 23.42
It: 99000, Loss: 1.450e-04, l1: 0.972, l2: 0.00592, Time: 23.41
Loss history plot saved to plots/Re100_40000_TL150_100000//Re100_40000_TL150_loss_hist.png
Lambda history plot saved to plots/Re100_40000_TL150_100000//Re100_TLwcp150_lambda_hist.png
Model Training Complete for 100000 iterations
Model saved to models/Re100_TLwcp150_[1, 2]//Re100_40000_TL150_100000.npz
Model Re100_40000.npz processed successfully.
Processing model: models/Re100/Re100_50000.npz
Model loaded from models/Re100/Re100_50000.npz
Frozen Layers: [1, 2]
Training Model...
It: 0, Loss: 8.608e-02, l1: 1.000, l2: 0.00636, Time: 12.74
It: 1000, Loss: 7.843e-04, l1: 1.029, l2: 0.00746, Time: 23.38
It: 2000, Loss: 4.476e-04, l1: 1.030, l2: 0.00736, Time: 23.35
It: 3000, Loss: 4.536e-04, l1: 1.032, l2: 0.00787, Time: 23.41
It: 4000, Loss: 3.079e-04, l1: 1.035, l2: 0.00839, Time: 23.53
It: 5000, Loss: 2.551e-04, l1: 1.037, l2: 0.00882, Time: 23.56
It: 6000, Loss: 3.481e-04, l1: 1.038, l2: 0.00927, Time: 23.34
It: 7000, Loss: 2.974e-04, l1: 1.039, l2: 0.00959, Time: 23.39
It: 8000, Loss: 2.485e-04, l1: 1.039, l2: 0.01001, Time: 23.52
It: 9000, Loss: 1.854e-04, l1: 1.039, l2: 0.01038, Time: 23.29
It: 10000, Loss: 1.889e-04, l1: 1.038, l2: 0.01073, Time: 23.55
Model saved to models/Re100/Re100_10000.npz
It: 11000, Loss: 2.280e-04, l1: 1.037, l2: 0.01101, Time: 23.44
It: 12000, Loss: 1.706e-04, l1: 1.036, l2: 0.01129, Time: 23.35
It: 13000, Loss: 2.415e-04, l1: 1.035, l2: 0.01151, Time: 23.31
It: 14000, Loss: 1.598e-04, l1: 1.034, l2: 0.01175, Time: 23.44
It: 15000, Loss: 1.587e-04, l1: 1.033, l2: 0.01195, Time: 23.41
It: 16000, Loss: 1.664e-04, l1: 1.031, l2: 0.01212, Time: 23.27
It: 17000, Loss: 1.380e-04, l1: 1.030, l2: 0.01236, Time: 23.36
It: 18000, Loss: 1.693e-04, l1: 1.029, l2: 0.01249, Time: 23.32
It: 19000, Loss: 1.646e-04, l1: 1.027, l2: 0.01265, Time: 23.37
It: 20000, Loss: 1.531e-04, l1: 1.026, l2: 0.01286, Time: 23.52
Model saved to models/Re100/Re100_20000.npz
It: 21000, Loss: 1.863e-04, l1: 1.026, l2: 0.01301, Time: 23.31
It: 22000, Loss: 1.506e-04, l1: 1.024, l2: 0.01309, Time: 23.35
It: 23000, Loss: 1.310e-04, l1: 1.023, l2: 0.01324, Time: 23.41
It: 24000, Loss: 1.334e-04, l1: 1.022, l2: 0.01333, Time: 23.40
It: 25000, Loss: 1.483e-04, l1: 1.021, l2: 0.01353, Time: 23.42
It: 26000, Loss: 1.537e-04, l1: 1.020, l2: 0.01363, Time: 23.51
It: 27000, Loss: 1.495e-04, l1: 1.019, l2: 0.01370, Time: 23.37
It: 28000, Loss: 1.285e-04, l1: 1.018, l2: 0.01381, Time: 23.36
It: 29000, Loss: 1.313e-04, l1: 1.017, l2: 0.01396, Time: 23.32
It: 30000, Loss: 1.232e-04, l1: 1.017, l2: 0.01403, Time: 23.44
Model saved to models/Re100/Re100_30000.npz
It: 31000, Loss: 1.751e-04, l1: 1.016, l2: 0.01409, Time: 23.28
It: 32000, Loss: 1.148e-04, l1: 1.015, l2: 0.01425, Time: 23.32
It: 33000, Loss: 1.283e-04, l1: 1.014, l2: 0.01434, Time: 23.52
It: 34000, Loss: 1.259e-04, l1: 1.014, l2: 0.01449, Time: 23.49
It: 35000, Loss: 2.261e-04, l1: 1.013, l2: 0.01457, Time: 23.46
It: 36000, Loss: 1.224e-04, l1: 1.012, l2: 0.01466, Time: 23.53
It: 37000, Loss: 1.616e-04, l1: 1.012, l2: 0.01477, Time: 23.20
It: 38000, Loss: 1.090e-04, l1: 1.011, l2: 0.01483, Time: 23.50
It: 39000, Loss: 1.240e-04, l1: 1.010, l2: 0.01492, Time: 23.07
It: 40000, Loss: 1.123e-04, l1: 1.010, l2: 0.01507, Time: 22.54
Model saved to models/Re100/Re100_40000.npz
It: 41000, Loss: 2.012e-04, l1: 1.010, l2: 0.01518, Time: 23.36
It: 42000, Loss: 1.200e-04, l1: 1.009, l2: 0.01520, Time: 23.04
It: 43000, Loss: 1.126e-04, l1: 1.009, l2: 0.01531, Time: 23.34
It: 44000, Loss: 9.638e-05, l1: 1.008, l2: 0.01536, Time: 23.15
It: 45000, Loss: 2.039e-04, l1: 1.008, l2: 0.01542, Time: 22.54
It: 46000, Loss: 1.052e-04, l1: 1.007, l2: 0.01555, Time: 23.55
It: 47000, Loss: 1.177e-04, l1: 1.007, l2: 0.01566, Time: 23.18
It: 48000, Loss: 9.210e-05, l1: 1.007, l2: 0.01569, Time: 23.08
It: 49000, Loss: 9.660e-05, l1: 1.006, l2: 0.01576, Time: 22.86
It: 50000, Loss: 9.650e-05, l1: 1.006, l2: 0.01585, Time: 23.02
Model saved to models/Re100/Re100_50000.npz
It: 51000, Loss: 1.483e-04, l1: 1.005, l2: 0.01589, Time: 23.11
It: 52000, Loss: 9.703e-05, l1: 1.005, l2: 0.01597, Time: 23.15
It: 53000, Loss: 2.074e-04, l1: 1.004, l2: 0.01612, Time: 23.28
It: 54000, Loss: 1.007e-04, l1: 1.004, l2: 0.01614, Time: 23.03
It: 55000, Loss: 1.403e-04, l1: 1.004, l2: 0.01618, Time: 23.27
It: 56000, Loss: 1.013e-04, l1: 1.003, l2: 0.01630, Time: 23.13
It: 57000, Loss: 8.728e-05, l1: 1.003, l2: 0.01631, Time: 23.09
It: 58000, Loss: 8.404e-05, l1: 1.003, l2: 0.01637, Time: 23.12
It: 59000, Loss: 1.361e-04, l1: 1.002, l2: 0.01638, Time: 23.15
It: 60000, Loss: 1.272e-04, l1: 1.002, l2: 0.01653, Time: 23.12
Model saved to models/Re100/Re100_60000.npz
It: 61000, Loss: 1.294e-04, l1: 1.002, l2: 0.01656, Time: 23.36
It: 62000, Loss: 1.083e-04, l1: 1.001, l2: 0.01663, Time: 23.22
It: 63000, Loss: 8.687e-05, l1: 1.001, l2: 0.01669, Time: 23.21
It: 64000, Loss: 8.629e-05, l1: 1.001, l2: 0.01674, Time: 23.18
It: 65000, Loss: 8.699e-05, l1: 1.001, l2: 0.01675, Time: 23.28
It: 66000, Loss: 8.087e-05, l1: 1.000, l2: 0.01681, Time: 23.03
It: 67000, Loss: 1.069e-04, l1: 1.000, l2: 0.01689, Time: 23.36
It: 68000, Loss: 1.056e-04, l1: 1.000, l2: 0.01696, Time: 23.41
It: 69000, Loss: 1.323e-04, l1: 0.999, l2: 0.01704, Time: 23.33
It: 70000, Loss: 8.434e-05, l1: 0.999, l2: 0.01701, Time: 23.21
Model saved to models/Re100/Re100_70000.npz
It: 71000, Loss: 1.763e-04, l1: 0.999, l2: 0.01705, Time: 23.05
It: 72000, Loss: 8.124e-05, l1: 0.999, l2: 0.01713, Time: 23.27
It: 73000, Loss: 9.596e-05, l1: 0.998, l2: 0.01717, Time: 23.14
It: 74000, Loss: 1.384e-04, l1: 0.998, l2: 0.01717, Time: 23.24
It: 75000, Loss: 8.661e-05, l1: 0.998, l2: 0.01725, Time: 23.36
It: 76000, Loss: 1.059e-04, l1: 0.998, l2: 0.01730, Time: 23.40
It: 77000, Loss: 8.938e-05, l1: 0.998, l2: 0.01733, Time: 23.42
It: 78000, Loss: 9.576e-05, l1: 0.997, l2: 0.01738, Time: 23.29
It: 79000, Loss: 9.644e-05, l1: 0.997, l2: 0.01742, Time: 23.13
It: 80000, Loss: 8.999e-05, l1: 0.997, l2: 0.01744, Time: 23.23
Model saved to models/Re100/Re100_80000.npz
It: 81000, Loss: 1.171e-04, l1: 0.997, l2: 0.01744, Time: 23.11
It: 82000, Loss: 9.514e-05, l1: 0.997, l2: 0.01746, Time: 23.47
It: 83000, Loss: 6.964e-05, l1: 0.996, l2: 0.01751, Time: 23.26
It: 84000, Loss: 8.018e-05, l1: 0.996, l2: 0.01753, Time: 23.29
It: 85000, Loss: 1.094e-04, l1: 0.996, l2: 0.01754, Time: 23.23
It: 86000, Loss: 9.370e-05, l1: 0.996, l2: 0.01756, Time: 23.08
It: 87000, Loss: 7.972e-05, l1: 0.996, l2: 0.01763, Time: 23.20
It: 88000, Loss: 7.081e-05, l1: 0.996, l2: 0.01767, Time: 23.22
It: 89000, Loss: 9.355e-05, l1: 0.996, l2: 0.01774, Time: 23.38
It: 90000, Loss: 9.331e-05, l1: 0.996, l2: 0.01776, Time: 23.22
Model saved to models/Re100/Re100_90000.npz
It: 91000, Loss: 8.609e-05, l1: 0.995, l2: 0.01774, Time: 23.33
It: 92000, Loss: 7.841e-05, l1: 0.995, l2: 0.01778, Time: 23.14
It: 93000, Loss: 9.466e-05, l1: 0.995, l2: 0.01784, Time: 23.13
It: 94000, Loss: 1.131e-04, l1: 0.995, l2: 0.01780, Time: 23.20
It: 95000, Loss: 9.399e-05, l1: 0.995, l2: 0.01788, Time: 23.27
It: 96000, Loss: 7.804e-05, l1: 0.995, l2: 0.01788, Time: 23.44
It: 97000, Loss: 7.314e-05, l1: 0.994, l2: 0.01794, Time: 23.28
It: 98000, Loss: 7.069e-05, l1: 0.994, l2: 0.01796, Time: 23.24
It: 99000, Loss: 8.858e-05, l1: 0.994, l2: 0.01798, Time: 23.35
Loss history plot saved to plots/Re100_50000_TL150_100000//Re100_50000_TL150_loss_hist.png
Lambda history plot saved to plots/Re100_50000_TL150_100000//Re100_TLwcp150_lambda_hist.png
Model Training Complete for 100000 iterations
Model saved to models/Re100_TLwcp150_[1, 2]//Re100_50000_TL150_100000.npz
Model Re100_50000.npz processed successfully.
Processing model: models/Re100/Re100_60000.npz
Model loaded from models/Re100/Re100_60000.npz
Frozen Layers: [1, 2]
Training Model...
It: 0, Loss: 8.870e-02, l1: 1.003, l2: 0.01753, Time: 12.15
It: 1000, Loss: 5.396e-04, l1: 0.944, l2: 0.01682, Time: 22.90
It: 2000, Loss: 3.956e-04, l1: 0.930, l2: 0.01561, Time: 22.94
It: 3000, Loss: 2.607e-04, l1: 0.917, l2: 0.01436, Time: 23.16
It: 4000, Loss: 2.387e-04, l1: 0.905, l2: 0.01332, Time: 23.14
It: 5000, Loss: 2.899e-04, l1: 0.894, l2: 0.01254, Time: 23.09
It: 6000, Loss: 2.218e-04, l1: 0.885, l2: 0.01197, Time: 23.12
It: 7000, Loss: 1.918e-04, l1: 0.878, l2: 0.01144, Time: 23.13
It: 8000, Loss: 1.405e-04, l1: 0.872, l2: 0.01114, Time: 23.11
It: 9000, Loss: 1.546e-04, l1: 0.867, l2: 0.01092, Time: 23.23
It: 10000, Loss: 1.297e-04, l1: 0.862, l2: 0.01077, Time: 23.32
Model saved to models/Re100/Re100_10000.npz
It: 11000, Loss: 1.343e-04, l1: 0.859, l2: 0.01067, Time: 23.15
It: 12000, Loss: 1.221e-04, l1: 0.856, l2: 0.01057, Time: 23.35
It: 13000, Loss: 3.553e-04, l1: 0.853, l2: 0.01051, Time: 23.35
It: 14000, Loss: 2.381e-04, l1: 0.850, l2: 0.01042, Time: 23.12
It: 15000, Loss: 1.236e-04, l1: 0.848, l2: 0.01039, Time: 23.39
It: 16000, Loss: 1.110e-04, l1: 0.846, l2: 0.01031, Time: 23.30
It: 17000, Loss: 1.087e-04, l1: 0.845, l2: 0.01030, Time: 23.20
It: 18000, Loss: 2.142e-04, l1: 0.843, l2: 0.01024, Time: 23.25
It: 19000, Loss: 1.063e-04, l1: 0.842, l2: 0.01022, Time: 23.04
It: 20000, Loss: 1.273e-04, l1: 0.841, l2: 0.01015, Time: 23.11
Model saved to models/Re100/Re100_20000.npz
It: 21000, Loss: 1.278e-04, l1: 0.840, l2: 0.01014, Time: 23.21
It: 22000, Loss: 9.671e-05, l1: 0.838, l2: 0.01013, Time: 23.17
It: 23000, Loss: 9.188e-05, l1: 0.837, l2: 0.01010, Time: 23.18
It: 24000, Loss: 1.354e-04, l1: 0.836, l2: 0.01002, Time: 23.26
It: 25000, Loss: 1.012e-04, l1: 0.835, l2: 0.01005, Time: 23.15
It: 26000, Loss: 1.023e-04, l1: 0.835, l2: 0.00996, Time: 23.26
It: 27000, Loss: 1.148e-04, l1: 0.834, l2: 0.01001, Time: 23.27
It: 28000, Loss: 8.429e-05, l1: 0.833, l2: 0.00990, Time: 23.09
It: 29000, Loss: 8.904e-05, l1: 0.833, l2: 0.00987, Time: 23.13
It: 30000, Loss: 8.800e-05, l1: 0.832, l2: 0.00982, Time: 23.30
Model saved to models/Re100/Re100_30000.npz
It: 31000, Loss: 8.626e-05, l1: 0.831, l2: 0.00979, Time: 23.18
It: 32000, Loss: 1.080e-04, l1: 0.831, l2: 0.00970, Time: 28.37
It: 33000, Loss: 8.992e-05, l1: 0.830, l2: 0.00971, Time: 23.08
It: 34000, Loss: 1.106e-04, l1: 0.829, l2: 0.00964, Time: 22.92
It: 35000, Loss: 8.069e-05, l1: 0.829, l2: 0.00962, Time: 22.80
It: 36000, Loss: 8.801e-05, l1: 0.828, l2: 0.00956, Time: 22.50
It: 37000, Loss: 8.915e-05, l1: 0.828, l2: 0.00953, Time: 23.22
It: 38000, Loss: 9.649e-05, l1: 0.827, l2: 0.00946, Time: 25.07
It: 39000, Loss: 7.710e-05, l1: 0.827, l2: 0.00941, Time: 23.52
It: 40000, Loss: 1.121e-04, l1: 0.826, l2: 0.00937, Time: 22.61
Model saved to models/Re100/Re100_40000.npz
It: 41000, Loss: 9.806e-05, l1: 0.826, l2: 0.00928, Time: 22.78
It: 42000, Loss: 9.099e-05, l1: 0.825, l2: 0.00925, Time: 22.49
It: 43000, Loss: 1.109e-04, l1: 0.825, l2: 0.00922, Time: 22.71
It: 44000, Loss: 1.101e-04, l1: 0.824, l2: 0.00917, Time: 22.62
It: 45000, Loss: 8.257e-05, l1: 0.824, l2: 0.00908, Time: 22.91
It: 46000, Loss: 1.117e-04, l1: 0.823, l2: 0.00907, Time: 22.75
It: 47000, Loss: 7.434e-05, l1: 0.823, l2: 0.00900, Time: 22.76
It: 48000, Loss: 1.095e-04, l1: 0.823, l2: 0.00893, Time: 23.00
It: 49000, Loss: 7.145e-05, l1: 0.822, l2: 0.00887, Time: 23.07
It: 50000, Loss: 7.155e-05, l1: 0.822, l2: 0.00883, Time: 22.62
Model saved to models/Re100/Re100_50000.npz
It: 51000, Loss: 8.617e-05, l1: 0.822, l2: 0.00875, Time: 22.75
It: 52000, Loss: 8.320e-05, l1: 0.821, l2: 0.00875, Time: 22.58
It: 53000, Loss: 8.235e-05, l1: 0.820, l2: 0.00867, Time: 22.72
It: 54000, Loss: 6.918e-05, l1: 0.820, l2: 0.00856, Time: 22.81
It: 55000, Loss: 7.049e-05, l1: 0.820, l2: 0.00853, Time: 23.22
It: 56000, Loss: 1.794e-04, l1: 0.819, l2: 0.00853, Time: 22.74
It: 57000, Loss: 9.816e-05, l1: 0.819, l2: 0.00840, Time: 22.55
It: 58000, Loss: 1.058e-04, l1: 0.819, l2: 0.00844, Time: 22.74
It: 59000, Loss: 9.919e-05, l1: 0.818, l2: 0.00828, Time: 22.65
It: 60000, Loss: 1.583e-04, l1: 0.818, l2: 0.00832, Time: 22.42
Model saved to models/Re100/Re100_60000.npz
It: 61000, Loss: 7.867e-05, l1: 0.818, l2: 0.00818, Time: 22.70
It: 62000, Loss: 7.820e-05, l1: 0.817, l2: 0.00814, Time: 22.60
It: 63000, Loss: 9.803e-05, l1: 0.817, l2: 0.00809, Time: 22.68
It: 64000, Loss: 9.425e-05, l1: 0.816, l2: 0.00805, Time: 22.55
It: 65000, Loss: 6.869e-05, l1: 0.816, l2: 0.00794, Time: 22.68
It: 66000, Loss: 7.089e-05, l1: 0.816, l2: 0.00788, Time: 22.48
It: 67000, Loss: 6.635e-05, l1: 0.815, l2: 0.00787, Time: 22.41
It: 68000, Loss: 1.197e-04, l1: 0.815, l2: 0.00774, Time: 22.24
It: 69000, Loss: 6.450e-05, l1: 0.815, l2: 0.00775, Time: 22.53
It: 70000, Loss: 9.169e-05, l1: 0.814, l2: 0.00776, Time: 22.71
Model saved to models/Re100/Re100_70000.npz
It: 71000, Loss: 6.147e-05, l1: 0.814, l2: 0.00765, Time: 22.62
It: 72000, Loss: 1.097e-04, l1: 0.813, l2: 0.00759, Time: 22.62
It: 73000, Loss: 1.011e-04, l1: 0.813, l2: 0.00755, Time: 22.79
It: 74000, Loss: 8.558e-05, l1: 0.813, l2: 0.00752, Time: 23.28
It: 75000, Loss: 9.905e-05, l1: 0.813, l2: 0.00735, Time: 22.72
It: 76000, Loss: 9.520e-05, l1: 0.812, l2: 0.00736, Time: 23.20
It: 77000, Loss: 7.327e-05, l1: 0.812, l2: 0.00731, Time: 22.58
It: 78000, Loss: 6.399e-05, l1: 0.811, l2: 0.00726, Time: 22.54
It: 79000, Loss: 7.642e-05, l1: 0.811, l2: 0.00720, Time: 22.60
It: 80000, Loss: 8.980e-05, l1: 0.811, l2: 0.00719, Time: 22.69
Model saved to models/Re100/Re100_80000.npz
It: 81000, Loss: 8.674e-05, l1: 0.810, l2: 0.00707, Time: 22.73
It: 82000, Loss: 7.817e-05, l1: 0.810, l2: 0.00708, Time: 22.61
It: 83000, Loss: 5.955e-05, l1: 0.809, l2: 0.00699, Time: 22.85
It: 84000, Loss: 6.376e-05, l1: 0.809, l2: 0.00692, Time: 22.60
It: 85000, Loss: 5.937e-05, l1: 0.809, l2: 0.00690, Time: 22.63
It: 86000, Loss: 1.036e-04, l1: 0.808, l2: 0.00679, Time: 22.62
It: 87000, Loss: 6.664e-05, l1: 0.808, l2: 0.00679, Time: 22.48
It: 88000, Loss: 1.073e-04, l1: 0.808, l2: 0.00675, Time: 22.45
It: 89000, Loss: 6.211e-05, l1: 0.807, l2: 0.00669, Time: 22.70
It: 90000, Loss: 6.199e-05, l1: 0.807, l2: 0.00665, Time: 22.54
Model saved to models/Re100/Re100_90000.npz
It: 91000, Loss: 6.159e-05, l1: 0.806, l2: 0.00660, Time: 22.80
It: 92000, Loss: 9.436e-05, l1: 0.806, l2: 0.00651, Time: 23.08
It: 93000, Loss: 6.378e-05, l1: 0.806, l2: 0.00650, Time: 23.00
It: 94000, Loss: 6.619e-05, l1: 0.806, l2: 0.00645, Time: 22.59
It: 95000, Loss: 6.000e-05, l1: 0.806, l2: 0.00639, Time: 22.36
It: 96000, Loss: 7.875e-05, l1: 0.805, l2: 0.00634, Time: 22.39
It: 97000, Loss: 1.140e-04, l1: 0.805, l2: 0.00630, Time: 22.30
It: 98000, Loss: 6.008e-05, l1: 0.804, l2: 0.00629, Time: 22.52
It: 99000, Loss: 5.551e-05, l1: 0.804, l2: 0.00622, Time: 22.49
Loss history plot saved to plots/Re100_60000_TL150_100000//Re100_60000_TL150_loss_hist.png
Lambda history plot saved to plots/Re100_60000_TL150_100000//Re100_TLwcp150_lambda_hist.png
Model Training Complete for 100000 iterations
Model saved to models/Re100_TLwcp150_[1, 2]//Re100_60000_TL150_100000.npz
Model Re100_60000.npz processed successfully.
Processing model: models/Re100/Re100_70000.npz
Model loaded from models/Re100/Re100_70000.npz
Frozen Layers: [1, 2]
Training Model...
It: 0, Loss: 7.627e-02, l1: 0.815, l2: 0.00676, Time: 11.16
It: 1000, Loss: 3.919e-04, l1: 0.944, l2: 0.00968, Time: 22.62
It: 2000, Loss: 2.314e-04, l1: 0.966, l2: 0.01041, Time: 22.50
It: 3000, Loss: 2.281e-04, l1: 0.974, l2: 0.01076, Time: 22.46
It: 4000, Loss: 1.520e-04, l1: 0.977, l2: 0.01103, Time: 22.40
It: 5000, Loss: 1.446e-04, l1: 0.978, l2: 0.01118, Time: 22.36
It: 6000, Loss: 1.742e-04, l1: 0.979, l2: 0.01123, Time: 22.47
It: 7000, Loss: 1.143e-04, l1: 0.979, l2: 0.01135, Time: 22.89
It: 8000, Loss: 1.102e-04, l1: 0.978, l2: 0.01141, Time: 22.90
It: 9000, Loss: 4.575e-04, l1: 0.977, l2: 0.01137, Time: 22.68
It: 10000, Loss: 1.010e-04, l1: 0.976, l2: 0.01150, Time: 22.55
Model saved to models/Re100/Re100_10000.npz
It: 11000, Loss: 1.761e-04, l1: 0.975, l2: 0.01162, Time: 22.36
It: 12000, Loss: 9.044e-05, l1: 0.974, l2: 0.01158, Time: 22.33
It: 13000, Loss: 8.995e-05, l1: 0.972, l2: 0.01162, Time: 22.11
It: 14000, Loss: 8.464e-05, l1: 0.971, l2: 0.01165, Time: 22.39
It: 15000, Loss: 8.754e-05, l1: 0.969, l2: 0.01165, Time: 22.33
It: 16000, Loss: 8.329e-05, l1: 0.968, l2: 0.01167, Time: 22.38
It: 17000, Loss: 9.336e-05, l1: 0.966, l2: 0.01166, Time: 22.44
It: 18000, Loss: 8.574e-05, l1: 0.965, l2: 0.01167, Time: 22.34
It: 19000, Loss: 8.063e-05, l1: 0.964, l2: 0.01168, Time: 22.35
It: 20000, Loss: 7.824e-05, l1: 0.962, l2: 0.01168, Time: 22.34
Model saved to models/Re100/Re100_20000.npz
It: 21000, Loss: 2.056e-04, l1: 0.961, l2: 0.01159, Time: 22.49
It: 22000, Loss: 7.623e-05, l1: 0.959, l2: 0.01166, Time: 22.45
It: 23000, Loss: 7.047e-05, l1: 0.958, l2: 0.01164, Time: 22.45
It: 24000, Loss: 7.922e-05, l1: 0.956, l2: 0.01159, Time: 22.41
It: 25000, Loss: 1.072e-04, l1: 0.955, l2: 0.01165, Time: 22.30
It: 26000, Loss: 7.336e-05, l1: 0.953, l2: 0.01161, Time: 22.37
It: 27000, Loss: 9.837e-05, l1: 0.952, l2: 0.01159, Time: 22.28
It: 28000, Loss: 7.694e-05, l1: 0.951, l2: 0.01157, Time: 21.98
It: 29000, Loss: 7.293e-05, l1: 0.949, l2: 0.01154, Time: 22.02
It: 30000, Loss: 8.525e-05, l1: 0.948, l2: 0.01151, Time: 21.70
Model saved to models/Re100/Re100_30000.npz
It: 31000, Loss: 1.087e-04, l1: 0.947, l2: 0.01149, Time: 21.47
It: 32000, Loss: 8.102e-05, l1: 0.946, l2: 0.01152, Time: 21.54
It: 33000, Loss: 9.974e-05, l1: 0.945, l2: 0.01144, Time: 21.54
It: 34000, Loss: 6.586e-05, l1: 0.943, l2: 0.01144, Time: 21.60
It: 35000, Loss: 1.905e-04, l1: 0.942, l2: 0.01136, Time: 21.86
It: 36000, Loss: 7.330e-05, l1: 0.941, l2: 0.01143, Time: 21.83
It: 37000, Loss: 6.306e-05, l1: 0.940, l2: 0.01140, Time: 21.56
It: 38000, Loss: 6.732e-05, l1: 0.939, l2: 0.01137, Time: 21.56
It: 39000, Loss: 7.554e-05, l1: 0.937, l2: 0.01136, Time: 21.55
It: 40000, Loss: 6.688e-05, l1: 0.936, l2: 0.01133, Time: 21.55
Model saved to models/Re100/Re100_40000.npz
It: 41000, Loss: 6.815e-05, l1: 0.935, l2: 0.01129, Time: 21.52
It: 42000, Loss: 6.009e-05, l1: 0.934, l2: 0.01130, Time: 21.55
It: 43000, Loss: 1.253e-04, l1: 0.933, l2: 0.01128, Time: 21.51
It: 44000, Loss: 1.313e-04, l1: 0.932, l2: 0.01121, Time: 21.57
It: 45000, Loss: 8.456e-05, l1: 0.931, l2: 0.01128, Time: 21.44
It: 46000, Loss: 7.282e-05, l1: 0.930, l2: 0.01124, Time: 21.42
It: 47000, Loss: 5.974e-05, l1: 0.929, l2: 0.01119, Time: 21.46
It: 48000, Loss: 5.583e-05, l1: 0.928, l2: 0.01117, Time: 21.48
It: 49000, Loss: 7.258e-05, l1: 0.927, l2: 0.01113, Time: 21.76
It: 50000, Loss: 7.860e-05, l1: 0.926, l2: 0.01112, Time: 21.65
Model saved to models/Re100/Re100_50000.npz
It: 51000, Loss: 5.837e-05, l1: 0.925, l2: 0.01110, Time: 21.61
It: 52000, Loss: 7.191e-05, l1: 0.924, l2: 0.01107, Time: 21.43
It: 53000, Loss: 7.511e-05, l1: 0.923, l2: 0.01108, Time: 21.59
It: 54000, Loss: 8.386e-05, l1: 0.922, l2: 0.01100, Time: 21.51
It: 55000, Loss: 1.050e-04, l1: 0.921, l2: 0.01099, Time: 21.46
It: 56000, Loss: 6.723e-05, l1: 0.920, l2: 0.01104, Time: 21.49
It: 57000, Loss: 7.361e-05, l1: 0.919, l2: 0.01099, Time: 21.49
It: 58000, Loss: 5.831e-05, l1: 0.918, l2: 0.01101, Time: 21.65
It: 59000, Loss: 5.271e-05, l1: 0.918, l2: 0.01098, Time: 21.48
It: 60000, Loss: 8.889e-05, l1: 0.917, l2: 0.01095, Time: 21.61
Model saved to models/Re100/Re100_60000.npz
It: 61000, Loss: 1.262e-04, l1: 0.916, l2: 0.01102, Time: 21.63
It: 62000, Loss: 7.577e-05, l1: 0.915, l2: 0.01091, Time: 21.67
It: 63000, Loss: 6.367e-05, l1: 0.914, l2: 0.01093, Time: 21.51
It: 64000, Loss: 6.797e-05, l1: 0.913, l2: 0.01091, Time: 21.72
It: 65000, Loss: 9.847e-05, l1: 0.913, l2: 0.01091, Time: 21.63
It: 66000, Loss: 7.351e-05, l1: 0.912, l2: 0.01087, Time: 21.57
It: 67000, Loss: 5.061e-05, l1: 0.911, l2: 0.01084, Time: 21.50
It: 68000, Loss: 6.617e-05, l1: 0.910, l2: 0.01083, Time: 21.72
It: 69000, Loss: 1.070e-04, l1: 0.909, l2: 0.01080, Time: 21.47
It: 70000, Loss: 5.151e-05, l1: 0.909, l2: 0.01082, Time: 21.56
Model saved to models/Re100/Re100_70000.npz
It: 71000, Loss: 6.622e-05, l1: 0.908, l2: 0.01077, Time: 21.45
It: 72000, Loss: 5.020e-05, l1: 0.907, l2: 0.01078, Time: 21.46
It: 73000, Loss: 6.350e-05, l1: 0.906, l2: 0.01076, Time: 21.40
It: 74000, Loss: 5.920e-05, l1: 0.906, l2: 0.01075, Time: 21.44
It: 75000, Loss: 5.982e-05, l1: 0.905, l2: 0.01074, Time: 21.49
It: 76000, Loss: 7.164e-05, l1: 0.904, l2: 0.01074, Time: 21.47
It: 77000, Loss: 5.439e-05, l1: 0.903, l2: 0.01072, Time: 21.49
It: 78000, Loss: 5.150e-05, l1: 0.903, l2: 0.01070, Time: 21.49
It: 79000, Loss: 1.407e-04, l1: 0.902, l2: 0.01078, Time: 21.41
It: 80000, Loss: 4.702e-05, l1: 0.901, l2: 0.01069, Time: 21.39
Model saved to models/Re100/Re100_80000.npz
It: 81000, Loss: 5.104e-05, l1: 0.900, l2: 0.01070, Time: 21.54
It: 82000, Loss: 4.714e-05, l1: 0.899, l2: 0.01066, Time: 21.53
It: 83000, Loss: 5.779e-05, l1: 0.899, l2: 0.01069, Time: 21.57
It: 84000, Loss: 1.108e-04, l1: 0.898, l2: 0.01072, Time: 21.57
It: 85000, Loss: 8.010e-05, l1: 0.897, l2: 0.01064, Time: 21.51
It: 86000, Loss: 7.081e-05, l1: 0.897, l2: 0.01066, Time: 21.60
It: 87000, Loss: 5.009e-05, l1: 0.896, l2: 0.01062, Time: 21.65
It: 88000, Loss: 4.529e-05, l1: 0.895, l2: 0.01062, Time: 21.67
It: 89000, Loss: 4.473e-05, l1: 0.895, l2: 0.01060, Time: 21.78
It: 90000, Loss: 5.719e-05, l1: 0.894, l2: 0.01058, Time: 21.99
Model saved to models/Re100/Re100_90000.npz
It: 91000, Loss: 1.543e-04, l1: 0.893, l2: 0.01067, Time: 21.53
It: 92000, Loss: 4.886e-05, l1: 0.893, l2: 0.01057, Time: 21.62
It: 93000, Loss: 4.749e-05, l1: 0.892, l2: 0.01056, Time: 21.53
It: 94000, Loss: 5.390e-05, l1: 0.892, l2: 0.01055, Time: 21.48
It: 95000, Loss: 5.458e-05, l1: 0.891, l2: 0.01057, Time: 21.44
It: 96000, Loss: 4.427e-05, l1: 0.890, l2: 0.01054, Time: 21.49
It: 97000, Loss: 4.973e-05, l1: 0.890, l2: 0.01056, Time: 21.44
It: 98000, Loss: 5.084e-05, l1: 0.889, l2: 0.01055, Time: 21.39
It: 99000, Loss: 7.179e-05, l1: 0.888, l2: 0.01049, Time: 21.53
Loss history plot saved to plots/Re100_70000_TL150_100000//Re100_70000_TL150_loss_hist.png
Lambda history plot saved to plots/Re100_70000_TL150_100000//Re100_TLwcp150_lambda_hist.png
Model Training Complete for 100000 iterations
Model saved to models/Re100_TLwcp150_[1, 2]//Re100_70000_TL150_100000.npz
Model Re100_70000.npz processed successfully.
Processing model: models/Re100/Re100_80000.npz
Model loaded from models/Re100/Re100_80000.npz
Frozen Layers: [1, 2]
Training Model...
It: 0, Loss: 5.428e-02, l1: 0.902, l2: 0.00969, Time: 10.44
It: 1000, Loss: 5.651e-04, l1: 0.900, l2: 0.01331, Time: 21.58
It: 2000, Loss: 1.835e-04, l1: 0.888, l2: 0.01340, Time: 21.62
It: 3000, Loss: 1.871e-04, l1: 0.880, l2: 0.01327, Time: 21.54
It: 4000, Loss: 2.013e-04, l1: 0.875, l2: 0.01308, Time: 21.67
It: 5000, Loss: 1.094e-04, l1: 0.872, l2: 0.01298, Time: 21.82
It: 6000, Loss: 1.980e-04, l1: 0.870, l2: 0.01277, Time: 21.85
It: 7000, Loss: 1.306e-04, l1: 0.868, l2: 0.01250, Time: 21.77
It: 8000, Loss: 9.817e-05, l1: 0.866, l2: 0.01242, Time: 21.66
It: 9000, Loss: 9.880e-05, l1: 0.864, l2: 0.01222, Time: 21.62
It: 10000, Loss: 9.786e-05, l1: 0.864, l2: 0.01202, Time: 21.68
Model saved to models/Re100/Re100_10000.npz
It: 11000, Loss: 9.000e-05, l1: 0.863, l2: 0.01187, Time: 21.77
It: 12000, Loss: 8.523e-05, l1: 0.862, l2: 0.01170, Time: 21.60
It: 13000, Loss: 1.502e-04, l1: 0.861, l2: 0.01158, Time: 21.71
It: 14000, Loss: 9.126e-05, l1: 0.861, l2: 0.01148, Time: 21.61
It: 15000, Loss: 2.844e-04, l1: 0.860, l2: 0.01147, Time: 21.63
It: 16000, Loss: 6.942e-05, l1: 0.860, l2: 0.01121, Time: 22.00
It: 17000, Loss: 7.587e-05, l1: 0.860, l2: 0.01106, Time: 21.64
It: 18000, Loss: 6.604e-05, l1: 0.859, l2: 0.01096, Time: 21.59
It: 19000, Loss: 8.682e-05, l1: 0.859, l2: 0.01082, Time: 21.63
It: 20000, Loss: 6.563e-05, l1: 0.859, l2: 0.01073, Time: 21.52
Model saved to models/Re100/Re100_20000.npz
It: 21000, Loss: 6.981e-05, l1: 0.859, l2: 0.01053, Time: 21.60
It: 22000, Loss: 7.230e-05, l1: 0.859, l2: 0.01045, Time: 21.65
It: 23000, Loss: 6.273e-05, l1: 0.858, l2: 0.01038, Time: 21.68
It: 24000, Loss: 7.583e-05, l1: 0.858, l2: 0.01026, Time: 21.71
It: 25000, Loss: 8.391e-05, l1: 0.858, l2: 0.01015, Time: 21.67
It: 26000, Loss: 6.017e-05, l1: 0.858, l2: 0.00998, Time: 21.62
It: 27000, Loss: 5.917e-05, l1: 0.858, l2: 0.00990, Time: 21.68
It: 28000, Loss: 7.506e-05, l1: 0.857, l2: 0.00971, Time: 22.21
It: 29000, Loss: 6.846e-05, l1: 0.857, l2: 0.00973, Time: 22.10
It: 30000, Loss: 5.914e-05, l1: 0.857, l2: 0.00957, Time: 21.82
Model saved to models/Re100/Re100_30000.npz
It: 31000, Loss: 6.630e-05, l1: 0.857, l2: 0.00948, Time: 21.70
It: 32000, Loss: 7.332e-05, l1: 0.857, l2: 0.00936, Time: 21.96
It: 33000, Loss: 8.744e-05, l1: 0.857, l2: 0.00927, Time: 21.87
It: 34000, Loss: 5.583e-05, l1: 0.857, l2: 0.00917, Time: 21.76
It: 35000, Loss: 2.397e-04, l1: 0.857, l2: 0.00912, Time: 21.74
It: 36000, Loss: 5.274e-05, l1: 0.857, l2: 0.00898, Time: 22.39
It: 37000, Loss: 6.837e-05, l1: 0.856, l2: 0.00892, Time: 21.66
It: 38000, Loss: 5.430e-05, l1: 0.856, l2: 0.00882, Time: 21.59
It: 39000, Loss: 7.477e-05, l1: 0.856, l2: 0.00869, Time: 21.60
It: 40000, Loss: 8.653e-05, l1: 0.856, l2: 0.00862, Time: 21.97
Model saved to models/Re100/Re100_40000.npz
It: 41000, Loss: 5.244e-05, l1: 0.856, l2: 0.00854, Time: 21.94
It: 42000, Loss: 7.509e-05, l1: 0.856, l2: 0.00843, Time: 21.87
It: 43000, Loss: 5.192e-05, l1: 0.856, l2: 0.00839, Time: 21.67
It: 44000, Loss: 7.392e-05, l1: 0.856, l2: 0.00826, Time: 21.71
It: 45000, Loss: 5.959e-05, l1: 0.855, l2: 0.00822, Time: 21.73
It: 46000, Loss: 5.174e-05, l1: 0.855, l2: 0.00815, Time: 21.61
It: 47000, Loss: 5.451e-05, l1: 0.855, l2: 0.00807, Time: 21.67
It: 48000, Loss: 4.822e-05, l1: 0.855, l2: 0.00803, Time: 21.56
It: 49000, Loss: 4.843e-05, l1: 0.855, l2: 0.00794, Time: 21.62
It: 50000, Loss: 1.020e-04, l1: 0.855, l2: 0.00791, Time: 21.60
Model saved to models/Re100/Re100_50000.npz
It: 51000, Loss: 5.350e-05, l1: 0.855, l2: 0.00777, Time: 21.59
It: 52000, Loss: 7.594e-05, l1: 0.855, l2: 0.00773, Time: 21.62
It: 53000, Loss: 4.815e-05, l1: 0.854, l2: 0.00766, Time: 21.52
It: 54000, Loss: 4.639e-05, l1: 0.854, l2: 0.00761, Time: 21.57
It: 55000, Loss: 9.892e-05, l1: 0.854, l2: 0.00758, Time: 21.64
It: 56000, Loss: 4.912e-05, l1: 0.854, l2: 0.00749, Time: 21.59
It: 57000, Loss: 1.128e-04, l1: 0.854, l2: 0.00736, Time: 21.63
It: 58000, Loss: 4.649e-05, l1: 0.854, l2: 0.00735, Time: 21.55
It: 59000, Loss: 4.655e-05, l1: 0.854, l2: 0.00729, Time: 21.59
It: 60000, Loss: 4.866e-05, l1: 0.854, l2: 0.00723, Time: 21.62
Model saved to models/Re100/Re100_60000.npz
It: 61000, Loss: 1.516e-04, l1: 0.853, l2: 0.00715, Time: 21.59
It: 62000, Loss: 5.325e-05, l1: 0.853, l2: 0.00708, Time: 21.63
It: 63000, Loss: 4.580e-05, l1: 0.853, l2: 0.00708, Time: 21.81
It: 64000, Loss: 7.471e-05, l1: 0.853, l2: 0.00701, Time: 21.64
It: 65000, Loss: 4.707e-05, l1: 0.853, l2: 0.00698, Time: 21.54
It: 66000, Loss: 1.271e-04, l1: 0.853, l2: 0.00683, Time: 21.76
It: 67000, Loss: 4.438e-05, l1: 0.853, l2: 0.00688, Time: 21.58
It: 68000, Loss: 4.609e-05, l1: 0.852, l2: 0.00685, Time: 21.59
It: 69000, Loss: 4.363e-05, l1: 0.852, l2: 0.00679, Time: 21.80
It: 70000, Loss: 7.097e-05, l1: 0.852, l2: 0.00673, Time: 21.95
Model saved to models/Re100/Re100_70000.npz
It: 71000, Loss: 1.705e-04, l1: 0.852, l2: 0.00660, Time: 21.91
It: 72000, Loss: 7.186e-05, l1: 0.852, l2: 0.00660, Time: 21.57
It: 73000, Loss: 7.015e-05, l1: 0.852, l2: 0.00660, Time: 21.85
It: 74000, Loss: 4.306e-05, l1: 0.851, l2: 0.00657, Time: 22.01
It: 75000, Loss: 9.775e-05, l1: 0.851, l2: 0.00663, Time: 21.90
It: 76000, Loss: 6.347e-05, l1: 0.851, l2: 0.00644, Time: 21.69
It: 77000, Loss: 5.205e-05, l1: 0.851, l2: 0.00641, Time: 21.59
It: 78000, Loss: 1.066e-04, l1: 0.851, l2: 0.00645, Time: 21.71
It: 79000, Loss: 4.545e-05, l1: 0.851, l2: 0.00639, Time: 21.65
It: 80000, Loss: 4.988e-05, l1: 0.851, l2: 0.00634, Time: 21.80
Model saved to models/Re100/Re100_80000.npz
It: 81000, Loss: 4.467e-05, l1: 0.850, l2: 0.00629, Time: 21.69
It: 82000, Loss: 6.661e-05, l1: 0.850, l2: 0.00627, Time: 21.71
It: 83000, Loss: 5.355e-05, l1: 0.850, l2: 0.00626, Time: 21.64
It: 84000, Loss: 4.004e-05, l1: 0.850, l2: 0.00624, Time: 21.73
It: 85000, Loss: 5.664e-05, l1: 0.850, l2: 0.00622, Time: 21.88
It: 86000, Loss: 6.197e-05, l1: 0.850, l2: 0.00617, Time: 21.70
It: 87000, Loss: 7.249e-05, l1: 0.849, l2: 0.00616, Time: 21.69
It: 88000, Loss: 4.418e-05, l1: 0.849, l2: 0.00614, Time: 21.94
It: 89000, Loss: 4.062e-05, l1: 0.849, l2: 0.00611, Time: 21.80
It: 90000, Loss: 4.398e-05, l1: 0.849, l2: 0.00608, Time: 21.71
Model saved to models/Re100/Re100_90000.npz
It: 91000, Loss: 4.085e-05, l1: 0.849, l2: 0.00605, Time: 21.73
It: 92000, Loss: 8.064e-05, l1: 0.849, l2: 0.00599, Time: 21.58
It: 93000, Loss: 4.170e-05, l1: 0.848, l2: 0.00600, Time: 21.63
It: 94000, Loss: 5.261e-05, l1: 0.848, l2: 0.00602, Time: 21.68
It: 95000, Loss: 3.910e-05, l1: 0.848, l2: 0.00596, Time: 21.54
It: 96000, Loss: 7.984e-05, l1: 0.848, l2: 0.00592, Time: 21.51
It: 97000, Loss: 5.363e-05, l1: 0.848, l2: 0.00596, Time: 21.57
It: 98000, Loss: 5.761e-05, l1: 0.847, l2: 0.00589, Time: 21.62
It: 99000, Loss: 4.468e-05, l1: 0.847, l2: 0.00589, Time: 21.67
Loss history plot saved to plots/Re100_80000_TL150_100000//Re100_80000_TL150_loss_hist.png
Lambda history plot saved to plots/Re100_80000_TL150_100000//Re100_TLwcp150_lambda_hist.png
Model Training Complete for 100000 iterations
Model saved to models/Re100_TLwcp150_[1, 2]//Re100_80000_TL150_100000.npz
Model Re100_80000.npz processed successfully.
Processing model: models/Re100/Re100_90000.npz
Model loaded from models/Re100/Re100_90000.npz
Frozen Layers: [1, 2]
Training Model...
It: 0, Loss: 6.899e-02, l1: 0.850, l2: 0.00508, Time: 10.76
It: 1000, Loss: 2.673e-04, l1: 0.855, l2: 0.01271, Time: 21.61
It: 2000, Loss: 1.558e-04, l1: 0.842, l2: 0.01341, Time: 21.64
It: 3000, Loss: 1.340e-04, l1: 0.838, l2: 0.01379, Time: 21.60
It: 4000, Loss: 9.848e-05, l1: 0.836, l2: 0.01413, Time: 21.59
It: 5000, Loss: 8.281e-05, l1: 0.835, l2: 0.01431, Time: 21.52
It: 6000, Loss: 7.474e-05, l1: 0.835, l2: 0.01443, Time: 21.66
It: 7000, Loss: 6.884e-05, l1: 0.835, l2: 0.01450, Time: 21.60
It: 8000, Loss: 1.186e-04, l1: 0.834, l2: 0.01453, Time: 21.72
It: 9000, Loss: 2.055e-04, l1: 0.834, l2: 0.01451, Time: 21.64
It: 10000, Loss: 6.943e-05, l1: 0.834, l2: 0.01454, Time: 21.61
Model saved to models/Re100/Re100_10000.npz
It: 11000, Loss: 1.267e-04, l1: 0.834, l2: 0.01456, Time: 21.53
It: 12000, Loss: 6.766e-05, l1: 0.834, l2: 0.01452, Time: 21.48
It: 13000, Loss: 5.555e-05, l1: 0.833, l2: 0.01453, Time: 21.56
It: 14000, Loss: 1.588e-04, l1: 0.833, l2: 0.01457, Time: 21.68
It: 15000, Loss: 7.081e-05, l1: 0.833, l2: 0.01454, Time: 21.61
It: 16000, Loss: 7.883e-05, l1: 0.833, l2: 0.01448, Time: 21.41
It: 17000, Loss: 1.108e-04, l1: 0.833, l2: 0.01446, Time: 21.43
It: 18000, Loss: 1.180e-04, l1: 0.833, l2: 0.01441, Time: 21.68
It: 19000, Loss: 7.698e-05, l1: 0.833, l2: 0.01450, Time: 21.58
It: 20000, Loss: 5.300e-05, l1: 0.833, l2: 0.01450, Time: 21.48
Model saved to models/Re100/Re100_20000.npz
It: 21000, Loss: 7.054e-05, l1: 0.833, l2: 0.01445, Time: 21.66
It: 22000, Loss: 6.093e-05, l1: 0.833, l2: 0.01445, Time: 21.73
It: 23000, Loss: 7.161e-05, l1: 0.833, l2: 0.01447, Time: 22.06
It: 24000, Loss: 7.594e-05, l1: 0.833, l2: 0.01441, Time: 21.70
It: 25000, Loss: 5.096e-05, l1: 0.833, l2: 0.01443, Time: 21.80
It: 26000, Loss: 5.751e-05, l1: 0.833, l2: 0.01440, Time: 21.80
It: 27000, Loss: 9.329e-05, l1: 0.833, l2: 0.01447, Time: 21.61
It: 28000, Loss: 1.700e-04, l1: 0.833, l2: 0.01440, Time: 21.54
It: 29000, Loss: 4.469e-05, l1: 0.833, l2: 0.01448, Time: 21.87
It: 30000, Loss: 9.421e-05, l1: 0.833, l2: 0.01445, Time: 21.58
Model saved to models/Re100/Re100_30000.npz
It: 31000, Loss: 4.754e-05, l1: 0.833, l2: 0.01443, Time: 21.48
It: 32000, Loss: 6.661e-05, l1: 0.833, l2: 0.01445, Time: 21.63
It: 33000, Loss: 1.447e-04, l1: 0.833, l2: 0.01452, Time: 21.52
It: 34000, Loss: 5.759e-05, l1: 0.833, l2: 0.01448, Time: 21.65
It: 35000, Loss: 4.683e-05, l1: 0.833, l2: 0.01450, Time: 21.71
It: 36000, Loss: 6.134e-05, l1: 0.833, l2: 0.01449, Time: 21.59
It: 37000, Loss: 5.235e-05, l1: 0.833, l2: 0.01454, Time: 21.80
It: 38000, Loss: 6.716e-05, l1: 0.833, l2: 0.01445, Time: 21.62
It: 39000, Loss: 5.901e-05, l1: 0.833, l2: 0.01453, Time: 21.69
It: 40000, Loss: 7.799e-05, l1: 0.833, l2: 0.01449, Time: 21.75
Model saved to models/Re100/Re100_40000.npz
It: 41000, Loss: 4.663e-05, l1: 0.833, l2: 0.01458, Time: 21.58
It: 42000, Loss: 4.092e-05, l1: 0.833, l2: 0.01455, Time: 21.56
It: 43000, Loss: 8.497e-05, l1: 0.833, l2: 0.01461, Time: 21.61
It: 44000, Loss: 5.085e-05, l1: 0.833, l2: 0.01459, Time: 21.61
It: 45000, Loss: 4.401e-05, l1: 0.833, l2: 0.01463, Time: 21.60
It: 46000, Loss: 5.548e-05, l1: 0.833, l2: 0.01460, Time: 21.74
It: 47000, Loss: 4.776e-05, l1: 0.833, l2: 0.01466, Time: 21.59
It: 48000, Loss: 4.081e-05, l1: 0.833, l2: 0.01466, Time: 21.78
It: 49000, Loss: 4.774e-05, l1: 0.833, l2: 0.01466, Time: 21.70
It: 50000, Loss: 4.024e-05, l1: 0.833, l2: 0.01469, Time: 21.62
Model saved to models/Re100/Re100_50000.npz
It: 51000, Loss: 7.629e-05, l1: 0.833, l2: 0.01468, Time: 21.58
It: 52000, Loss: 7.927e-05, l1: 0.833, l2: 0.01472, Time: 21.49
It: 53000, Loss: 5.358e-05, l1: 0.833, l2: 0.01473, Time: 21.58
It: 54000, Loss: 8.472e-05, l1: 0.832, l2: 0.01469, Time: 21.75
It: 55000, Loss: 4.828e-05, l1: 0.832, l2: 0.01474, Time: 21.82
It: 56000, Loss: 5.150e-05, l1: 0.832, l2: 0.01476, Time: 21.70
It: 57000, Loss: 4.777e-05, l1: 0.832, l2: 0.01479, Time: 21.78
It: 58000, Loss: 4.464e-05, l1: 0.832, l2: 0.01479, Time: 21.79
It: 59000, Loss: 8.101e-05, l1: 0.832, l2: 0.01486, Time: 21.71
It: 60000, Loss: 5.625e-05, l1: 0.832, l2: 0.01482, Time: 21.61
Model saved to models/Re100/Re100_60000.npz
It: 61000, Loss: 6.550e-05, l1: 0.832, l2: 0.01480, Time: 21.67
It: 62000, Loss: 4.720e-05, l1: 0.832, l2: 0.01486, Time: 22.15
It: 63000, Loss: 4.761e-05, l1: 0.832, l2: 0.01487, Time: 21.56
It: 64000, Loss: 6.330e-05, l1: 0.832, l2: 0.01492, Time: 21.49
It: 65000, Loss: 3.684e-05, l1: 0.832, l2: 0.01490, Time: 21.71
It: 66000, Loss: 4.139e-05, l1: 0.832, l2: 0.01493, Time: 21.91
It: 67000, Loss: 3.897e-05, l1: 0.832, l2: 0.01496, Time: 21.64
It: 68000, Loss: 3.839e-05, l1: 0.832, l2: 0.01497, Time: 21.64
It: 69000, Loss: 3.504e-05, l1: 0.832, l2: 0.01497, Time: 21.59
It: 70000, Loss: 5.605e-05, l1: 0.832, l2: 0.01501, Time: 21.83
Model saved to models/Re100/Re100_70000.npz
It: 71000, Loss: 3.826e-05, l1: 0.832, l2: 0.01498, Time: 21.49
It: 72000, Loss: 4.332e-05, l1: 0.831, l2: 0.01502, Time: 21.46
It: 73000, Loss: 3.888e-05, l1: 0.832, l2: 0.01503, Time: 21.57
It: 74000, Loss: 3.763e-05, l1: 0.832, l2: 0.01507, Time: 21.47
It: 75000, Loss: 3.878e-05, l1: 0.832, l2: 0.01502, Time: 21.48
It: 76000, Loss: 4.560e-05, l1: 0.832, l2: 0.01509, Time: 21.64
It: 77000, Loss: 4.345e-05, l1: 0.831, l2: 0.01508, Time: 21.43
It: 78000, Loss: 4.392e-05, l1: 0.831, l2: 0.01510, Time: 21.56
It: 79000, Loss: 3.629e-05, l1: 0.832, l2: 0.01512, Time: 21.45
It: 80000, Loss: 7.485e-05, l1: 0.831, l2: 0.01514, Time: 21.43
Model saved to models/Re100/Re100_80000.npz
It: 81000, Loss: 3.624e-05, l1: 0.831, l2: 0.01518, Time: 21.53
It: 82000, Loss: 3.531e-05, l1: 0.831, l2: 0.01516, Time: 21.61
It: 83000, Loss: 1.407e-04, l1: 0.831, l2: 0.01515, Time: 21.48
It: 84000, Loss: 1.046e-04, l1: 0.831, l2: 0.01514, Time: 21.47
It: 85000, Loss: 3.541e-05, l1: 0.831, l2: 0.01519, Time: 21.42
It: 86000, Loss: 3.968e-05, l1: 0.831, l2: 0.01521, Time: 21.38
It: 87000, Loss: 5.343e-05, l1: 0.831, l2: 0.01525, Time: 21.51
It: 88000, Loss: 3.895e-05, l1: 0.831, l2: 0.01523, Time: 21.42
It: 89000, Loss: 4.447e-05, l1: 0.831, l2: 0.01525, Time: 21.42
It: 90000, Loss: 4.114e-05, l1: 0.831, l2: 0.01523, Time: 21.58
Model saved to models/Re100/Re100_90000.npz
It: 91000, Loss: 8.687e-05, l1: 0.831, l2: 0.01533, Time: 21.54
It: 92000, Loss: 4.071e-05, l1: 0.831, l2: 0.01528, Time: 21.50
It: 93000, Loss: 3.918e-05, l1: 0.831, l2: 0.01533, Time: 21.73
It: 94000, Loss: 3.166e-05, l1: 0.831, l2: 0.01532, Time: 21.74
It: 95000, Loss: 5.721e-05, l1: 0.831, l2: 0.01532, Time: 21.53
It: 96000, Loss: 3.442e-05, l1: 0.831, l2: 0.01534, Time: 21.56
It: 97000, Loss: 3.630e-05, l1: 0.831, l2: 0.01536, Time: 21.56
It: 98000, Loss: 7.977e-05, l1: 0.831, l2: 0.01533, Time: 21.48
It: 99000, Loss: 3.272e-05, l1: 0.831, l2: 0.01537, Time: 21.41
Loss history plot saved to plots/Re100_90000_TL150_100000//Re100_90000_TL150_loss_hist.png
Lambda history plot saved to plots/Re100_90000_TL150_100000//Re100_TLwcp150_lambda_hist.png
Model Training Complete for 100000 iterations
Model saved to models/Re100_TLwcp150_[1, 2]//Re100_90000_TL150_100000.npz
Model Re100_90000.npz processed successfully.
==============================================================================
Running epilogue script on pink57.

Submit time  : 2025-02-11T15:29:00
Start time   : 2025-02-11T15:29:00
End time     : 2025-02-11T21:13:03
Elapsed time : 05:44:03 (Timelimit=1-12:00:00)

Job ID: 7046079
Cluster: i5
User/Group: fe1g22/pe
State: COMPLETED (exit code 0)
Nodes: 1
Cores per node: 8
CPU Utilized: 05:41:47
CPU Efficiency: 12.42% of 1-21:52:24 core-walltime
Job Wall-clock time: 05:44:03
Memory Utilized: 2.04 GB
Memory Efficiency: 0.00% of 16.00 B

