Running SLURM prolog script on pink54.cluster.local
===============================================================================
Job started on Tue Mar 25 17:45:57 GMT 2025
Job ID          : 7231052
Job name        : Re100wcp_TLnyq4snap
WorkDir         : /mainfs/lyceum/fe1g22
Command         : /mainfs/lyceum/fe1g22/TL-PINN-training.slurm
Partition       : lyceum
Num hosts       : 1
Num cores       : 8
Num of tasks    : 1
Hosts allocated : pink54
Job Output Follows ...
===============================================================================
Tue Mar 25 17:46:01 2025       
+---------------------------------------------------------------------------------------+
| NVIDIA-SMI 535.104.05             Driver Version: 535.104.05   CUDA Version: 12.2     |
|-----------------------------------------+----------------------+----------------------+
| GPU  Name                 Persistence-M | Bus-Id        Disp.A | Volatile Uncorr. ECC |
| Fan  Temp   Perf          Pwr:Usage/Cap |         Memory-Usage | GPU-Util  Compute M. |
|                                         |                      |               MIG M. |
|=========================================+======================+======================|
|   0  NVIDIA GeForce GTX 1080 Ti     Off | 00000000:03:00.0 Off |                  N/A |
| 23%   22C    P8               8W / 250W |      0MiB / 11264MiB |      0%      Default |
|                                         |                      |                  N/A |
+-----------------------------------------+----------------------+----------------------+
                                                                                         
+---------------------------------------------------------------------------------------+
| Processes:                                                                            |
|  GPU   GI   CI        PID   Type   Process name                            GPU Memory |
|        ID   ID                                                             Usage      |
|=======================================================================================|
|  No running processes found                                                           |
+---------------------------------------------------------------------------------------+
/mainfs/lyceum/fe1g22/TL-PINNs/pinn/model_wcp.py:189: RuntimeWarning: More than 20 figures have been opened. Figures created through the pyplot interface (`matplotlib.pyplot.figure`) are retained until explicitly closed and may consume too much memory. (To control this warning, see the rcParam `figure.max_open_warning`).
  plt.figure(figsize=(12, 8))
GPU detected and configured.
Configuration loaded.
Loading cached data from temp/data_re150_15x5x4.npz
Data loaded from temp/data_re150_15x5x4.npz
Animation saved as plots/Re100wcp_TLnyq4snap150_[1, 2]//Re100wcp_TLnyq4snap150_training_data.gif
Found 10 models.
Processing model: models/Re100wcp/Re100wcp_10000.npz
Model loaded from models/Re100wcp/Re100wcp_10000.npz
Frozen Layers: [1, 2]
Training Model...
It: 0, Loss: 1.255e-02, l1: 1.074, l2: 0.00812, Time: 13.74
It: 1000, Loss: 1.123e-03, l1: 1.004, l2: 0.00823, Time: 20.76
It: 2000, Loss: 7.926e-04, l1: 1.005, l2: 0.00766, Time: 20.84
It: 3000, Loss: 6.463e-04, l1: 1.007, l2: 0.00742, Time: 20.88
It: 4000, Loss: 5.570e-04, l1: 1.008, l2: 0.00727, Time: 21.22
It: 5000, Loss: 5.036e-04, l1: 1.009, l2: 0.00717, Time: 21.58
It: 6000, Loss: 4.591e-04, l1: 1.010, l2: 0.00713, Time: 20.21
It: 7000, Loss: 4.396e-04, l1: 1.011, l2: 0.00703, Time: 20.31
It: 8000, Loss: 3.914e-04, l1: 1.011, l2: 0.00703, Time: 20.33
It: 9000, Loss: 3.738e-04, l1: 1.012, l2: 0.00701, Time: 20.14
It: 10000, Loss: 3.555e-04, l1: 1.012, l2: 0.00704, Time: 20.17
Model saved to models/Re100wcp/Re100wcp_10000.npz
It: 11000, Loss: 3.477e-04, l1: 1.012, l2: 0.00704, Time: 20.25
It: 12000, Loss: 3.188e-04, l1: 1.012, l2: 0.00705, Time: 20.29
It: 13000, Loss: 3.228e-04, l1: 1.012, l2: 0.00704, Time: 20.18
It: 14000, Loss: 3.036e-04, l1: 1.012, l2: 0.00710, Time: 20.15
It: 15000, Loss: 2.932e-04, l1: 1.012, l2: 0.00708, Time: 20.14
It: 16000, Loss: 2.748e-04, l1: 1.012, l2: 0.00709, Time: 20.17
It: 17000, Loss: 3.139e-04, l1: 1.012, l2: 0.00709, Time: 20.22
It: 18000, Loss: 2.674e-04, l1: 1.012, l2: 0.00712, Time: 20.27
It: 19000, Loss: 2.668e-04, l1: 1.012, l2: 0.00715, Time: 20.23
It: 20000, Loss: 2.834e-04, l1: 1.011, l2: 0.00719, Time: 20.25
Model saved to models/Re100wcp/Re100wcp_20000.npz
It: 21000, Loss: 3.129e-04, l1: 1.011, l2: 0.00721, Time: 20.33
It: 22000, Loss: 3.079e-04, l1: 1.011, l2: 0.00719, Time: 20.26
It: 23000, Loss: 2.293e-04, l1: 1.011, l2: 0.00714, Time: 20.28
It: 24000, Loss: 2.521e-04, l1: 1.011, l2: 0.00714, Time: 20.26
It: 25000, Loss: 2.112e-04, l1: 1.011, l2: 0.00716, Time: 20.32
It: 26000, Loss: 2.338e-04, l1: 1.011, l2: 0.00714, Time: 20.37
It: 27000, Loss: 2.064e-04, l1: 1.010, l2: 0.00715, Time: 20.23
It: 28000, Loss: 1.950e-04, l1: 1.010, l2: 0.00714, Time: 20.47
It: 29000, Loss: 2.346e-04, l1: 1.010, l2: 0.00711, Time: 20.47
It: 30000, Loss: 1.900e-04, l1: 1.010, l2: 0.00713, Time: 20.22
Model saved to models/Re100wcp/Re100wcp_30000.npz
It: 31000, Loss: 2.818e-04, l1: 1.010, l2: 0.00714, Time: 20.27
It: 32000, Loss: 1.787e-04, l1: 1.010, l2: 0.00710, Time: 20.21
It: 33000, Loss: 1.820e-04, l1: 1.010, l2: 0.00708, Time: 20.29
It: 34000, Loss: 1.710e-04, l1: 1.010, l2: 0.00707, Time: 20.19
It: 35000, Loss: 1.702e-04, l1: 1.010, l2: 0.00706, Time: 20.28
It: 36000, Loss: 1.654e-04, l1: 1.010, l2: 0.00705, Time: 20.32
It: 37000, Loss: 2.706e-04, l1: 1.009, l2: 0.00702, Time: 20.16
It: 38000, Loss: 1.736e-04, l1: 1.009, l2: 0.00703, Time: 20.29
It: 39000, Loss: 1.833e-04, l1: 1.009, l2: 0.00705, Time: 20.24
It: 40000, Loss: 1.599e-04, l1: 1.009, l2: 0.00703, Time: 20.18
Model saved to models/Re100wcp/Re100wcp_40000.npz
It: 41000, Loss: 1.659e-04, l1: 1.009, l2: 0.00700, Time: 20.19
It: 42000, Loss: 1.840e-04, l1: 1.009, l2: 0.00699, Time: 20.18
It: 43000, Loss: 1.498e-04, l1: 1.009, l2: 0.00701, Time: 20.23
It: 44000, Loss: 1.483e-04, l1: 1.009, l2: 0.00700, Time: 20.17
It: 45000, Loss: 1.485e-04, l1: 1.009, l2: 0.00700, Time: 20.16
It: 46000, Loss: 1.469e-04, l1: 1.008, l2: 0.00699, Time: 20.16
It: 47000, Loss: 1.405e-04, l1: 1.009, l2: 0.00700, Time: 20.30
It: 48000, Loss: 2.314e-04, l1: 1.008, l2: 0.00695, Time: 20.19
It: 49000, Loss: 1.428e-04, l1: 1.008, l2: 0.00698, Time: 20.16
It: 50000, Loss: 1.478e-04, l1: 1.008, l2: 0.00697, Time: 20.16
Model saved to models/Re100wcp/Re100wcp_50000.npz
It: 51000, Loss: 1.583e-04, l1: 1.008, l2: 0.00696, Time: 20.24
It: 52000, Loss: 1.322e-04, l1: 1.008, l2: 0.00696, Time: 20.26
It: 53000, Loss: 1.421e-04, l1: 1.008, l2: 0.00697, Time: 20.24
It: 54000, Loss: 1.283e-04, l1: 1.008, l2: 0.00695, Time: 20.21
It: 55000, Loss: 1.474e-04, l1: 1.008, l2: 0.00692, Time: 20.20
It: 56000, Loss: 2.845e-04, l1: 1.008, l2: 0.00677, Time: 20.25
It: 57000, Loss: 1.228e-04, l1: 1.008, l2: 0.00694, Time: 20.25
It: 58000, Loss: 1.298e-04, l1: 1.008, l2: 0.00695, Time: 20.29
It: 59000, Loss: 1.197e-04, l1: 1.008, l2: 0.00693, Time: 20.29
It: 60000, Loss: 1.607e-04, l1: 1.007, l2: 0.00694, Time: 20.28
Model saved to models/Re100wcp/Re100wcp_60000.npz
It: 61000, Loss: 1.596e-04, l1: 1.007, l2: 0.00689, Time: 20.32
It: 62000, Loss: 1.187e-04, l1: 1.008, l2: 0.00691, Time: 20.33
It: 63000, Loss: 1.837e-04, l1: 1.007, l2: 0.00686, Time: 20.32
It: 64000, Loss: 1.355e-04, l1: 1.007, l2: 0.00695, Time: 20.32
It: 65000, Loss: 2.226e-04, l1: 1.007, l2: 0.00685, Time: 20.31
It: 66000, Loss: 1.160e-04, l1: 1.007, l2: 0.00688, Time: 20.22
It: 67000, Loss: 1.409e-04, l1: 1.007, l2: 0.00686, Time: 20.16
It: 68000, Loss: 2.146e-04, l1: 1.007, l2: 0.00684, Time: 20.19
It: 69000, Loss: 1.946e-04, l1: 1.007, l2: 0.00682, Time: 20.24
It: 70000, Loss: 2.059e-04, l1: 1.007, l2: 0.00686, Time: 20.36
Model saved to models/Re100wcp/Re100wcp_70000.npz
It: 71000, Loss: 1.176e-04, l1: 1.007, l2: 0.00688, Time: 20.22
It: 72000, Loss: 1.043e-04, l1: 1.007, l2: 0.00687, Time: 20.19
It: 73000, Loss: 1.053e-04, l1: 1.007, l2: 0.00687, Time: 20.17
It: 74000, Loss: 1.566e-04, l1: 1.007, l2: 0.00688, Time: 20.14
It: 75000, Loss: 1.075e-04, l1: 1.007, l2: 0.00686, Time: 20.14
It: 76000, Loss: 1.555e-04, l1: 1.007, l2: 0.00687, Time: 20.16
It: 77000, Loss: 1.102e-04, l1: 1.007, l2: 0.00684, Time: 20.23
It: 78000, Loss: 9.693e-05, l1: 1.007, l2: 0.00683, Time: 20.25
It: 79000, Loss: 1.175e-04, l1: 1.007, l2: 0.00684, Time: 20.17
It: 80000, Loss: 1.076e-04, l1: 1.007, l2: 0.00684, Time: 20.15
Model saved to models/Re100wcp/Re100wcp_80000.npz
It: 81000, Loss: 1.229e-04, l1: 1.007, l2: 0.00682, Time: 20.24
It: 82000, Loss: 9.371e-05, l1: 1.007, l2: 0.00681, Time: 20.20
It: 83000, Loss: 9.483e-05, l1: 1.007, l2: 0.00680, Time: 20.15
It: 84000, Loss: 1.754e-04, l1: 1.006, l2: 0.00681, Time: 20.15
It: 85000, Loss: 9.615e-05, l1: 1.006, l2: 0.00680, Time: 20.20
It: 86000, Loss: 3.729e-04, l1: 1.006, l2: 0.00686, Time: 20.17
It: 87000, Loss: 9.460e-05, l1: 1.006, l2: 0.00677, Time: 20.20
It: 88000, Loss: 9.046e-05, l1: 1.006, l2: 0.00679, Time: 20.18
It: 89000, Loss: 1.036e-04, l1: 1.006, l2: 0.00675, Time: 20.16
It: 90000, Loss: 9.290e-05, l1: 1.006, l2: 0.00675, Time: 20.18
Model saved to models/Re100wcp/Re100wcp_90000.npz
It: 91000, Loss: 1.740e-04, l1: 1.006, l2: 0.00677, Time: 20.42
It: 92000, Loss: 8.685e-05, l1: 1.006, l2: 0.00675, Time: 20.29
It: 93000, Loss: 9.798e-05, l1: 1.006, l2: 0.00676, Time: 20.31
It: 94000, Loss: 2.925e-04, l1: 1.006, l2: 0.00663, Time: 20.30
It: 95000, Loss: 9.609e-05, l1: 1.006, l2: 0.00676, Time: 20.24
It: 96000, Loss: 8.204e-05, l1: 1.006, l2: 0.00672, Time: 20.21
It: 97000, Loss: 9.176e-05, l1: 1.006, l2: 0.00668, Time: 20.17
It: 98000, Loss: 8.230e-05, l1: 1.006, l2: 0.00672, Time: 20.14
It: 99000, Loss: 8.000e-05, l1: 1.006, l2: 0.00670, Time: 20.22
Loss history plot saved to plots/Re100wcp_TLnyq4snap150_[1, 2]//Re100wcp_10000_TL150_loss_hist.png
Lambda history plot saved to plots/Re100wcp_TLnyq4snap150_[1, 2]//Re100wcp_10000_TL150_lambda_hist.png
Model Training Complete for 100000 iterations
Model saved to models/Re100wcp_TLnyq4snap150_[1, 2]//Re100wcp_10000_TL150_100000.npz
Model Re100wcp_10000.npz processed successfully.
Processing model: models/Re100wcp/Re100wcp_100000.npz
Model loaded from models/Re100wcp/Re100wcp_100000.npz
Frozen Layers: [1, 2]
Training Model...
It: 0, Loss: 1.448e-02, l1: 1.082, l2: 0.00872, Time: 10.76
It: 1000, Loss: 1.231e-03, l1: 1.020, l2: 0.00843, Time: 20.36
It: 2000, Loss: 8.327e-04, l1: 1.018, l2: 0.00833, Time: 20.17
It: 3000, Loss: 6.991e-04, l1: 1.017, l2: 0.00834, Time: 20.23
It: 4000, Loss: 6.261e-04, l1: 1.018, l2: 0.00829, Time: 20.18
It: 5000, Loss: 5.615e-04, l1: 1.018, l2: 0.00824, Time: 20.25
It: 6000, Loss: 5.817e-04, l1: 1.019, l2: 0.00831, Time: 20.23
It: 7000, Loss: 5.402e-04, l1: 1.019, l2: 0.00814, Time: 20.30
It: 8000, Loss: 4.575e-04, l1: 1.020, l2: 0.00818, Time: 20.23
It: 9000, Loss: 4.333e-04, l1: 1.020, l2: 0.00823, Time: 20.31
It: 10000, Loss: 4.314e-04, l1: 1.020, l2: 0.00821, Time: 20.25
Model saved to models/Re100wcp/Re100wcp_10000.npz
It: 11000, Loss: 3.924e-04, l1: 1.021, l2: 0.00826, Time: 20.28
It: 12000, Loss: 3.762e-04, l1: 1.021, l2: 0.00826, Time: 20.28
It: 13000, Loss: 3.940e-04, l1: 1.021, l2: 0.00823, Time: 20.26
It: 14000, Loss: 3.504e-04, l1: 1.021, l2: 0.00825, Time: 20.24
It: 15000, Loss: 3.383e-04, l1: 1.021, l2: 0.00825, Time: 20.21
It: 16000, Loss: 3.799e-04, l1: 1.021, l2: 0.00826, Time: 20.24
It: 17000, Loss: 3.115e-04, l1: 1.021, l2: 0.00819, Time: 20.34
It: 18000, Loss: 3.438e-04, l1: 1.021, l2: 0.00820, Time: 20.24
It: 19000, Loss: 4.293e-04, l1: 1.021, l2: 0.00815, Time: 20.29
It: 20000, Loss: 2.912e-04, l1: 1.022, l2: 0.00806, Time: 20.33
Model saved to models/Re100wcp/Re100wcp_20000.npz
It: 21000, Loss: 2.921e-04, l1: 1.022, l2: 0.00804, Time: 20.32
It: 22000, Loss: 2.745e-04, l1: 1.022, l2: 0.00800, Time: 20.26
It: 23000, Loss: 2.677e-04, l1: 1.022, l2: 0.00794, Time: 20.19
It: 24000, Loss: 2.653e-04, l1: 1.022, l2: 0.00793, Time: 20.29
It: 25000, Loss: 3.001e-04, l1: 1.023, l2: 0.00786, Time: 20.31
It: 26000, Loss: 2.488e-04, l1: 1.023, l2: 0.00784, Time: 20.31
It: 27000, Loss: 2.465e-04, l1: 1.023, l2: 0.00782, Time: 20.20
It: 28000, Loss: 2.398e-04, l1: 1.023, l2: 0.00779, Time: 20.18
It: 29000, Loss: 2.364e-04, l1: 1.023, l2: 0.00776, Time: 20.17
It: 30000, Loss: 2.447e-04, l1: 1.023, l2: 0.00773, Time: 20.16
Model saved to models/Re100wcp/Re100wcp_30000.npz
It: 31000, Loss: 2.243e-04, l1: 1.024, l2: 0.00769, Time: 20.28
It: 32000, Loss: 2.336e-04, l1: 1.024, l2: 0.00764, Time: 20.19
It: 33000, Loss: 2.214e-04, l1: 1.024, l2: 0.00765, Time: 20.28
It: 34000, Loss: 2.280e-04, l1: 1.024, l2: 0.00759, Time: 20.32
It: 35000, Loss: 2.088e-04, l1: 1.024, l2: 0.00758, Time: 20.30
It: 36000, Loss: 2.212e-04, l1: 1.024, l2: 0.00755, Time: 20.28
It: 37000, Loss: 2.577e-04, l1: 1.024, l2: 0.00749, Time: 20.23
It: 38000, Loss: 3.726e-04, l1: 1.025, l2: 0.00753, Time: 20.14
It: 39000, Loss: 1.992e-04, l1: 1.025, l2: 0.00751, Time: 20.15
It: 40000, Loss: 1.960e-04, l1: 1.025, l2: 0.00748, Time: 20.25
Model saved to models/Re100wcp/Re100wcp_40000.npz
It: 41000, Loss: 2.086e-04, l1: 1.025, l2: 0.00748, Time: 20.26
It: 42000, Loss: 2.094e-04, l1: 1.025, l2: 0.00748, Time: 20.14
It: 43000, Loss: 1.965e-04, l1: 1.025, l2: 0.00741, Time: 20.22
It: 44000, Loss: 1.802e-04, l1: 1.025, l2: 0.00741, Time: 20.29
It: 45000, Loss: 1.818e-04, l1: 1.025, l2: 0.00740, Time: 20.25
It: 46000, Loss: 1.750e-04, l1: 1.025, l2: 0.00740, Time: 20.20
It: 47000, Loss: 1.753e-04, l1: 1.026, l2: 0.00737, Time: 20.19
It: 48000, Loss: 1.819e-04, l1: 1.025, l2: 0.00735, Time: 20.16
It: 49000, Loss: 1.778e-04, l1: 1.025, l2: 0.00737, Time: 20.21
It: 50000, Loss: 1.677e-04, l1: 1.026, l2: 0.00736, Time: 20.22
Model saved to models/Re100wcp/Re100wcp_50000.npz
It: 51000, Loss: 1.617e-04, l1: 1.026, l2: 0.00732, Time: 20.17
It: 52000, Loss: 1.614e-04, l1: 1.025, l2: 0.00731, Time: 20.19
It: 53000, Loss: 1.753e-04, l1: 1.026, l2: 0.00736, Time: 20.19
It: 54000, Loss: 1.648e-04, l1: 1.025, l2: 0.00729, Time: 20.16
It: 55000, Loss: 1.541e-04, l1: 1.026, l2: 0.00730, Time: 20.20
It: 56000, Loss: 1.535e-04, l1: 1.026, l2: 0.00728, Time: 20.17
It: 57000, Loss: 1.584e-04, l1: 1.026, l2: 0.00729, Time: 20.15
It: 58000, Loss: 1.616e-04, l1: 1.026, l2: 0.00731, Time: 20.16
It: 59000, Loss: 1.471e-04, l1: 1.026, l2: 0.00727, Time: 20.21
It: 60000, Loss: 1.496e-04, l1: 1.026, l2: 0.00726, Time: 20.27
Model saved to models/Re100wcp/Re100wcp_60000.npz
It: 61000, Loss: 1.432e-04, l1: 1.026, l2: 0.00727, Time: 20.29
It: 62000, Loss: 1.406e-04, l1: 1.026, l2: 0.00725, Time: 20.30
It: 63000, Loss: 1.468e-04, l1: 1.026, l2: 0.00726, Time: 20.27
It: 64000, Loss: 1.623e-04, l1: 1.026, l2: 0.00728, Time: 20.20
It: 65000, Loss: 1.585e-04, l1: 1.026, l2: 0.00723, Time: 20.18
It: 66000, Loss: 1.368e-04, l1: 1.025, l2: 0.00724, Time: 20.21
It: 67000, Loss: 1.738e-04, l1: 1.025, l2: 0.00721, Time: 20.27
It: 68000, Loss: 1.687e-04, l1: 1.025, l2: 0.00725, Time: 20.26
It: 69000, Loss: 1.332e-04, l1: 1.026, l2: 0.00720, Time: 20.26
It: 70000, Loss: 1.294e-04, l1: 1.026, l2: 0.00721, Time: 20.20
Model saved to models/Re100wcp/Re100wcp_70000.npz
It: 71000, Loss: 1.284e-04, l1: 1.026, l2: 0.00719, Time: 20.36
It: 72000, Loss: 1.294e-04, l1: 1.026, l2: 0.00720, Time: 20.25
It: 73000, Loss: 1.273e-04, l1: 1.025, l2: 0.00718, Time: 20.28
It: 74000, Loss: 1.269e-04, l1: 1.025, l2: 0.00719, Time: 20.27
It: 75000, Loss: 1.245e-04, l1: 1.025, l2: 0.00717, Time: 20.20
It: 76000, Loss: 3.779e-04, l1: 1.025, l2: 0.00719, Time: 20.29
It: 77000, Loss: 1.447e-04, l1: 1.025, l2: 0.00714, Time: 20.47
It: 78000, Loss: 1.332e-04, l1: 1.025, l2: 0.00721, Time: 20.51
It: 79000, Loss: 1.297e-04, l1: 1.025, l2: 0.00718, Time: 20.55
It: 80000, Loss: 1.193e-04, l1: 1.025, l2: 0.00714, Time: 20.41
Model saved to models/Re100wcp/Re100wcp_80000.npz
It: 81000, Loss: 2.152e-04, l1: 1.025, l2: 0.00713, Time: 20.41
It: 82000, Loss: 1.371e-04, l1: 1.025, l2: 0.00716, Time: 20.49
It: 83000, Loss: 1.935e-04, l1: 1.025, l2: 0.00714, Time: 20.53
It: 84000, Loss: 1.155e-04, l1: 1.025, l2: 0.00712, Time: 20.51
It: 85000, Loss: 1.254e-04, l1: 1.025, l2: 0.00712, Time: 20.47
It: 86000, Loss: 1.300e-04, l1: 1.025, l2: 0.00713, Time: 20.47
It: 87000, Loss: 1.354e-04, l1: 1.025, l2: 0.00711, Time: 20.42
It: 88000, Loss: 1.122e-04, l1: 1.025, l2: 0.00711, Time: 20.58
It: 89000, Loss: 1.272e-04, l1: 1.025, l2: 0.00706, Time: 20.44
It: 90000, Loss: 1.154e-04, l1: 1.025, l2: 0.00710, Time: 20.34
Model saved to models/Re100wcp/Re100wcp_90000.npz
It: 91000, Loss: 1.098e-04, l1: 1.025, l2: 0.00709, Time: 20.44
It: 92000, Loss: 1.112e-04, l1: 1.025, l2: 0.00708, Time: 20.39
It: 93000, Loss: 1.114e-04, l1: 1.025, l2: 0.00709, Time: 20.45
It: 94000, Loss: 1.076e-04, l1: 1.025, l2: 0.00706, Time: 20.37
It: 95000, Loss: 1.778e-04, l1: 1.024, l2: 0.00707, Time: 20.30
It: 96000, Loss: 1.055e-04, l1: 1.025, l2: 0.00706, Time: 20.50
It: 97000, Loss: 1.054e-04, l1: 1.025, l2: 0.00706, Time: 20.53
It: 98000, Loss: 1.078e-04, l1: 1.025, l2: 0.00706, Time: 20.28
It: 99000, Loss: 1.051e-04, l1: 1.024, l2: 0.00707, Time: 20.35
Loss history plot saved to plots/Re100wcp_TLnyq4snap150_[1, 2]//Re100wcp_100000_TL150_loss_hist.png
Lambda history plot saved to plots/Re100wcp_TLnyq4snap150_[1, 2]//Re100wcp_100000_TL150_lambda_hist.png
Model Training Complete for 100000 iterations
Model saved to models/Re100wcp_TLnyq4snap150_[1, 2]//Re100wcp_100000_TL150_100000.npz
Model Re100wcp_100000.npz processed successfully.
Processing model: models/Re100wcp/Re100wcp_20000.npz
Model loaded from models/Re100wcp/Re100wcp_20000.npz
Frozen Layers: [1, 2]
Training Model...
It: 0, Loss: 5.673e-03, l1: 1.021, l2: 0.00706, Time: 10.64
It: 1000, Loss: 8.762e-04, l1: 0.995, l2: 0.00526, Time: 20.49
It: 2000, Loss: 7.215e-04, l1: 0.997, l2: 0.00535, Time: 20.58
It: 3000, Loss: 6.289e-04, l1: 0.998, l2: 0.00531, Time: 20.43
It: 4000, Loss: 5.648e-04, l1: 0.999, l2: 0.00520, Time: 20.35
It: 5000, Loss: 5.307e-04, l1: 0.998, l2: 0.00504, Time: 20.43
It: 6000, Loss: 4.819e-04, l1: 0.999, l2: 0.00495, Time: 20.50
It: 7000, Loss: 4.523e-04, l1: 0.998, l2: 0.00487, Time: 20.49
It: 8000, Loss: 4.971e-04, l1: 0.998, l2: 0.00477, Time: 20.50
It: 9000, Loss: 5.069e-04, l1: 0.998, l2: 0.00480, Time: 20.47
It: 10000, Loss: 3.864e-04, l1: 0.998, l2: 0.00476, Time: 20.39
Model saved to models/Re100wcp/Re100wcp_10000.npz
It: 11000, Loss: 3.669e-04, l1: 0.997, l2: 0.00476, Time: 20.39
It: 12000, Loss: 3.623e-04, l1: 0.997, l2: 0.00477, Time: 20.41
It: 13000, Loss: 3.379e-04, l1: 0.997, l2: 0.00482, Time: 20.31
It: 14000, Loss: 3.314e-04, l1: 0.996, l2: 0.00486, Time: 20.35
It: 15000, Loss: 3.127e-04, l1: 0.996, l2: 0.00489, Time: 20.40
It: 16000, Loss: 3.017e-04, l1: 0.995, l2: 0.00493, Time: 20.72
It: 17000, Loss: 2.993e-04, l1: 0.994, l2: 0.00496, Time: 20.47
It: 18000, Loss: 2.938e-04, l1: 0.994, l2: 0.00501, Time: 20.63
It: 19000, Loss: 2.789e-04, l1: 0.994, l2: 0.00506, Time: 20.43
It: 20000, Loss: 2.667e-04, l1: 0.993, l2: 0.00508, Time: 20.29
Model saved to models/Re100wcp/Re100wcp_20000.npz
It: 21000, Loss: 2.598e-04, l1: 0.993, l2: 0.00511, Time: 20.47
It: 22000, Loss: 2.531e-04, l1: 0.992, l2: 0.00514, Time: 20.81
It: 23000, Loss: 2.462e-04, l1: 0.992, l2: 0.00517, Time: 20.51
It: 24000, Loss: 2.478e-04, l1: 0.991, l2: 0.00515, Time: 20.53
It: 25000, Loss: 2.580e-04, l1: 0.991, l2: 0.00519, Time: 20.49
It: 26000, Loss: 2.336e-04, l1: 0.991, l2: 0.00526, Time: 20.45
It: 27000, Loss: 2.269e-04, l1: 0.990, l2: 0.00524, Time: 20.28
It: 28000, Loss: 2.276e-04, l1: 0.990, l2: 0.00528, Time: 20.29
It: 29000, Loss: 2.229e-04, l1: 0.990, l2: 0.00527, Time: 20.31
It: 30000, Loss: 3.066e-04, l1: 0.990, l2: 0.00528, Time: 20.31
Model saved to models/Re100wcp/Re100wcp_30000.npz
It: 31000, Loss: 2.787e-04, l1: 0.990, l2: 0.00528, Time: 20.30
It: 32000, Loss: 2.221e-04, l1: 0.989, l2: 0.00533, Time: 20.34
It: 33000, Loss: 2.028e-04, l1: 0.989, l2: 0.00537, Time: 20.29
It: 34000, Loss: 2.034e-04, l1: 0.989, l2: 0.00537, Time: 20.38
It: 35000, Loss: 1.910e-04, l1: 0.989, l2: 0.00539, Time: 20.39
It: 36000, Loss: 2.101e-04, l1: 0.989, l2: 0.00537, Time: 20.40
It: 37000, Loss: 1.845e-04, l1: 0.989, l2: 0.00541, Time: 20.45
It: 38000, Loss: 1.829e-04, l1: 0.989, l2: 0.00544, Time: 20.41
It: 39000, Loss: 2.201e-04, l1: 0.989, l2: 0.00550, Time: 20.51
It: 40000, Loss: 1.753e-04, l1: 0.989, l2: 0.00546, Time: 20.55
Model saved to models/Re100wcp/Re100wcp_40000.npz
It: 41000, Loss: 1.781e-04, l1: 0.988, l2: 0.00548, Time: 20.85
It: 42000, Loss: 1.715e-04, l1: 0.988, l2: 0.00549, Time: 20.53
It: 43000, Loss: 2.369e-04, l1: 0.989, l2: 0.00557, Time: 20.41
It: 44000, Loss: 1.643e-04, l1: 0.988, l2: 0.00552, Time: 20.50
It: 45000, Loss: 1.821e-04, l1: 0.988, l2: 0.00552, Time: 20.62
It: 46000, Loss: 2.225e-04, l1: 0.988, l2: 0.00553, Time: 20.53
It: 47000, Loss: 2.027e-04, l1: 0.988, l2: 0.00556, Time: 20.41
It: 48000, Loss: 1.855e-04, l1: 0.988, l2: 0.00554, Time: 20.43
It: 49000, Loss: 1.546e-04, l1: 0.988, l2: 0.00560, Time: 20.42
It: 50000, Loss: 1.617e-04, l1: 0.988, l2: 0.00561, Time: 20.47
Model saved to models/Re100wcp/Re100wcp_50000.npz
It: 51000, Loss: 1.515e-04, l1: 0.988, l2: 0.00561, Time: 20.44
It: 52000, Loss: 1.582e-04, l1: 0.988, l2: 0.00564, Time: 20.49
It: 53000, Loss: 3.283e-04, l1: 0.988, l2: 0.00563, Time: 20.32
It: 54000, Loss: 1.762e-04, l1: 0.988, l2: 0.00570, Time: 20.40
It: 55000, Loss: 1.427e-04, l1: 0.988, l2: 0.00567, Time: 20.54
It: 56000, Loss: 2.026e-04, l1: 0.988, l2: 0.00566, Time: 20.64
It: 57000, Loss: 1.938e-04, l1: 0.988, l2: 0.00566, Time: 20.58
It: 58000, Loss: 1.547e-04, l1: 0.988, l2: 0.00573, Time: 20.59
It: 59000, Loss: 1.612e-04, l1: 0.988, l2: 0.00572, Time: 20.68
It: 60000, Loss: 1.430e-04, l1: 0.988, l2: 0.00574, Time: 20.63
Model saved to models/Re100wcp/Re100wcp_60000.npz
It: 61000, Loss: 1.912e-04, l1: 0.988, l2: 0.00569, Time: 20.68
It: 62000, Loss: 1.333e-04, l1: 0.988, l2: 0.00574, Time: 20.36
It: 63000, Loss: 1.298e-04, l1: 0.988, l2: 0.00576, Time: 20.44
It: 64000, Loss: 2.248e-04, l1: 0.988, l2: 0.00574, Time: 20.39
It: 65000, Loss: 1.667e-04, l1: 0.988, l2: 0.00575, Time: 20.38
It: 66000, Loss: 1.292e-04, l1: 0.988, l2: 0.00578, Time: 20.51
It: 67000, Loss: 1.363e-04, l1: 0.988, l2: 0.00580, Time: 20.33
It: 68000, Loss: 1.565e-04, l1: 0.988, l2: 0.00581, Time: 20.37
It: 69000, Loss: 1.265e-04, l1: 0.988, l2: 0.00582, Time: 20.43
It: 70000, Loss: 1.881e-04, l1: 0.988, l2: 0.00586, Time: 20.39
Model saved to models/Re100wcp/Re100wcp_70000.npz
It: 71000, Loss: 1.956e-04, l1: 0.988, l2: 0.00582, Time: 20.40
It: 72000, Loss: 1.198e-04, l1: 0.988, l2: 0.00584, Time: 20.45
It: 73000, Loss: 1.496e-04, l1: 0.988, l2: 0.00590, Time: 20.50
It: 74000, Loss: 1.962e-04, l1: 0.988, l2: 0.00586, Time: 20.47
It: 75000, Loss: 1.628e-04, l1: 0.988, l2: 0.00587, Time: 20.52
It: 76000, Loss: 2.186e-04, l1: 0.988, l2: 0.00581, Time: 20.52
It: 77000, Loss: 1.652e-04, l1: 0.988, l2: 0.00594, Time: 20.41
It: 78000, Loss: 1.436e-04, l1: 0.988, l2: 0.00592, Time: 20.35
It: 79000, Loss: 1.132e-04, l1: 0.988, l2: 0.00590, Time: 20.44
It: 80000, Loss: 1.174e-04, l1: 0.988, l2: 0.00590, Time: 20.37
Model saved to models/Re100wcp/Re100wcp_80000.npz
It: 81000, Loss: 2.947e-04, l1: 0.988, l2: 0.00581, Time: 20.33
It: 82000, Loss: 1.094e-04, l1: 0.988, l2: 0.00594, Time: 20.42
It: 83000, Loss: 1.110e-04, l1: 0.988, l2: 0.00595, Time: 20.46
It: 84000, Loss: 1.833e-04, l1: 0.988, l2: 0.00598, Time: 20.58
It: 85000, Loss: 1.391e-04, l1: 0.987, l2: 0.00590, Time: 20.53
It: 86000, Loss: 1.075e-04, l1: 0.988, l2: 0.00598, Time: 20.39
It: 87000, Loss: 1.263e-04, l1: 0.987, l2: 0.00597, Time: 20.31
It: 88000, Loss: 1.064e-04, l1: 0.987, l2: 0.00600, Time: 20.39
It: 89000, Loss: 1.955e-04, l1: 0.987, l2: 0.00603, Time: 20.20
It: 90000, Loss: 1.037e-04, l1: 0.987, l2: 0.00600, Time: 20.18
Model saved to models/Re100wcp/Re100wcp_90000.npz
It: 91000, Loss: 1.163e-04, l1: 0.987, l2: 0.00598, Time: 20.24
It: 92000, Loss: 1.023e-04, l1: 0.988, l2: 0.00602, Time: 20.16
It: 93000, Loss: 1.987e-04, l1: 0.987, l2: 0.00597, Time: 20.16
It: 94000, Loss: 1.016e-04, l1: 0.987, l2: 0.00602, Time: 20.26
It: 95000, Loss: 9.946e-05, l1: 0.987, l2: 0.00602, Time: 20.25
It: 96000, Loss: 1.285e-04, l1: 0.987, l2: 0.00609, Time: 20.17
It: 97000, Loss: 1.067e-04, l1: 0.987, l2: 0.00605, Time: 20.23
It: 98000, Loss: 1.444e-04, l1: 0.987, l2: 0.00602, Time: 20.20
It: 99000, Loss: 1.016e-04, l1: 0.987, l2: 0.00605, Time: 20.16
Loss history plot saved to plots/Re100wcp_TLnyq4snap150_[1, 2]//Re100wcp_20000_TL150_loss_hist.png
Lambda history plot saved to plots/Re100wcp_TLnyq4snap150_[1, 2]//Re100wcp_20000_TL150_lambda_hist.png
Model Training Complete for 100000 iterations
Model saved to models/Re100wcp_TLnyq4snap150_[1, 2]//Re100wcp_20000_TL150_100000.npz
Model Re100wcp_20000.npz processed successfully.
Processing model: models/Re100wcp/Re100wcp_30000.npz
Model loaded from models/Re100wcp/Re100wcp_30000.npz
Frozen Layers: [1, 2]
Training Model...
It: 0, Loss: 4.452e-03, l1: 0.989, l2: 0.00627, Time: 10.87
It: 1000, Loss: 8.500e-04, l1: 0.989, l2: 0.00739, Time: 20.27
It: 2000, Loss: 6.446e-04, l1: 0.992, l2: 0.00766, Time: 20.23
It: 3000, Loss: 5.228e-04, l1: 0.993, l2: 0.00774, Time: 20.20
It: 4000, Loss: 6.094e-04, l1: 0.994, l2: 0.00771, Time: 20.19
It: 5000, Loss: 4.347e-04, l1: 0.994, l2: 0.00776, Time: 20.37
It: 6000, Loss: 4.214e-04, l1: 0.995, l2: 0.00778, Time: 20.22
It: 7000, Loss: 3.701e-04, l1: 0.996, l2: 0.00774, Time: 20.32
It: 8000, Loss: 3.472e-04, l1: 0.997, l2: 0.00773, Time: 20.25
It: 9000, Loss: 3.514e-04, l1: 0.997, l2: 0.00767, Time: 20.26
It: 10000, Loss: 3.171e-04, l1: 0.997, l2: 0.00770, Time: 20.34
Model saved to models/Re100wcp/Re100wcp_10000.npz
It: 11000, Loss: 3.292e-04, l1: 0.997, l2: 0.00768, Time: 20.36
It: 12000, Loss: 3.273e-04, l1: 0.997, l2: 0.00763, Time: 20.37
It: 13000, Loss: 2.852e-04, l1: 0.997, l2: 0.00768, Time: 20.42
It: 14000, Loss: 3.151e-04, l1: 0.997, l2: 0.00764, Time: 20.32
It: 15000, Loss: 2.661e-04, l1: 0.996, l2: 0.00769, Time: 20.32
It: 16000, Loss: 3.087e-04, l1: 0.997, l2: 0.00764, Time: 20.24
It: 17000, Loss: 2.495e-04, l1: 0.997, l2: 0.00769, Time: 20.25
It: 18000, Loss: 2.470e-04, l1: 0.997, l2: 0.00769, Time: 20.33
It: 19000, Loss: 2.398e-04, l1: 0.997, l2: 0.00769, Time: 20.41
It: 20000, Loss: 2.407e-04, l1: 0.997, l2: 0.00767, Time: 20.36
Model saved to models/Re100wcp/Re100wcp_20000.npz
It: 21000, Loss: 2.244e-04, l1: 0.997, l2: 0.00772, Time: 20.40
It: 22000, Loss: 4.029e-04, l1: 0.996, l2: 0.00779, Time: 20.35
It: 23000, Loss: 2.661e-04, l1: 0.996, l2: 0.00775, Time: 20.33
It: 24000, Loss: 2.541e-04, l1: 0.996, l2: 0.00777, Time: 20.23
It: 25000, Loss: 2.061e-04, l1: 0.996, l2: 0.00778, Time: 20.26
It: 26000, Loss: 2.006e-04, l1: 0.996, l2: 0.00780, Time: 20.22
It: 27000, Loss: 1.992e-04, l1: 0.996, l2: 0.00780, Time: 20.24
It: 28000, Loss: 2.097e-04, l1: 0.996, l2: 0.00784, Time: 20.18
It: 29000, Loss: 1.911e-04, l1: 0.996, l2: 0.00782, Time: 20.19
It: 30000, Loss: 1.882e-04, l1: 0.996, l2: 0.00784, Time: 20.11
Model saved to models/Re100wcp/Re100wcp_30000.npz
It: 31000, Loss: 1.840e-04, l1: 0.996, l2: 0.00786, Time: 20.11
It: 32000, Loss: 1.792e-04, l1: 0.996, l2: 0.00786, Time: 20.09
It: 33000, Loss: 2.067e-04, l1: 0.996, l2: 0.00788, Time: 20.01
It: 34000, Loss: 2.155e-04, l1: 0.996, l2: 0.00787, Time: 20.02
It: 35000, Loss: 1.717e-04, l1: 0.996, l2: 0.00788, Time: 20.07
It: 36000, Loss: 1.801e-04, l1: 0.996, l2: 0.00790, Time: 20.03
It: 37000, Loss: 1.928e-04, l1: 0.996, l2: 0.00790, Time: 20.06
It: 38000, Loss: 1.738e-04, l1: 0.996, l2: 0.00791, Time: 20.04
It: 39000, Loss: 1.674e-04, l1: 0.996, l2: 0.00789, Time: 20.33
It: 40000, Loss: 1.753e-04, l1: 0.995, l2: 0.00788, Time: 20.07
Model saved to models/Re100wcp/Re100wcp_40000.npz
It: 41000, Loss: 2.361e-04, l1: 0.996, l2: 0.00788, Time: 20.46
It: 42000, Loss: 1.554e-04, l1: 0.996, l2: 0.00791, Time: 20.33
It: 43000, Loss: 1.766e-04, l1: 0.996, l2: 0.00791, Time: 20.27
It: 44000, Loss: 1.719e-04, l1: 0.995, l2: 0.00791, Time: 20.09
It: 45000, Loss: 1.476e-04, l1: 0.996, l2: 0.00792, Time: 20.11
It: 46000, Loss: 1.480e-04, l1: 0.995, l2: 0.00791, Time: 20.24
It: 47000, Loss: 1.459e-04, l1: 0.995, l2: 0.00792, Time: 20.23
It: 48000, Loss: 2.311e-04, l1: 0.995, l2: 0.00792, Time: 20.58
It: 49000, Loss: 2.508e-04, l1: 0.995, l2: 0.00800, Time: 20.39
It: 50000, Loss: 1.389e-04, l1: 0.995, l2: 0.00793, Time: 20.47
Model saved to models/Re100wcp/Re100wcp_50000.npz
It: 51000, Loss: 1.361e-04, l1: 0.995, l2: 0.00793, Time: 20.51
It: 52000, Loss: 2.243e-04, l1: 0.995, l2: 0.00789, Time: 20.49
It: 53000, Loss: 1.412e-04, l1: 0.995, l2: 0.00793, Time: 20.27
It: 54000, Loss: 1.333e-04, l1: 0.995, l2: 0.00792, Time: 20.55
It: 55000, Loss: 2.951e-04, l1: 0.995, l2: 0.00799, Time: 20.37
It: 56000, Loss: 1.377e-04, l1: 0.995, l2: 0.00796, Time: 20.29
It: 57000, Loss: 1.791e-04, l1: 0.994, l2: 0.00793, Time: 20.27
It: 58000, Loss: 1.525e-04, l1: 0.995, l2: 0.00796, Time: 20.25
It: 59000, Loss: 1.295e-04, l1: 0.995, l2: 0.00793, Time: 20.46
It: 60000, Loss: 1.238e-04, l1: 0.995, l2: 0.00794, Time: 20.46
Model saved to models/Re100wcp/Re100wcp_60000.npz
It: 61000, Loss: 1.236e-04, l1: 0.994, l2: 0.00795, Time: 20.60
It: 62000, Loss: 1.211e-04, l1: 0.994, l2: 0.00794, Time: 20.35
It: 63000, Loss: 1.328e-04, l1: 0.994, l2: 0.00793, Time: 20.32
It: 64000, Loss: 1.206e-04, l1: 0.994, l2: 0.00792, Time: 20.42
It: 65000, Loss: 1.160e-04, l1: 0.994, l2: 0.00794, Time: 20.55
It: 66000, Loss: 1.660e-04, l1: 0.994, l2: 0.00793, Time: 20.34
It: 67000, Loss: 1.163e-04, l1: 0.994, l2: 0.00794, Time: 20.35
It: 68000, Loss: 1.126e-04, l1: 0.994, l2: 0.00795, Time: 20.79
It: 69000, Loss: 1.130e-04, l1: 0.993, l2: 0.00795, Time: 20.52
It: 70000, Loss: 1.204e-04, l1: 0.993, l2: 0.00796, Time: 20.34
Model saved to models/Re100wcp/Re100wcp_70000.npz
It: 71000, Loss: 1.149e-04, l1: 0.993, l2: 0.00797, Time: 20.40
It: 72000, Loss: 1.183e-04, l1: 0.993, l2: 0.00797, Time: 20.31
It: 73000, Loss: 1.424e-04, l1: 0.993, l2: 0.00799, Time: 20.31
It: 74000, Loss: 1.866e-04, l1: 0.993, l2: 0.00793, Time: 20.77
It: 75000, Loss: 1.122e-04, l1: 0.992, l2: 0.00794, Time: 20.67
It: 76000, Loss: 1.113e-04, l1: 0.992, l2: 0.00797, Time: 20.46
It: 77000, Loss: 1.227e-04, l1: 0.992, l2: 0.00795, Time: 20.50
It: 78000, Loss: 1.711e-04, l1: 0.992, l2: 0.00793, Time: 20.60
It: 79000, Loss: 1.091e-04, l1: 0.992, l2: 0.00796, Time: 20.44
It: 80000, Loss: 1.009e-04, l1: 0.992, l2: 0.00798, Time: 20.40
Model saved to models/Re100wcp/Re100wcp_80000.npz
It: 81000, Loss: 1.027e-04, l1: 0.992, l2: 0.00797, Time: 20.31
It: 82000, Loss: 9.818e-05, l1: 0.992, l2: 0.00796, Time: 20.39
It: 83000, Loss: 1.015e-04, l1: 0.991, l2: 0.00797, Time: 20.57
It: 84000, Loss: 1.099e-04, l1: 0.991, l2: 0.00796, Time: 20.34
It: 85000, Loss: 1.545e-04, l1: 0.991, l2: 0.00801, Time: 20.35
It: 86000, Loss: 9.514e-05, l1: 0.991, l2: 0.00797, Time: 20.51
It: 87000, Loss: 1.049e-04, l1: 0.990, l2: 0.00798, Time: 20.38
It: 88000, Loss: 9.384e-05, l1: 0.991, l2: 0.00798, Time: 20.47
It: 89000, Loss: 9.265e-05, l1: 0.990, l2: 0.00798, Time: 20.51
It: 90000, Loss: 9.129e-05, l1: 0.990, l2: 0.00798, Time: 20.34
Model saved to models/Re100wcp/Re100wcp_90000.npz
It: 91000, Loss: 9.553e-05, l1: 0.990, l2: 0.00799, Time: 20.45
It: 92000, Loss: 1.059e-04, l1: 0.990, l2: 0.00795, Time: 20.38
It: 93000, Loss: 9.242e-05, l1: 0.990, l2: 0.00800, Time: 20.25
It: 94000, Loss: 9.181e-05, l1: 0.990, l2: 0.00798, Time: 20.50
It: 95000, Loss: 1.745e-04, l1: 0.989, l2: 0.00801, Time: 20.38
It: 96000, Loss: 1.098e-04, l1: 0.989, l2: 0.00796, Time: 20.56
It: 97000, Loss: 9.505e-05, l1: 0.989, l2: 0.00794, Time: 20.34
It: 98000, Loss: 1.514e-04, l1: 0.989, l2: 0.00794, Time: 20.38
It: 99000, Loss: 8.477e-05, l1: 0.989, l2: 0.00800, Time: 20.26
Loss history plot saved to plots/Re100wcp_TLnyq4snap150_[1, 2]//Re100wcp_30000_TL150_loss_hist.png
Lambda history plot saved to plots/Re100wcp_TLnyq4snap150_[1, 2]//Re100wcp_30000_TL150_lambda_hist.png
Model Training Complete for 100000 iterations
Model saved to models/Re100wcp_TLnyq4snap150_[1, 2]//Re100wcp_30000_TL150_100000.npz
Model Re100wcp_30000.npz processed successfully.
Processing model: models/Re100wcp/Re100wcp_40000.npz
Model loaded from models/Re100wcp/Re100wcp_40000.npz
Frozen Layers: [1, 2]
Training Model...
It: 0, Loss: 5.520e-03, l1: 0.994, l2: 0.00688, Time: 10.43
It: 1000, Loss: 6.956e-04, l1: 0.984, l2: 0.00704, Time: 20.43
It: 2000, Loss: 5.605e-04, l1: 0.985, l2: 0.00724, Time: 20.31
It: 3000, Loss: 6.492e-04, l1: 0.987, l2: 0.00731, Time: 20.31
It: 4000, Loss: 4.502e-04, l1: 0.988, l2: 0.00739, Time: 20.33
It: 5000, Loss: 4.163e-04, l1: 0.988, l2: 0.00746, Time: 20.27
It: 6000, Loss: 4.985e-04, l1: 0.989, l2: 0.00760, Time: 20.53
It: 7000, Loss: 3.666e-04, l1: 0.990, l2: 0.00761, Time: 20.60
It: 8000, Loss: 3.764e-04, l1: 0.990, l2: 0.00767, Time: 20.37
It: 9000, Loss: 3.253e-04, l1: 0.991, l2: 0.00776, Time: 20.51
It: 10000, Loss: 3.203e-04, l1: 0.991, l2: 0.00782, Time: 20.23
Model saved to models/Re100wcp/Re100wcp_10000.npz
It: 11000, Loss: 2.936e-04, l1: 0.992, l2: 0.00787, Time: 20.32
It: 12000, Loss: 2.855e-04, l1: 0.992, l2: 0.00792, Time: 20.47
It: 13000, Loss: 2.744e-04, l1: 0.992, l2: 0.00796, Time: 20.37
It: 14000, Loss: 2.655e-04, l1: 0.993, l2: 0.00798, Time: 20.56
It: 15000, Loss: 2.542e-04, l1: 0.993, l2: 0.00800, Time: 20.58
It: 16000, Loss: 2.428e-04, l1: 0.993, l2: 0.00804, Time: 20.39
It: 17000, Loss: 2.302e-04, l1: 0.994, l2: 0.00807, Time: 20.35
It: 18000, Loss: 2.731e-04, l1: 0.994, l2: 0.00805, Time: 20.41
It: 19000, Loss: 2.164e-04, l1: 0.994, l2: 0.00809, Time: 20.56
It: 20000, Loss: 2.139e-04, l1: 0.994, l2: 0.00810, Time: 20.32
Model saved to models/Re100wcp/Re100wcp_20000.npz
It: 21000, Loss: 2.055e-04, l1: 0.994, l2: 0.00809, Time: 20.66
It: 22000, Loss: 2.009e-04, l1: 0.994, l2: 0.00809, Time: 20.72
It: 23000, Loss: 2.576e-04, l1: 0.994, l2: 0.00805, Time: 20.37
It: 24000, Loss: 2.097e-04, l1: 0.995, l2: 0.00812, Time: 20.43
It: 25000, Loss: 2.152e-04, l1: 0.995, l2: 0.00807, Time: 20.45
It: 26000, Loss: 1.841e-04, l1: 0.995, l2: 0.00807, Time: 20.33
It: 27000, Loss: 1.835e-04, l1: 0.995, l2: 0.00809, Time: 20.42
It: 28000, Loss: 2.611e-04, l1: 0.995, l2: 0.00801, Time: 20.69
It: 29000, Loss: 1.857e-04, l1: 0.995, l2: 0.00808, Time: 20.22
It: 30000, Loss: 1.685e-04, l1: 0.996, l2: 0.00806, Time: 20.39
Model saved to models/Re100wcp/Re100wcp_30000.npz
It: 31000, Loss: 2.149e-04, l1: 0.995, l2: 0.00804, Time: 20.26
It: 32000, Loss: 1.805e-04, l1: 0.995, l2: 0.00798, Time: 20.33
It: 33000, Loss: 1.855e-04, l1: 0.995, l2: 0.00805, Time: 20.34
It: 34000, Loss: 1.613e-04, l1: 0.996, l2: 0.00802, Time: 20.22
It: 35000, Loss: 2.076e-04, l1: 0.996, l2: 0.00800, Time: 20.33
It: 36000, Loss: 1.552e-04, l1: 0.996, l2: 0.00801, Time: 20.43
It: 37000, Loss: 1.534e-04, l1: 0.996, l2: 0.00802, Time: 20.43
It: 38000, Loss: 1.491e-04, l1: 0.996, l2: 0.00800, Time: 20.19
It: 39000, Loss: 1.482e-04, l1: 0.996, l2: 0.00799, Time: 20.51
It: 40000, Loss: 1.433e-04, l1: 0.996, l2: 0.00800, Time: 20.36
Model saved to models/Re100wcp/Re100wcp_40000.npz
It: 41000, Loss: 1.435e-04, l1: 0.996, l2: 0.00799, Time: 20.52
It: 42000, Loss: 1.704e-04, l1: 0.996, l2: 0.00801, Time: 20.39
It: 43000, Loss: 1.377e-04, l1: 0.996, l2: 0.00798, Time: 20.27
It: 44000, Loss: 1.450e-04, l1: 0.996, l2: 0.00795, Time: 20.21
It: 45000, Loss: 1.390e-04, l1: 0.996, l2: 0.00796, Time: 20.29
It: 46000, Loss: 2.145e-04, l1: 0.996, l2: 0.00802, Time: 20.35
It: 47000, Loss: 1.310e-04, l1: 0.996, l2: 0.00798, Time: 20.27
It: 48000, Loss: 1.288e-04, l1: 0.996, l2: 0.00797, Time: 20.33
It: 49000, Loss: 1.355e-04, l1: 0.996, l2: 0.00797, Time: 20.43
It: 50000, Loss: 1.286e-04, l1: 0.996, l2: 0.00795, Time: 20.48
Model saved to models/Re100wcp/Re100wcp_50000.npz
It: 51000, Loss: 2.061e-04, l1: 0.996, l2: 0.00800, Time: 20.47
It: 52000, Loss: 1.693e-04, l1: 0.996, l2: 0.00796, Time: 20.27
It: 53000, Loss: 1.894e-04, l1: 0.996, l2: 0.00802, Time: 20.70
It: 54000, Loss: 1.252e-04, l1: 0.996, l2: 0.00795, Time: 20.57
It: 55000, Loss: 1.241e-04, l1: 0.997, l2: 0.00798, Time: 20.51
It: 56000, Loss: 1.350e-04, l1: 0.996, l2: 0.00797, Time: 20.43
It: 57000, Loss: 1.212e-04, l1: 0.996, l2: 0.00799, Time: 20.35
It: 58000, Loss: 1.179e-04, l1: 0.997, l2: 0.00797, Time: 20.40
It: 59000, Loss: 1.699e-04, l1: 0.997, l2: 0.00799, Time: 20.31
It: 60000, Loss: 1.344e-04, l1: 0.997, l2: 0.00798, Time: 20.29
Model saved to models/Re100wcp/Re100wcp_60000.npz
It: 61000, Loss: 1.446e-04, l1: 0.997, l2: 0.00802, Time: 20.30
It: 62000, Loss: 1.251e-04, l1: 0.997, l2: 0.00800, Time: 20.56
It: 63000, Loss: 1.128e-04, l1: 0.997, l2: 0.00801, Time: 20.50
It: 64000, Loss: 1.142e-04, l1: 0.997, l2: 0.00803, Time: 20.67
It: 65000, Loss: 1.499e-04, l1: 0.997, l2: 0.00799, Time: 20.37
It: 66000, Loss: 1.076e-04, l1: 0.997, l2: 0.00804, Time: 20.69
It: 67000, Loss: 1.073e-04, l1: 0.997, l2: 0.00803, Time: 20.52
It: 68000, Loss: 1.076e-04, l1: 0.997, l2: 0.00804, Time: 20.40
It: 69000, Loss: 1.970e-04, l1: 0.998, l2: 0.00798, Time: 20.19
It: 70000, Loss: 1.051e-04, l1: 0.998, l2: 0.00806, Time: 20.26
Model saved to models/Re100wcp/Re100wcp_70000.npz
It: 71000, Loss: 1.035e-04, l1: 0.998, l2: 0.00807, Time: 20.41
It: 72000, Loss: 1.065e-04, l1: 0.998, l2: 0.00808, Time: 20.24
It: 73000, Loss: 1.247e-04, l1: 0.998, l2: 0.00805, Time: 20.28
It: 74000, Loss: 1.004e-04, l1: 0.998, l2: 0.00809, Time: 20.30
It: 75000, Loss: 1.223e-04, l1: 0.998, l2: 0.00813, Time: 20.27
It: 76000, Loss: 2.500e-04, l1: 0.998, l2: 0.00818, Time: 20.09
It: 77000, Loss: 1.004e-04, l1: 0.998, l2: 0.00811, Time: 20.24
It: 78000, Loss: 1.015e-04, l1: 0.998, l2: 0.00813, Time: 20.27
It: 79000, Loss: 1.063e-04, l1: 0.998, l2: 0.00812, Time: 20.32
It: 80000, Loss: 1.962e-04, l1: 0.998, l2: 0.00813, Time: 20.32
Model saved to models/Re100wcp/Re100wcp_80000.npz
It: 81000, Loss: 9.735e-05, l1: 0.998, l2: 0.00813, Time: 20.22
It: 82000, Loss: 1.379e-04, l1: 0.998, l2: 0.00810, Time: 20.38
It: 83000, Loss: 9.453e-05, l1: 0.998, l2: 0.00816, Time: 20.17
It: 84000, Loss: 9.645e-05, l1: 0.998, l2: 0.00817, Time: 20.30
It: 85000, Loss: 9.765e-05, l1: 0.999, l2: 0.00817, Time: 20.40
It: 86000, Loss: 9.255e-05, l1: 0.999, l2: 0.00817, Time: 20.27
It: 87000, Loss: 9.848e-05, l1: 0.999, l2: 0.00817, Time: 20.50
It: 88000, Loss: 1.360e-04, l1: 0.998, l2: 0.00821, Time: 20.29
It: 89000, Loss: 1.487e-04, l1: 0.999, l2: 0.00816, Time: 20.33
It: 90000, Loss: 9.747e-05, l1: 0.999, l2: 0.00818, Time: 20.33
Model saved to models/Re100wcp/Re100wcp_90000.npz
It: 91000, Loss: 8.991e-05, l1: 0.999, l2: 0.00821, Time: 20.33
It: 92000, Loss: 1.135e-04, l1: 0.999, l2: 0.00821, Time: 20.27
It: 93000, Loss: 2.267e-04, l1: 0.999, l2: 0.00814, Time: 20.27
It: 94000, Loss: 1.190e-04, l1: 0.999, l2: 0.00824, Time: 20.28
It: 95000, Loss: 1.039e-04, l1: 0.999, l2: 0.00823, Time: 20.20
It: 96000, Loss: 1.102e-04, l1: 0.999, l2: 0.00823, Time: 20.44
It: 97000, Loss: 9.185e-05, l1: 0.999, l2: 0.00823, Time: 20.85
It: 98000, Loss: 8.535e-05, l1: 0.999, l2: 0.00824, Time: 20.26
It: 99000, Loss: 9.926e-05, l1: 0.999, l2: 0.00825, Time: 20.34
Loss history plot saved to plots/Re100wcp_TLnyq4snap150_[1, 2]//Re100wcp_40000_TL150_loss_hist.png
Lambda history plot saved to plots/Re100wcp_TLnyq4snap150_[1, 2]//Re100wcp_40000_TL150_lambda_hist.png
Model Training Complete for 100000 iterations
Model saved to models/Re100wcp_TLnyq4snap150_[1, 2]//Re100wcp_40000_TL150_100000.npz
Model Re100wcp_40000.npz processed successfully.
Processing model: models/Re100wcp/Re100wcp_50000.npz
Model loaded from models/Re100wcp/Re100wcp_50000.npz
Frozen Layers: [1, 2]
Training Model...
It: 0, Loss: 4.914e-03, l1: 0.995, l2: 0.00695, Time: 10.13
It: 1000, Loss: 6.996e-04, l1: 0.980, l2: 0.00700, Time: 20.37
It: 2000, Loss: 5.531e-04, l1: 0.982, l2: 0.00742, Time: 20.45
It: 3000, Loss: 4.580e-04, l1: 0.983, l2: 0.00765, Time: 20.37
It: 4000, Loss: 3.851e-04, l1: 0.983, l2: 0.00779, Time: 20.27
It: 5000, Loss: 3.564e-04, l1: 0.983, l2: 0.00787, Time: 20.50
It: 6000, Loss: 4.126e-04, l1: 0.983, l2: 0.00794, Time: 20.32
It: 7000, Loss: 3.047e-04, l1: 0.983, l2: 0.00790, Time: 20.50
It: 8000, Loss: 3.323e-04, l1: 0.983, l2: 0.00791, Time: 20.68
It: 9000, Loss: 3.396e-04, l1: 0.982, l2: 0.00785, Time: 20.33
It: 10000, Loss: 2.608e-04, l1: 0.982, l2: 0.00787, Time: 20.27
Model saved to models/Re100wcp/Re100wcp_10000.npz
It: 11000, Loss: 3.150e-04, l1: 0.982, l2: 0.00789, Time: 20.53
It: 12000, Loss: 2.435e-04, l1: 0.982, l2: 0.00782, Time: 20.42
It: 13000, Loss: 2.316e-04, l1: 0.982, l2: 0.00784, Time: 20.37
It: 14000, Loss: 2.598e-04, l1: 0.981, l2: 0.00783, Time: 20.47
It: 15000, Loss: 2.574e-04, l1: 0.981, l2: 0.00784, Time: 20.29
It: 16000, Loss: 2.262e-04, l1: 0.981, l2: 0.00782, Time: 20.58
It: 17000, Loss: 2.122e-04, l1: 0.981, l2: 0.00783, Time: 20.48
It: 18000, Loss: 2.009e-04, l1: 0.981, l2: 0.00786, Time: 20.68
It: 19000, Loss: 1.935e-04, l1: 0.980, l2: 0.00787, Time: 20.43
It: 20000, Loss: 2.004e-04, l1: 0.980, l2: 0.00787, Time: 20.35
Model saved to models/Re100wcp/Re100wcp_20000.npz
It: 21000, Loss: 1.848e-04, l1: 0.980, l2: 0.00789, Time: 20.29
It: 22000, Loss: 2.356e-04, l1: 0.980, l2: 0.00795, Time: 20.42
It: 23000, Loss: 2.456e-04, l1: 0.979, l2: 0.00784, Time: 20.65
It: 24000, Loss: 1.714e-04, l1: 0.979, l2: 0.00793, Time: 20.35
It: 25000, Loss: 1.711e-04, l1: 0.979, l2: 0.00796, Time: 20.62
It: 26000, Loss: 1.654e-04, l1: 0.979, l2: 0.00795, Time: 20.36
It: 27000, Loss: 1.609e-04, l1: 0.978, l2: 0.00797, Time: 20.38
It: 28000, Loss: 1.613e-04, l1: 0.978, l2: 0.00800, Time: 20.23
It: 29000, Loss: 1.922e-04, l1: 0.978, l2: 0.00795, Time: 20.34
It: 30000, Loss: 1.616e-04, l1: 0.978, l2: 0.00804, Time: 20.40
Model saved to models/Re100wcp/Re100wcp_30000.npz
It: 31000, Loss: 1.545e-04, l1: 0.978, l2: 0.00805, Time: 20.30
It: 32000, Loss: 1.459e-04, l1: 0.978, l2: 0.00804, Time: 20.40
It: 33000, Loss: 1.624e-04, l1: 0.977, l2: 0.00802, Time: 20.36
It: 34000, Loss: 1.813e-04, l1: 0.977, l2: 0.00799, Time: 20.34
It: 35000, Loss: 1.401e-04, l1: 0.977, l2: 0.00807, Time: 20.38
It: 36000, Loss: 1.390e-04, l1: 0.977, l2: 0.00808, Time: 20.59
It: 37000, Loss: 1.345e-04, l1: 0.977, l2: 0.00810, Time: 20.45
It: 38000, Loss: 1.342e-04, l1: 0.977, l2: 0.00812, Time: 20.25
It: 39000, Loss: 1.309e-04, l1: 0.977, l2: 0.00813, Time: 20.17
It: 40000, Loss: 1.724e-04, l1: 0.976, l2: 0.00811, Time: 20.24
Model saved to models/Re100wcp/Re100wcp_40000.npz
It: 41000, Loss: 1.278e-04, l1: 0.977, l2: 0.00814, Time: 20.21
It: 42000, Loss: 1.930e-04, l1: 0.976, l2: 0.00818, Time: 20.28
It: 43000, Loss: 1.268e-04, l1: 0.976, l2: 0.00814, Time: 20.25
It: 44000, Loss: 1.219e-04, l1: 0.976, l2: 0.00817, Time: 20.43
It: 45000, Loss: 1.287e-04, l1: 0.976, l2: 0.00821, Time: 20.38
It: 46000, Loss: 1.742e-04, l1: 0.976, l2: 0.00824, Time: 20.27
It: 47000, Loss: 1.173e-04, l1: 0.976, l2: 0.00821, Time: 20.34
It: 48000, Loss: 2.131e-04, l1: 0.976, l2: 0.00825, Time: 20.31
It: 49000, Loss: 1.859e-04, l1: 0.976, l2: 0.00816, Time: 20.47
It: 50000, Loss: 1.265e-04, l1: 0.976, l2: 0.00821, Time: 20.57
Model saved to models/Re100wcp/Re100wcp_50000.npz
It: 51000, Loss: 1.153e-04, l1: 0.976, l2: 0.00825, Time: 20.62
It: 52000, Loss: 3.574e-04, l1: 0.976, l2: 0.00823, Time: 20.34
It: 53000, Loss: 1.432e-04, l1: 0.976, l2: 0.00822, Time: 20.32
It: 54000, Loss: 1.168e-04, l1: 0.976, l2: 0.00826, Time: 20.34
It: 55000, Loss: 2.034e-04, l1: 0.976, l2: 0.00832, Time: 20.39
It: 56000, Loss: 2.715e-04, l1: 0.976, l2: 0.00834, Time: 20.47
It: 57000, Loss: 2.417e-04, l1: 0.976, l2: 0.00837, Time: 20.23
It: 58000, Loss: 1.230e-04, l1: 0.976, l2: 0.00834, Time: 20.47
It: 59000, Loss: 1.848e-04, l1: 0.976, l2: 0.00837, Time: 20.34
It: 60000, Loss: 1.021e-04, l1: 0.977, l2: 0.00832, Time: 20.52
Model saved to models/Re100wcp/Re100wcp_60000.npz
It: 61000, Loss: 1.285e-04, l1: 0.977, l2: 0.00828, Time: 20.32
It: 62000, Loss: 1.099e-04, l1: 0.977, l2: 0.00835, Time: 20.46
It: 63000, Loss: 9.954e-05, l1: 0.977, l2: 0.00834, Time: 20.44
It: 64000, Loss: 1.001e-04, l1: 0.977, l2: 0.00834, Time: 20.36
It: 65000, Loss: 1.661e-04, l1: 0.977, l2: 0.00829, Time: 20.33
It: 66000, Loss: 1.638e-04, l1: 0.977, l2: 0.00827, Time: 20.55
It: 67000, Loss: 9.865e-05, l1: 0.977, l2: 0.00836, Time: 20.32
It: 68000, Loss: 9.884e-05, l1: 0.977, l2: 0.00839, Time: 20.42
It: 69000, Loss: 1.397e-04, l1: 0.977, l2: 0.00834, Time: 20.18
It: 70000, Loss: 1.294e-04, l1: 0.976, l2: 0.00833, Time: 20.41
Model saved to models/Re100wcp/Re100wcp_70000.npz
It: 71000, Loss: 1.133e-04, l1: 0.977, l2: 0.00837, Time: 20.40
It: 72000, Loss: 1.197e-04, l1: 0.977, l2: 0.00835, Time: 20.40
It: 73000, Loss: 1.814e-04, l1: 0.977, l2: 0.00844, Time: 20.25
It: 74000, Loss: 9.169e-05, l1: 0.977, l2: 0.00839, Time: 20.20
It: 75000, Loss: 1.240e-04, l1: 0.977, l2: 0.00836, Time: 20.34
It: 76000, Loss: 9.173e-05, l1: 0.977, l2: 0.00841, Time: 20.43
It: 77000, Loss: 1.967e-04, l1: 0.977, l2: 0.00834, Time: 20.24
It: 78000, Loss: 1.021e-04, l1: 0.977, l2: 0.00840, Time: 20.31
It: 79000, Loss: 8.959e-05, l1: 0.977, l2: 0.00841, Time: 20.39
It: 80000, Loss: 9.222e-05, l1: 0.977, l2: 0.00843, Time: 20.54
Model saved to models/Re100wcp/Re100wcp_80000.npz
It: 81000, Loss: 1.111e-04, l1: 0.977, l2: 0.00837, Time: 20.53
It: 82000, Loss: 8.679e-05, l1: 0.977, l2: 0.00841, Time: 20.44
It: 83000, Loss: 2.549e-04, l1: 0.977, l2: 0.00850, Time: 20.41
It: 84000, Loss: 9.349e-05, l1: 0.977, l2: 0.00844, Time: 20.83
It: 85000, Loss: 8.811e-05, l1: 0.977, l2: 0.00843, Time: 20.26
It: 86000, Loss: 1.798e-04, l1: 0.977, l2: 0.00836, Time: 20.47
It: 87000, Loss: 1.262e-04, l1: 0.977, l2: 0.00838, Time: 20.34
It: 88000, Loss: 8.282e-05, l1: 0.977, l2: 0.00844, Time: 20.53
It: 89000, Loss: 8.639e-05, l1: 0.977, l2: 0.00846, Time: 20.49
It: 90000, Loss: 1.088e-04, l1: 0.977, l2: 0.00841, Time: 20.28
Model saved to models/Re100wcp/Re100wcp_90000.npz
It: 91000, Loss: 8.359e-05, l1: 0.977, l2: 0.00844, Time: 20.19
It: 92000, Loss: 8.875e-05, l1: 0.977, l2: 0.00845, Time: 20.20
It: 93000, Loss: 1.962e-04, l1: 0.977, l2: 0.00842, Time: 20.51
It: 94000, Loss: 8.006e-05, l1: 0.977, l2: 0.00845, Time: 20.36
It: 95000, Loss: 9.139e-05, l1: 0.977, l2: 0.00846, Time: 20.41
It: 96000, Loss: 8.176e-05, l1: 0.977, l2: 0.00843, Time: 20.31
It: 97000, Loss: 7.928e-05, l1: 0.977, l2: 0.00843, Time: 20.51
It: 98000, Loss: 1.064e-04, l1: 0.977, l2: 0.00848, Time: 20.49
It: 99000, Loss: 1.502e-04, l1: 0.977, l2: 0.00840, Time: 20.40
Loss history plot saved to plots/Re100wcp_TLnyq4snap150_[1, 2]//Re100wcp_50000_TL150_loss_hist.png
Lambda history plot saved to plots/Re100wcp_TLnyq4snap150_[1, 2]//Re100wcp_50000_TL150_lambda_hist.png
Model Training Complete for 100000 iterations
Model saved to models/Re100wcp_TLnyq4snap150_[1, 2]//Re100wcp_50000_TL150_100000.npz
Model Re100wcp_50000.npz processed successfully.
Processing model: models/Re100wcp/Re100wcp_60000.npz
Model loaded from models/Re100wcp/Re100wcp_60000.npz
Frozen Layers: [1, 2]
Training Model...
It: 0, Loss: 5.247e-03, l1: 0.976, l2: 0.00732, Time: 10.32
It: 1000, Loss: 6.053e-04, l1: 0.975, l2: 0.00746, Time: 20.34
It: 2000, Loss: 4.576e-04, l1: 0.979, l2: 0.00768, Time: 20.17
It: 3000, Loss: 3.930e-04, l1: 0.982, l2: 0.00780, Time: 20.57
It: 4000, Loss: 3.561e-04, l1: 0.983, l2: 0.00784, Time: 20.53
It: 5000, Loss: 3.294e-04, l1: 0.984, l2: 0.00784, Time: 20.35
It: 6000, Loss: 3.072e-04, l1: 0.985, l2: 0.00781, Time: 20.27
It: 7000, Loss: 2.896e-04, l1: 0.985, l2: 0.00778, Time: 20.22
It: 8000, Loss: 4.013e-04, l1: 0.985, l2: 0.00777, Time: 20.29
It: 9000, Loss: 2.761e-04, l1: 0.985, l2: 0.00771, Time: 20.35
It: 10000, Loss: 2.686e-04, l1: 0.986, l2: 0.00761, Time: 20.80
Model saved to models/Re100wcp/Re100wcp_10000.npz
It: 11000, Loss: 2.737e-04, l1: 0.986, l2: 0.00760, Time: 20.64
It: 12000, Loss: 2.341e-04, l1: 0.986, l2: 0.00757, Time: 20.46
It: 13000, Loss: 2.253e-04, l1: 0.986, l2: 0.00755, Time: 20.47
It: 14000, Loss: 2.189e-04, l1: 0.986, l2: 0.00754, Time: 20.25
It: 15000, Loss: 2.201e-04, l1: 0.986, l2: 0.00750, Time: 20.49
It: 16000, Loss: 2.269e-04, l1: 0.987, l2: 0.00746, Time: 20.47
It: 17000, Loss: 1.992e-04, l1: 0.987, l2: 0.00751, Time: 20.36
It: 18000, Loss: 2.418e-04, l1: 0.987, l2: 0.00749, Time: 20.33
It: 19000, Loss: 1.913e-04, l1: 0.987, l2: 0.00752, Time: 20.31
It: 20000, Loss: 1.839e-04, l1: 0.987, l2: 0.00752, Time: 20.27
Model saved to models/Re100wcp/Re100wcp_20000.npz
It: 21000, Loss: 2.670e-04, l1: 0.987, l2: 0.00757, Time: 20.24
It: 22000, Loss: 1.801e-04, l1: 0.988, l2: 0.00754, Time: 20.55
It: 23000, Loss: 1.727e-04, l1: 0.988, l2: 0.00754, Time: 20.44
It: 24000, Loss: 2.060e-04, l1: 0.988, l2: 0.00751, Time: 20.30
It: 25000, Loss: 2.753e-04, l1: 0.988, l2: 0.00751, Time: 20.47
It: 26000, Loss: 1.652e-04, l1: 0.988, l2: 0.00751, Time: 20.50
It: 27000, Loss: 2.669e-04, l1: 0.988, l2: 0.00761, Time: 20.35
It: 28000, Loss: 3.836e-04, l1: 0.988, l2: 0.00760, Time: 20.51
It: 29000, Loss: 1.519e-04, l1: 0.988, l2: 0.00757, Time: 20.44
It: 30000, Loss: 1.689e-04, l1: 0.988, l2: 0.00759, Time: 20.33
Model saved to models/Re100wcp/Re100wcp_30000.npz
It: 31000, Loss: 1.463e-04, l1: 0.988, l2: 0.00757, Time: 20.56
It: 32000, Loss: 1.601e-04, l1: 0.988, l2: 0.00762, Time: 20.35
It: 33000, Loss: 1.477e-04, l1: 0.988, l2: 0.00759, Time: 20.32
It: 34000, Loss: 1.529e-04, l1: 0.988, l2: 0.00751, Time: 20.37
It: 35000, Loss: 1.476e-04, l1: 0.988, l2: 0.00762, Time: 20.48
It: 36000, Loss: 1.565e-04, l1: 0.988, l2: 0.00752, Time: 20.72
It: 37000, Loss: 1.615e-04, l1: 0.988, l2: 0.00756, Time: 20.39
It: 38000, Loss: 1.358e-04, l1: 0.988, l2: 0.00757, Time: 20.50
It: 39000, Loss: 1.420e-04, l1: 0.988, l2: 0.00757, Time: 20.35
It: 40000, Loss: 1.429e-04, l1: 0.988, l2: 0.00765, Time: 20.23
Model saved to models/Re100wcp/Re100wcp_40000.npz
It: 41000, Loss: 1.274e-04, l1: 0.988, l2: 0.00757, Time: 20.49
It: 42000, Loss: 1.300e-04, l1: 0.988, l2: 0.00753, Time: 20.40
It: 43000, Loss: 1.821e-04, l1: 0.988, l2: 0.00758, Time: 20.49
It: 44000, Loss: 1.233e-04, l1: 0.988, l2: 0.00758, Time: 20.40
It: 45000, Loss: 2.331e-04, l1: 0.987, l2: 0.00759, Time: 20.34
It: 46000, Loss: 1.175e-04, l1: 0.988, l2: 0.00755, Time: 20.49
It: 47000, Loss: 1.144e-04, l1: 0.988, l2: 0.00755, Time: 20.82
It: 48000, Loss: 1.260e-04, l1: 0.988, l2: 0.00750, Time: 20.38
It: 49000, Loss: 1.115e-04, l1: 0.988, l2: 0.00755, Time: 20.49
It: 50000, Loss: 1.122e-04, l1: 0.988, l2: 0.00754, Time: 20.47
Model saved to models/Re100wcp/Re100wcp_50000.npz
It: 51000, Loss: 1.156e-04, l1: 0.987, l2: 0.00756, Time: 20.29
It: 52000, Loss: 1.100e-04, l1: 0.988, l2: 0.00753, Time: 20.31
It: 53000, Loss: 1.110e-04, l1: 0.987, l2: 0.00754, Time: 20.31
It: 54000, Loss: 1.207e-04, l1: 0.987, l2: 0.00753, Time: 20.30
It: 55000, Loss: 1.096e-04, l1: 0.987, l2: 0.00752, Time: 20.47
It: 56000, Loss: 1.644e-04, l1: 0.987, l2: 0.00751, Time: 20.38
It: 57000, Loss: 1.052e-04, l1: 0.988, l2: 0.00755, Time: 20.33
It: 58000, Loss: 9.981e-05, l1: 0.988, l2: 0.00752, Time: 20.51
It: 59000, Loss: 1.283e-04, l1: 0.988, l2: 0.00749, Time: 20.39
It: 60000, Loss: 1.144e-04, l1: 0.988, l2: 0.00750, Time: 20.45
Model saved to models/Re100wcp/Re100wcp_60000.npz
It: 61000, Loss: 1.155e-04, l1: 0.988, l2: 0.00745, Time: 20.42
It: 62000, Loss: 1.465e-04, l1: 0.987, l2: 0.00746, Time: 20.40
It: 63000, Loss: 1.099e-04, l1: 0.987, l2: 0.00750, Time: 20.25
It: 64000, Loss: 1.086e-04, l1: 0.987, l2: 0.00748, Time: 20.29
It: 65000, Loss: 9.419e-05, l1: 0.988, l2: 0.00748, Time: 20.29
It: 66000, Loss: 9.806e-05, l1: 0.987, l2: 0.00753, Time: 20.32
It: 67000, Loss: 1.372e-04, l1: 0.988, l2: 0.00744, Time: 20.30
It: 68000, Loss: 9.058e-05, l1: 0.988, l2: 0.00748, Time: 20.32
It: 69000, Loss: 9.375e-05, l1: 0.988, l2: 0.00747, Time: 20.39
It: 70000, Loss: 9.496e-05, l1: 0.988, l2: 0.00754, Time: 20.40
Model saved to models/Re100wcp/Re100wcp_70000.npz
It: 71000, Loss: 8.743e-05, l1: 0.988, l2: 0.00748, Time: 20.37
It: 72000, Loss: 1.234e-04, l1: 0.988, l2: 0.00741, Time: 20.31
It: 73000, Loss: 8.606e-05, l1: 0.988, l2: 0.00748, Time: 20.33
It: 74000, Loss: 8.624e-05, l1: 0.988, l2: 0.00746, Time: 20.67
It: 75000, Loss: 8.667e-05, l1: 0.988, l2: 0.00749, Time: 20.39
It: 76000, Loss: 9.473e-05, l1: 0.988, l2: 0.00748, Time: 20.20
It: 77000, Loss: 9.668e-05, l1: 0.988, l2: 0.00746, Time: 20.14
It: 78000, Loss: 1.276e-04, l1: 0.988, l2: 0.00751, Time: 20.31
It: 79000, Loss: 8.164e-05, l1: 0.988, l2: 0.00747, Time: 20.36
It: 80000, Loss: 8.114e-05, l1: 0.988, l2: 0.00747, Time: 20.20
Model saved to models/Re100wcp/Re100wcp_80000.npz
It: 81000, Loss: 8.364e-05, l1: 0.988, l2: 0.00747, Time: 20.57
It: 82000, Loss: 9.102e-05, l1: 0.988, l2: 0.00746, Time: 20.34
It: 83000, Loss: 1.074e-04, l1: 0.988, l2: 0.00742, Time: 20.39
It: 84000, Loss: 9.884e-05, l1: 0.988, l2: 0.00750, Time: 20.47
It: 85000, Loss: 7.786e-05, l1: 0.988, l2: 0.00747, Time: 20.54
It: 86000, Loss: 7.946e-05, l1: 0.988, l2: 0.00746, Time: 20.23
It: 87000, Loss: 7.692e-05, l1: 0.988, l2: 0.00748, Time: 20.24
It: 88000, Loss: 8.063e-05, l1: 0.988, l2: 0.00749, Time: 20.41
It: 89000, Loss: 8.802e-05, l1: 0.988, l2: 0.00747, Time: 20.63
It: 90000, Loss: 7.518e-05, l1: 0.988, l2: 0.00746, Time: 20.14
Model saved to models/Re100wcp/Re100wcp_90000.npz
It: 91000, Loss: 7.442e-05, l1: 0.988, l2: 0.00748, Time: 20.20
It: 92000, Loss: 7.420e-05, l1: 0.988, l2: 0.00748, Time: 20.26
It: 93000, Loss: 1.150e-04, l1: 0.988, l2: 0.00751, Time: 20.26
It: 94000, Loss: 1.253e-04, l1: 0.988, l2: 0.00743, Time: 20.45
It: 95000, Loss: 1.103e-04, l1: 0.988, l2: 0.00752, Time: 20.42
It: 96000, Loss: 1.019e-04, l1: 0.988, l2: 0.00749, Time: 20.23
It: 97000, Loss: 7.216e-05, l1: 0.988, l2: 0.00748, Time: 20.37
It: 98000, Loss: 1.786e-04, l1: 0.988, l2: 0.00744, Time: 20.43
It: 99000, Loss: 7.955e-05, l1: 0.988, l2: 0.00746, Time: 20.53
Loss history plot saved to plots/Re100wcp_TLnyq4snap150_[1, 2]//Re100wcp_60000_TL150_loss_hist.png
Lambda history plot saved to plots/Re100wcp_TLnyq4snap150_[1, 2]//Re100wcp_60000_TL150_lambda_hist.png
Model Training Complete for 100000 iterations
Model saved to models/Re100wcp_TLnyq4snap150_[1, 2]//Re100wcp_60000_TL150_100000.npz
Model Re100wcp_60000.npz processed successfully.
Processing model: models/Re100wcp/Re100wcp_70000.npz
Model loaded from models/Re100wcp/Re100wcp_70000.npz
Frozen Layers: [1, 2]
Training Model...
It: 0, Loss: 5.980e-03, l1: 0.987, l2: 0.00654, Time: 10.42
It: 1000, Loss: 6.200e-04, l1: 0.972, l2: 0.00848, Time: 20.78
It: 2000, Loss: 4.758e-04, l1: 0.974, l2: 0.00854, Time: 20.62
It: 3000, Loss: 3.988e-04, l1: 0.975, l2: 0.00864, Time: 20.58
It: 4000, Loss: 3.726e-04, l1: 0.976, l2: 0.00876, Time: 20.53
It: 5000, Loss: 3.278e-04, l1: 0.976, l2: 0.00881, Time: 20.74
It: 6000, Loss: 3.132e-04, l1: 0.976, l2: 0.00888, Time: 20.44
It: 7000, Loss: 2.816e-04, l1: 0.976, l2: 0.00900, Time: 20.50
It: 8000, Loss: 2.540e-04, l1: 0.977, l2: 0.00904, Time: 20.26
It: 9000, Loss: 4.000e-04, l1: 0.976, l2: 0.00903, Time: 20.26
It: 10000, Loss: 2.343e-04, l1: 0.976, l2: 0.00915, Time: 20.21
Model saved to models/Re100wcp/Re100wcp_10000.npz
It: 11000, Loss: 2.326e-04, l1: 0.976, l2: 0.00918, Time: 20.20
It: 12000, Loss: 2.260e-04, l1: 0.976, l2: 0.00925, Time: 20.22
It: 13000, Loss: 2.047e-04, l1: 0.976, l2: 0.00926, Time: 20.25
It: 14000, Loss: 2.051e-04, l1: 0.975, l2: 0.00925, Time: 20.24
It: 15000, Loss: 3.283e-04, l1: 0.975, l2: 0.00930, Time: 20.27
It: 16000, Loss: 2.072e-04, l1: 0.975, l2: 0.00935, Time: 20.16
It: 17000, Loss: 1.971e-04, l1: 0.975, l2: 0.00935, Time: 20.25
It: 18000, Loss: 2.346e-04, l1: 0.975, l2: 0.00936, Time: 20.27
It: 19000, Loss: 2.661e-04, l1: 0.975, l2: 0.00935, Time: 20.26
It: 20000, Loss: 1.938e-04, l1: 0.975, l2: 0.00936, Time: 20.27
Model saved to models/Re100wcp/Re100wcp_20000.npz
It: 21000, Loss: 1.724e-04, l1: 0.975, l2: 0.00937, Time: 20.21
It: 22000, Loss: 2.204e-04, l1: 0.974, l2: 0.00938, Time: 20.15
It: 23000, Loss: 1.659e-04, l1: 0.974, l2: 0.00930, Time: 20.19
It: 24000, Loss: 1.820e-04, l1: 0.974, l2: 0.00940, Time: 20.18
It: 25000, Loss: 1.669e-04, l1: 0.974, l2: 0.00928, Time: 20.17
It: 26000, Loss: 1.504e-04, l1: 0.974, l2: 0.00935, Time: 20.17
It: 27000, Loss: 1.542e-04, l1: 0.974, l2: 0.00937, Time: 20.17
It: 28000, Loss: 1.680e-04, l1: 0.974, l2: 0.00932, Time: 20.17
It: 29000, Loss: 1.479e-04, l1: 0.974, l2: 0.00938, Time: 20.24
It: 30000, Loss: 2.539e-04, l1: 0.974, l2: 0.00924, Time: 20.24
Model saved to models/Re100wcp/Re100wcp_30000.npz
It: 31000, Loss: 1.433e-04, l1: 0.974, l2: 0.00932, Time: 20.18
It: 32000, Loss: 1.293e-04, l1: 0.974, l2: 0.00935, Time: 20.15
It: 33000, Loss: 1.567e-04, l1: 0.974, l2: 0.00926, Time: 20.20
It: 34000, Loss: 1.601e-04, l1: 0.974, l2: 0.00933, Time: 20.18
It: 35000, Loss: 1.275e-04, l1: 0.974, l2: 0.00933, Time: 20.18
It: 36000, Loss: 1.342e-04, l1: 0.974, l2: 0.00928, Time: 20.17
It: 37000, Loss: 1.234e-04, l1: 0.974, l2: 0.00929, Time: 20.14
It: 38000, Loss: 1.252e-04, l1: 0.974, l2: 0.00927, Time: 20.19
It: 39000, Loss: 1.332e-04, l1: 0.974, l2: 0.00922, Time: 20.18
It: 40000, Loss: 1.166e-04, l1: 0.974, l2: 0.00926, Time: 20.17
Model saved to models/Re100wcp/Re100wcp_40000.npz
It: 41000, Loss: 1.162e-04, l1: 0.974, l2: 0.00927, Time: 20.20
It: 42000, Loss: 1.370e-04, l1: 0.974, l2: 0.00928, Time: 20.25
It: 43000, Loss: 1.145e-04, l1: 0.974, l2: 0.00932, Time: 20.17
It: 44000, Loss: 1.270e-04, l1: 0.975, l2: 0.00926, Time: 20.20
It: 45000, Loss: 1.165e-04, l1: 0.975, l2: 0.00919, Time: 20.19
It: 46000, Loss: 1.269e-04, l1: 0.975, l2: 0.00932, Time: 20.18
It: 47000, Loss: 1.080e-04, l1: 0.975, l2: 0.00929, Time: 20.19
It: 48000, Loss: 1.493e-04, l1: 0.975, l2: 0.00940, Time: 20.19
It: 49000, Loss: 1.051e-04, l1: 0.975, l2: 0.00932, Time: 20.17
It: 50000, Loss: 1.179e-04, l1: 0.975, l2: 0.00925, Time: 20.17
Model saved to models/Re100wcp/Re100wcp_50000.npz
It: 51000, Loss: 1.054e-04, l1: 0.975, l2: 0.00928, Time: 20.24
It: 52000, Loss: 1.163e-04, l1: 0.975, l2: 0.00924, Time: 20.24
It: 53000, Loss: 3.117e-04, l1: 0.975, l2: 0.00928, Time: 20.22
It: 54000, Loss: 1.151e-04, l1: 0.975, l2: 0.00924, Time: 20.18
It: 55000, Loss: 1.866e-04, l1: 0.975, l2: 0.00919, Time: 20.16
It: 56000, Loss: 9.606e-05, l1: 0.975, l2: 0.00931, Time: 20.17
It: 57000, Loss: 1.083e-04, l1: 0.975, l2: 0.00930, Time: 20.16
It: 58000, Loss: 1.135e-04, l1: 0.976, l2: 0.00931, Time: 20.15
It: 59000, Loss: 1.326e-04, l1: 0.975, l2: 0.00931, Time: 20.17
It: 60000, Loss: 1.008e-04, l1: 0.976, l2: 0.00929, Time: 20.16
Model saved to models/Re100wcp/Re100wcp_60000.npz
It: 61000, Loss: 1.509e-04, l1: 0.976, l2: 0.00929, Time: 20.17
It: 62000, Loss: 1.457e-04, l1: 0.976, l2: 0.00926, Time: 20.15
It: 63000, Loss: 1.039e-04, l1: 0.976, l2: 0.00922, Time: 20.16
It: 64000, Loss: 1.208e-04, l1: 0.976, l2: 0.00929, Time: 20.15
It: 65000, Loss: 9.374e-05, l1: 0.976, l2: 0.00930, Time: 20.23
It: 66000, Loss: 1.059e-04, l1: 0.976, l2: 0.00931, Time: 20.16
It: 67000, Loss: 9.223e-05, l1: 0.976, l2: 0.00932, Time: 20.17
It: 68000, Loss: 1.293e-04, l1: 0.976, l2: 0.00925, Time: 20.17
It: 69000, Loss: 8.350e-05, l1: 0.976, l2: 0.00932, Time: 20.24
It: 70000, Loss: 1.015e-04, l1: 0.976, l2: 0.00931, Time: 20.28
Model saved to models/Re100wcp/Re100wcp_70000.npz
It: 71000, Loss: 9.200e-05, l1: 0.977, l2: 0.00934, Time: 20.28
It: 72000, Loss: 8.907e-05, l1: 0.977, l2: 0.00931, Time: 20.28
It: 73000, Loss: 1.915e-04, l1: 0.977, l2: 0.00935, Time: 20.33
It: 74000, Loss: 1.021e-04, l1: 0.977, l2: 0.00930, Time: 20.25
It: 75000, Loss: 1.056e-04, l1: 0.977, l2: 0.00933, Time: 20.23
It: 76000, Loss: 8.005e-05, l1: 0.977, l2: 0.00935, Time: 20.25
It: 77000, Loss: 1.039e-04, l1: 0.977, l2: 0.00931, Time: 20.23
It: 78000, Loss: 8.258e-05, l1: 0.977, l2: 0.00930, Time: 20.25
It: 79000, Loss: 8.798e-05, l1: 0.977, l2: 0.00934, Time: 20.27
It: 80000, Loss: 9.967e-05, l1: 0.977, l2: 0.00933, Time: 20.24
Model saved to models/Re100wcp/Re100wcp_80000.npz
It: 81000, Loss: 8.244e-05, l1: 0.977, l2: 0.00934, Time: 20.26
It: 82000, Loss: 8.042e-05, l1: 0.977, l2: 0.00933, Time: 20.26
It: 83000, Loss: 7.662e-05, l1: 0.978, l2: 0.00932, Time: 20.27
It: 84000, Loss: 8.438e-05, l1: 0.978, l2: 0.00932, Time: 20.24
It: 85000, Loss: 7.888e-05, l1: 0.978, l2: 0.00931, Time: 20.20
It: 86000, Loss: 1.498e-04, l1: 0.978, l2: 0.00917, Time: 20.23
It: 87000, Loss: 7.774e-05, l1: 0.978, l2: 0.00934, Time: 20.27
It: 88000, Loss: 9.505e-05, l1: 0.978, l2: 0.00931, Time: 20.18
It: 89000, Loss: 9.373e-05, l1: 0.978, l2: 0.00934, Time: 20.15
It: 90000, Loss: 7.228e-05, l1: 0.978, l2: 0.00933, Time: 20.16
Model saved to models/Re100wcp/Re100wcp_90000.npz
It: 91000, Loss: 8.222e-05, l1: 0.978, l2: 0.00931, Time: 20.19
It: 92000, Loss: 7.131e-05, l1: 0.978, l2: 0.00931, Time: 20.15
It: 93000, Loss: 7.264e-05, l1: 0.978, l2: 0.00929, Time: 20.15
It: 94000, Loss: 8.777e-05, l1: 0.978, l2: 0.00925, Time: 20.18
It: 95000, Loss: 1.105e-04, l1: 0.978, l2: 0.00933, Time: 20.15
It: 96000, Loss: 9.498e-05, l1: 0.978, l2: 0.00933, Time: 20.27
It: 97000, Loss: 9.510e-05, l1: 0.979, l2: 0.00930, Time: 20.27
It: 98000, Loss: 9.631e-05, l1: 0.978, l2: 0.00933, Time: 20.25
It: 99000, Loss: 9.130e-05, l1: 0.979, l2: 0.00932, Time: 20.27
Loss history plot saved to plots/Re100wcp_TLnyq4snap150_[1, 2]//Re100wcp_70000_TL150_loss_hist.png
Lambda history plot saved to plots/Re100wcp_TLnyq4snap150_[1, 2]//Re100wcp_70000_TL150_lambda_hist.png
Model Training Complete for 100000 iterations
Model saved to models/Re100wcp_TLnyq4snap150_[1, 2]//Re100wcp_70000_TL150_100000.npz
Model Re100wcp_70000.npz processed successfully.
Processing model: models/Re100wcp/Re100wcp_80000.npz
Model loaded from models/Re100wcp/Re100wcp_80000.npz
Frozen Layers: [1, 2]
Training Model...
It: 0, Loss: 5.500e-03, l1: 0.976, l2: 0.00833, Time: 10.26
It: 1000, Loss: 6.535e-04, l1: 0.980, l2: 0.00750, Time: 20.18
It: 2000, Loss: 4.891e-04, l1: 0.981, l2: 0.00778, Time: 20.14
It: 3000, Loss: 4.090e-04, l1: 0.982, l2: 0.00796, Time: 20.16
It: 4000, Loss: 3.611e-04, l1: 0.983, l2: 0.00816, Time: 20.19
It: 5000, Loss: 3.527e-04, l1: 0.983, l2: 0.00839, Time: 20.13
It: 6000, Loss: 3.426e-04, l1: 0.983, l2: 0.00853, Time: 20.14
It: 7000, Loss: 3.018e-04, l1: 0.983, l2: 0.00867, Time: 20.14
It: 8000, Loss: 2.685e-04, l1: 0.983, l2: 0.00883, Time: 20.17
It: 9000, Loss: 2.498e-04, l1: 0.982, l2: 0.00890, Time: 20.18
It: 10000, Loss: 2.375e-04, l1: 0.982, l2: 0.00900, Time: 20.17
Model saved to models/Re100wcp/Re100wcp_10000.npz
It: 11000, Loss: 2.272e-04, l1: 0.982, l2: 0.00907, Time: 20.16
It: 12000, Loss: 2.236e-04, l1: 0.981, l2: 0.00917, Time: 20.14
It: 13000, Loss: 2.131e-04, l1: 0.981, l2: 0.00925, Time: 20.15
It: 14000, Loss: 2.134e-04, l1: 0.981, l2: 0.00928, Time: 20.17
It: 15000, Loss: 1.966e-04, l1: 0.981, l2: 0.00936, Time: 20.14
It: 16000, Loss: 2.582e-04, l1: 0.980, l2: 0.00932, Time: 20.18
It: 17000, Loss: 2.403e-04, l1: 0.980, l2: 0.00948, Time: 20.16
It: 18000, Loss: 2.104e-04, l1: 0.979, l2: 0.00946, Time: 20.15
It: 19000, Loss: 1.758e-04, l1: 0.979, l2: 0.00956, Time: 20.14
It: 20000, Loss: 2.159e-04, l1: 0.979, l2: 0.00955, Time: 20.18
Model saved to models/Re100wcp/Re100wcp_20000.npz
It: 21000, Loss: 2.070e-04, l1: 0.979, l2: 0.00965, Time: 20.26
It: 22000, Loss: 3.186e-04, l1: 0.978, l2: 0.00961, Time: 20.26
It: 23000, Loss: 1.682e-04, l1: 0.978, l2: 0.00970, Time: 20.18
It: 24000, Loss: 2.570e-04, l1: 0.978, l2: 0.00973, Time: 20.23
It: 25000, Loss: 1.534e-04, l1: 0.978, l2: 0.00974, Time: 20.11
It: 26000, Loss: 1.611e-04, l1: 0.978, l2: 0.00974, Time: 20.15
It: 27000, Loss: 1.780e-04, l1: 0.978, l2: 0.00976, Time: 20.12
It: 28000, Loss: 1.455e-04, l1: 0.978, l2: 0.00980, Time: 20.14
It: 29000, Loss: 2.110e-04, l1: 0.978, l2: 0.00974, Time: 20.14
It: 30000, Loss: 1.421e-04, l1: 0.977, l2: 0.00984, Time: 20.15
Model saved to models/Re100wcp/Re100wcp_30000.npz
It: 31000, Loss: 1.618e-04, l1: 0.977, l2: 0.00991, Time: 20.21
It: 32000, Loss: 2.396e-04, l1: 0.977, l2: 0.00992, Time: 20.16
It: 33000, Loss: 3.032e-04, l1: 0.977, l2: 0.00979, Time: 20.15
It: 34000, Loss: 1.322e-04, l1: 0.977, l2: 0.00991, Time: 20.16
It: 35000, Loss: 1.438e-04, l1: 0.977, l2: 0.00991, Time: 20.27
It: 36000, Loss: 1.930e-04, l1: 0.977, l2: 0.00991, Time: 20.13
It: 37000, Loss: 1.269e-04, l1: 0.977, l2: 0.00997, Time: 20.15
It: 38000, Loss: 3.593e-04, l1: 0.977, l2: 0.00987, Time: 20.14
It: 39000, Loss: 2.254e-04, l1: 0.977, l2: 0.00993, Time: 20.15
It: 40000, Loss: 2.001e-04, l1: 0.976, l2: 0.01004, Time: 20.17
Model saved to models/Re100wcp/Re100wcp_40000.npz
It: 41000, Loss: 1.335e-04, l1: 0.976, l2: 0.01004, Time: 20.17
It: 42000, Loss: 1.405e-04, l1: 0.976, l2: 0.01002, Time: 20.21
It: 43000, Loss: 2.139e-04, l1: 0.976, l2: 0.01010, Time: 20.23
It: 44000, Loss: 2.090e-04, l1: 0.976, l2: 0.01008, Time: 20.26
It: 45000, Loss: 1.410e-04, l1: 0.976, l2: 0.01005, Time: 20.23
It: 46000, Loss: 1.142e-04, l1: 0.976, l2: 0.01011, Time: 20.18
It: 47000, Loss: 1.152e-04, l1: 0.976, l2: 0.01014, Time: 20.19
It: 48000, Loss: 1.118e-04, l1: 0.976, l2: 0.01014, Time: 20.23
It: 49000, Loss: 1.176e-04, l1: 0.976, l2: 0.01018, Time: 20.22
It: 50000, Loss: 1.386e-04, l1: 0.976, l2: 0.01013, Time: 20.14
Model saved to models/Re100wcp/Re100wcp_50000.npz
It: 51000, Loss: 1.261e-04, l1: 0.976, l2: 0.01017, Time: 20.14
It: 52000, Loss: 1.239e-04, l1: 0.976, l2: 0.01017, Time: 20.15
It: 53000, Loss: 1.704e-04, l1: 0.976, l2: 0.01024, Time: 20.15
It: 54000, Loss: 1.933e-04, l1: 0.976, l2: 0.01015, Time: 20.12
It: 55000, Loss: 1.905e-04, l1: 0.975, l2: 0.01023, Time: 20.23
It: 56000, Loss: 1.053e-04, l1: 0.976, l2: 0.01026, Time: 20.24
It: 57000, Loss: 1.052e-04, l1: 0.976, l2: 0.01025, Time: 20.24
It: 58000, Loss: 9.877e-05, l1: 0.976, l2: 0.01028, Time: 20.21
It: 59000, Loss: 1.001e-04, l1: 0.976, l2: 0.01029, Time: 20.26
It: 60000, Loss: 1.103e-04, l1: 0.976, l2: 0.01029, Time: 20.13
Model saved to models/Re100wcp/Re100wcp_60000.npz
It: 61000, Loss: 1.280e-04, l1: 0.976, l2: 0.01032, Time: 20.18
It: 62000, Loss: 9.733e-05, l1: 0.976, l2: 0.01031, Time: 20.20
It: 63000, Loss: 9.399e-05, l1: 0.976, l2: 0.01033, Time: 20.24
It: 64000, Loss: 9.728e-05, l1: 0.976, l2: 0.01032, Time: 20.23
It: 65000, Loss: 9.466e-05, l1: 0.976, l2: 0.01034, Time: 20.25
It: 66000, Loss: 9.316e-05, l1: 0.976, l2: 0.01033, Time: 20.34
It: 67000, Loss: 9.000e-05, l1: 0.976, l2: 0.01036, Time: 20.29
It: 68000, Loss: 9.148e-05, l1: 0.976, l2: 0.01037, Time: 20.34
It: 69000, Loss: 9.123e-05, l1: 0.976, l2: 0.01036, Time: 20.44
It: 70000, Loss: 8.929e-05, l1: 0.976, l2: 0.01038, Time: 20.48
Model saved to models/Re100wcp/Re100wcp_70000.npz
It: 71000, Loss: 2.564e-04, l1: 0.975, l2: 0.01043, Time: 20.59
It: 72000, Loss: 9.004e-05, l1: 0.975, l2: 0.01037, Time: 20.47
It: 73000, Loss: 9.586e-05, l1: 0.975, l2: 0.01042, Time: 20.45
It: 74000, Loss: 8.695e-05, l1: 0.975, l2: 0.01039, Time: 20.48
It: 75000, Loss: 8.879e-05, l1: 0.975, l2: 0.01041, Time: 20.54
It: 76000, Loss: 1.564e-04, l1: 0.975, l2: 0.01045, Time: 20.69
It: 77000, Loss: 1.315e-04, l1: 0.975, l2: 0.01044, Time: 20.96
It: 78000, Loss: 8.216e-05, l1: 0.975, l2: 0.01042, Time: 20.99
It: 79000, Loss: 3.248e-04, l1: 0.975, l2: 0.01045, Time: 20.48
It: 80000, Loss: 1.622e-04, l1: 0.975, l2: 0.01037, Time: 20.61
Model saved to models/Re100wcp/Re100wcp_80000.npz
It: 81000, Loss: 7.976e-05, l1: 0.975, l2: 0.01042, Time: 20.49
It: 82000, Loss: 9.911e-05, l1: 0.975, l2: 0.01039, Time: 20.37
It: 83000, Loss: 9.839e-05, l1: 0.975, l2: 0.01043, Time: 20.41
It: 84000, Loss: 1.381e-04, l1: 0.975, l2: 0.01033, Time: 20.42
It: 85000, Loss: 8.783e-05, l1: 0.975, l2: 0.01040, Time: 20.37
It: 86000, Loss: 7.867e-05, l1: 0.975, l2: 0.01042, Time: 20.46
It: 87000, Loss: 9.908e-05, l1: 0.975, l2: 0.01045, Time: 20.48
It: 88000, Loss: 7.512e-05, l1: 0.975, l2: 0.01041, Time: 20.50
It: 89000, Loss: 1.606e-04, l1: 0.975, l2: 0.01040, Time: 20.48
It: 90000, Loss: 1.223e-04, l1: 0.975, l2: 0.01037, Time: 20.50
Model saved to models/Re100wcp/Re100wcp_90000.npz
It: 91000, Loss: 7.596e-05, l1: 0.975, l2: 0.01042, Time: 20.74
It: 92000, Loss: 7.305e-05, l1: 0.975, l2: 0.01041, Time: 21.25
It: 93000, Loss: 7.422e-05, l1: 0.975, l2: 0.01041, Time: 21.08
It: 94000, Loss: 1.469e-04, l1: 0.974, l2: 0.01045, Time: 20.86
It: 95000, Loss: 1.156e-04, l1: 0.974, l2: 0.01044, Time: 20.44
It: 96000, Loss: 9.549e-05, l1: 0.974, l2: 0.01045, Time: 20.45
It: 97000, Loss: 7.037e-05, l1: 0.974, l2: 0.01040, Time: 20.47
It: 98000, Loss: 7.081e-05, l1: 0.974, l2: 0.01039, Time: 20.47
It: 99000, Loss: 6.932e-05, l1: 0.974, l2: 0.01039, Time: 20.46
Loss history plot saved to plots/Re100wcp_TLnyq4snap150_[1, 2]//Re100wcp_80000_TL150_loss_hist.png
Lambda history plot saved to plots/Re100wcp_TLnyq4snap150_[1, 2]//Re100wcp_80000_TL150_lambda_hist.png
Model Training Complete for 100000 iterations
Model saved to models/Re100wcp_TLnyq4snap150_[1, 2]//Re100wcp_80000_TL150_100000.npz
Model Re100wcp_80000.npz processed successfully.
Processing model: models/Re100wcp/Re100wcp_90000.npz
Model loaded from models/Re100wcp/Re100wcp_90000.npz
Frozen Layers: [1, 2]
Training Model...
It: 0, Loss: 6.115e-03, l1: 0.974, l2: 0.00937, Time: 10.64
It: 1000, Loss: 6.162e-04, l1: 0.977, l2: 0.00864, Time: 20.41
It: 2000, Loss: 5.218e-04, l1: 0.982, l2: 0.00907, Time: 20.37
It: 3000, Loss: 3.895e-04, l1: 0.984, l2: 0.00930, Time: 20.36
It: 4000, Loss: 3.446e-04, l1: 0.985, l2: 0.00940, Time: 20.40
It: 5000, Loss: 3.147e-04, l1: 0.985, l2: 0.00945, Time: 20.33
It: 6000, Loss: 2.891e-04, l1: 0.985, l2: 0.00947, Time: 20.29
It: 7000, Loss: 2.711e-04, l1: 0.985, l2: 0.00947, Time: 20.28
It: 8000, Loss: 2.566e-04, l1: 0.985, l2: 0.00946, Time: 20.28
It: 9000, Loss: 3.497e-04, l1: 0.985, l2: 0.00950, Time: 20.32
It: 10000, Loss: 3.043e-04, l1: 0.985, l2: 0.00946, Time: 20.34
Model saved to models/Re100wcp/Re100wcp_10000.npz
It: 11000, Loss: 2.232e-04, l1: 0.985, l2: 0.00942, Time: 20.36
It: 12000, Loss: 2.140e-04, l1: 0.985, l2: 0.00940, Time: 20.36
It: 13000, Loss: 2.195e-04, l1: 0.985, l2: 0.00942, Time: 20.38
It: 14000, Loss: 2.504e-04, l1: 0.985, l2: 0.00937, Time: 20.43
It: 15000, Loss: 1.993e-04, l1: 0.985, l2: 0.00931, Time: 20.41
It: 16000, Loss: 1.859e-04, l1: 0.985, l2: 0.00931, Time: 20.41
It: 17000, Loss: 2.011e-04, l1: 0.985, l2: 0.00923, Time: 20.36
It: 18000, Loss: 1.854e-04, l1: 0.984, l2: 0.00925, Time: 20.31
It: 19000, Loss: 1.705e-04, l1: 0.985, l2: 0.00921, Time: 20.41
It: 20000, Loss: 1.696e-04, l1: 0.984, l2: 0.00920, Time: 20.41
Model saved to models/Re100wcp/Re100wcp_20000.npz
It: 21000, Loss: 1.931e-04, l1: 0.984, l2: 0.00916, Time: 20.39
It: 22000, Loss: 1.841e-04, l1: 0.985, l2: 0.00911, Time: 20.36
It: 23000, Loss: 2.096e-04, l1: 0.985, l2: 0.00914, Time: 20.37
It: 24000, Loss: 2.043e-04, l1: 0.984, l2: 0.00907, Time: 20.36
It: 25000, Loss: 1.466e-04, l1: 0.985, l2: 0.00905, Time: 20.37
It: 26000, Loss: 2.524e-04, l1: 0.985, l2: 0.00899, Time: 20.35
It: 27000, Loss: 1.599e-04, l1: 0.984, l2: 0.00900, Time: 20.38
It: 28000, Loss: 1.770e-04, l1: 0.985, l2: 0.00895, Time: 20.39
It: 29000, Loss: 1.403e-04, l1: 0.985, l2: 0.00896, Time: 20.42
It: 30000, Loss: 1.654e-04, l1: 0.985, l2: 0.00896, Time: 20.35
Model saved to models/Re100wcp/Re100wcp_30000.npz
It: 31000, Loss: 1.498e-04, l1: 0.985, l2: 0.00893, Time: 20.36
It: 32000, Loss: 1.309e-04, l1: 0.985, l2: 0.00894, Time: 20.31
It: 33000, Loss: 1.407e-04, l1: 0.985, l2: 0.00884, Time: 20.35
It: 34000, Loss: 1.243e-04, l1: 0.985, l2: 0.00887, Time: 20.44
It: 35000, Loss: 1.284e-04, l1: 0.985, l2: 0.00885, Time: 20.41
It: 36000, Loss: 2.139e-04, l1: 0.985, l2: 0.00875, Time: 20.42
It: 37000, Loss: 1.200e-04, l1: 0.985, l2: 0.00884, Time: 20.45
It: 38000, Loss: 1.296e-04, l1: 0.985, l2: 0.00882, Time: 20.43
It: 39000, Loss: 1.262e-04, l1: 0.985, l2: 0.00881, Time: 20.47
It: 40000, Loss: 1.391e-04, l1: 0.985, l2: 0.00879, Time: 20.46
Model saved to models/Re100wcp/Re100wcp_40000.npz
It: 41000, Loss: 1.327e-04, l1: 0.986, l2: 0.00878, Time: 20.49
It: 42000, Loss: 1.096e-04, l1: 0.986, l2: 0.00877, Time: 20.46
It: 43000, Loss: 1.347e-04, l1: 0.986, l2: 0.00878, Time: 20.30
It: 44000, Loss: 1.079e-04, l1: 0.986, l2: 0.00874, Time: 20.22
It: 45000, Loss: 1.091e-04, l1: 0.986, l2: 0.00874, Time: 20.36
It: 46000, Loss: 1.095e-04, l1: 0.986, l2: 0.00872, Time: 20.38
It: 47000, Loss: 1.038e-04, l1: 0.986, l2: 0.00872, Time: 20.40
It: 48000, Loss: 1.023e-04, l1: 0.986, l2: 0.00870, Time: 20.42
It: 49000, Loss: 1.135e-04, l1: 0.986, l2: 0.00873, Time: 20.47
It: 50000, Loss: 1.002e-04, l1: 0.986, l2: 0.00868, Time: 20.40
Model saved to models/Re100wcp/Re100wcp_50000.npz
It: 51000, Loss: 1.585e-04, l1: 0.987, l2: 0.00866, Time: 20.39
It: 52000, Loss: 2.059e-04, l1: 0.987, l2: 0.00863, Time: 20.40
It: 53000, Loss: 1.869e-04, l1: 0.987, l2: 0.00861, Time: 20.36
It: 54000, Loss: 9.899e-05, l1: 0.987, l2: 0.00865, Time: 20.39
It: 55000, Loss: 1.733e-04, l1: 0.987, l2: 0.00851, Time: 20.41
It: 56000, Loss: 9.442e-05, l1: 0.987, l2: 0.00864, Time: 20.35
It: 57000, Loss: 9.573e-05, l1: 0.987, l2: 0.00862, Time: 20.41
It: 58000, Loss: 1.196e-04, l1: 0.987, l2: 0.00858, Time: 20.42
It: 59000, Loss: 9.263e-05, l1: 0.987, l2: 0.00862, Time: 20.34
It: 60000, Loss: 1.862e-04, l1: 0.987, l2: 0.00855, Time: 20.35
Model saved to models/Re100wcp/Re100wcp_60000.npz
It: 61000, Loss: 9.902e-05, l1: 0.987, l2: 0.00861, Time: 20.37
It: 62000, Loss: 9.043e-05, l1: 0.987, l2: 0.00860, Time: 20.37
It: 63000, Loss: 1.881e-04, l1: 0.987, l2: 0.00851, Time: 20.40
It: 64000, Loss: 9.062e-05, l1: 0.987, l2: 0.00857, Time: 20.38
It: 65000, Loss: 1.115e-04, l1: 0.987, l2: 0.00864, Time: 20.32
It: 66000, Loss: 1.167e-04, l1: 0.987, l2: 0.00856, Time: 20.35
It: 67000, Loss: 2.408e-04, l1: 0.988, l2: 0.00854, Time: 20.33
It: 68000, Loss: 1.600e-04, l1: 0.988, l2: 0.00861, Time: 20.32
It: 69000, Loss: 9.205e-05, l1: 0.988, l2: 0.00854, Time: 20.34
It: 70000, Loss: 9.996e-05, l1: 0.988, l2: 0.00859, Time: 20.32
Model saved to models/Re100wcp/Re100wcp_70000.npz
It: 71000, Loss: 1.120e-04, l1: 0.988, l2: 0.00856, Time: 20.35
It: 72000, Loss: 1.373e-04, l1: 0.988, l2: 0.00858, Time: 20.37
It: 73000, Loss: 2.633e-04, l1: 0.988, l2: 0.00858, Time: 20.38
It: 74000, Loss: 2.143e-04, l1: 0.988, l2: 0.00854, Time: 20.39
It: 75000, Loss: 8.759e-05, l1: 0.988, l2: 0.00855, Time: 20.38
It: 76000, Loss: 8.533e-05, l1: 0.988, l2: 0.00853, Time: 20.40
It: 77000, Loss: 8.765e-05, l1: 0.988, l2: 0.00855, Time: 20.36
It: 78000, Loss: 8.042e-05, l1: 0.989, l2: 0.00855, Time: 20.42
It: 79000, Loss: 8.348e-05, l1: 0.989, l2: 0.00854, Time: 20.35
It: 80000, Loss: 8.607e-05, l1: 0.989, l2: 0.00854, Time: 20.39
Model saved to models/Re100wcp/Re100wcp_80000.npz
It: 81000, Loss: 8.600e-05, l1: 0.989, l2: 0.00852, Time: 20.44
It: 82000, Loss: 1.615e-04, l1: 0.989, l2: 0.00852, Time: 20.40
It: 83000, Loss: 7.941e-05, l1: 0.989, l2: 0.00853, Time: 20.39
It: 84000, Loss: 1.178e-04, l1: 0.989, l2: 0.00852, Time: 20.41
It: 85000, Loss: 7.540e-05, l1: 0.989, l2: 0.00853, Time: 20.37
It: 86000, Loss: 1.108e-04, l1: 0.989, l2: 0.00853, Time: 20.36
It: 87000, Loss: 9.099e-05, l1: 0.989, l2: 0.00848, Time: 20.37
It: 88000, Loss: 1.102e-04, l1: 0.989, l2: 0.00848, Time: 20.40
It: 89000, Loss: 7.265e-05, l1: 0.989, l2: 0.00852, Time: 20.38
It: 90000, Loss: 7.321e-05, l1: 0.990, l2: 0.00853, Time: 20.35
Model saved to models/Re100wcp/Re100wcp_90000.npz
It: 91000, Loss: 7.156e-05, l1: 0.990, l2: 0.00852, Time: 20.39
It: 92000, Loss: 7.246e-05, l1: 0.990, l2: 0.00854, Time: 20.39
It: 93000, Loss: 7.080e-05, l1: 0.990, l2: 0.00852, Time: 20.34
It: 94000, Loss: 7.001e-05, l1: 0.990, l2: 0.00852, Time: 20.37
It: 95000, Loss: 6.992e-05, l1: 0.990, l2: 0.00853, Time: 20.42
It: 96000, Loss: 7.090e-05, l1: 0.990, l2: 0.00851, Time: 20.37
It: 97000, Loss: 1.092e-04, l1: 0.990, l2: 0.00846, Time: 20.43
It: 98000, Loss: 1.001e-04, l1: 0.990, l2: 0.00849, Time: 20.44
It: 99000, Loss: 6.798e-05, l1: 0.990, l2: 0.00851, Time: 20.46
Loss history plot saved to plots/Re100wcp_TLnyq4snap150_[1, 2]//Re100wcp_90000_TL150_loss_hist.png
Lambda history plot saved to plots/Re100wcp_TLnyq4snap150_[1, 2]//Re100wcp_90000_TL150_lambda_hist.png
Model Training Complete for 100000 iterations
Model saved to models/Re100wcp_TLnyq4snap150_[1, 2]//Re100wcp_90000_TL150_100000.npz
Model Re100wcp_90000.npz processed successfully.
==============================================================================
Running epilogue script on pink54.

Submit time  : 2025-03-25T17:45:56
Start time   : 2025-03-25T17:45:57
End time     : 2025-03-25T23:28:14
Elapsed time : 05:42:17 (Timelimit=1-12:00:00)

Job ID: 7231052
Cluster: i5
User/Group: fe1g22/pe
State: COMPLETED (exit code 0)
Nodes: 1
Cores per node: 8
CPU Utilized: 05:44:25
CPU Efficiency: 12.58% of 1-21:38:16 core-walltime
Job Wall-clock time: 05:42:17
Memory Utilized: 2.53 GB
Memory Efficiency: 0.00% of 16.00 B

